Component: ARM Compiler 5.05 update 1 (build 106) Tool: armlink [4d0efa]

==============================================================================

Section Cross References

    stm32f10x_it.o(i.USB_HP_CAN1_TX_IRQHandler) refers to stm32f10x_can.o(i.CAN_GetITStatus) for CAN_GetITStatus
    stm32f10x_it.o(i.USB_HP_CAN1_TX_IRQHandler) refers to canbus.o(i.CAN_Tx_Object_Interrupt_Handler) for CAN_Tx_Object_Interrupt_Handler
    stm32f10x_it.o(i.USB_HP_CAN1_TX_IRQHandler) refers to stm32f10x_can.o(i.CAN_ClearITPendingBit) for CAN_ClearITPendingBit
    stm32f10x_it.o(i.USB_LP_CAN1_RX0_IRQHandler) refers to stm32f10x_can.o(i.CAN_GetITStatus) for CAN_GetITStatus
    stm32f10x_it.o(i.USB_LP_CAN1_RX0_IRQHandler) refers to stm32f10x_can.o(i.CAN_Receive) for CAN_Receive
    stm32f10x_it.o(i.USB_LP_CAN1_RX0_IRQHandler) refers to canbus.o(i.CAN_Rx_Object_Push) for CAN_Rx_Object_Push
    stm32f10x_it.o(i.USB_LP_CAN1_RX0_IRQHandler) refers to stm32f10x_can.o(i.CAN_FIFORelease) for CAN_FIFORelease
    stm32f10x_it.o(i.USB_LP_CAN1_RX0_IRQHandler) refers to stm32f10x_can.o(i.CAN_ClearITPendingBit) for CAN_ClearITPendingBit
    stm32f10x_it.o(i.USB_LP_CAN1_RX0_IRQHandler) refers to stm32f10x_it.o(.bss) for CAN_Rx_Msg_Buf
    main.o(i.main) refers to bsp.o(i.BSP_Init) for BSP_Init
    main.o(i.main) refers to canbus.o(i.CanBus_Init) for CanBus_Init
    main.o(i.main) refers to canbus.o(i.CanBus_Poll) for CanBus_Poll
    main.o(i.main) refers to protocol_xmodem.o(i.ProtocolxModem_Poll) for ProtocolxModem_Poll
    main.o(i.main) refers to bsp.o(i.BSP_WatchDog_Reset) for BSP_WatchDog_Reset
    stm32f10x_rcc.o(i.RCC_GetClocksFreq) refers to stm32f10x_rcc.o(.data) for APBAHBPrescTable
    stm32f10x_rcc.o(i.RCC_WaitForHSEStartUp) refers to stm32f10x_rcc.o(i.RCC_GetFlagStatus) for RCC_GetFlagStatus
    stm32f10x_gpio.o(i.GPIO_AFIODeInit) refers to stm32f10x_rcc.o(i.RCC_APB2PeriphResetCmd) for RCC_APB2PeriphResetCmd
    stm32f10x_gpio.o(i.GPIO_DeInit) refers to stm32f10x_rcc.o(i.RCC_APB2PeriphResetCmd) for RCC_APB2PeriphResetCmd
    stm32f10x_spi.o(i.I2S_Init) refers to stm32f10x_rcc.o(i.RCC_GetClocksFreq) for RCC_GetClocksFreq
    stm32f10x_spi.o(i.SPI_I2S_DeInit) refers to stm32f10x_rcc.o(i.RCC_APB2PeriphResetCmd) for RCC_APB2PeriphResetCmd
    stm32f10x_spi.o(i.SPI_I2S_DeInit) refers to stm32f10x_rcc.o(i.RCC_APB1PeriphResetCmd) for RCC_APB1PeriphResetCmd
    stm32f10x_usart.o(i.USART_DeInit) refers to stm32f10x_rcc.o(i.RCC_APB2PeriphResetCmd) for RCC_APB2PeriphResetCmd
    stm32f10x_usart.o(i.USART_DeInit) refers to stm32f10x_rcc.o(i.RCC_APB1PeriphResetCmd) for RCC_APB1PeriphResetCmd
    stm32f10x_usart.o(i.USART_Init) refers to stm32f10x_rcc.o(i.RCC_GetClocksFreq) for RCC_GetClocksFreq
    stm32f10x_i2c.o(i.I2C_DeInit) refers to stm32f10x_rcc.o(i.RCC_APB1PeriphResetCmd) for RCC_APB1PeriphResetCmd
    stm32f10x_i2c.o(i.I2C_Init) refers to stm32f10x_rcc.o(i.RCC_GetClocksFreq) for RCC_GetClocksFreq
    stm32f10x_adc.o(i.ADC_DeInit) refers to stm32f10x_rcc.o(i.RCC_APB2PeriphResetCmd) for RCC_APB2PeriphResetCmd
    stm32f10x_bkp.o(i.BKP_DeInit) refers to stm32f10x_rcc.o(i.RCC_BackupResetCmd) for RCC_BackupResetCmd
    stm32f10x_can.o(i.CAN_DeInit) refers to stm32f10x_rcc.o(i.RCC_APB1PeriphResetCmd) for RCC_APB1PeriphResetCmd
    stm32f10x_can.o(i.CAN_GetITStatus) refers to stm32f10x_can.o(i.CheckITStatus) for CheckITStatus
    stm32f10x_cec.o(i.CEC_DeInit) refers to stm32f10x_rcc.o(i.RCC_APB1PeriphResetCmd) for RCC_APB1PeriphResetCmd
    stm32f10x_dac.o(i.DAC_DeInit) refers to stm32f10x_rcc.o(i.RCC_APB1PeriphResetCmd) for RCC_APB1PeriphResetCmd
    stm32f10x_flash.o(i.FLASH_EnableWriteProtection) refers to stm32f10x_flash.o(i.FLASH_WaitForLastOperation) for FLASH_WaitForLastOperation
    stm32f10x_flash.o(i.FLASH_EraseAllBank1Pages) refers to stm32f10x_flash.o(i.FLASH_WaitForLastBank1Operation) for FLASH_WaitForLastBank1Operation
    stm32f10x_flash.o(i.FLASH_EraseAllPages) refers to stm32f10x_flash.o(i.FLASH_WaitForLastOperation) for FLASH_WaitForLastOperation
    stm32f10x_flash.o(i.FLASH_EraseOptionBytes) refers to stm32f10x_flash.o(i.FLASH_GetReadOutProtectionStatus) for FLASH_GetReadOutProtectionStatus
    stm32f10x_flash.o(i.FLASH_EraseOptionBytes) refers to stm32f10x_flash.o(i.FLASH_WaitForLastOperation) for FLASH_WaitForLastOperation
    stm32f10x_flash.o(i.FLASH_ErasePage) refers to stm32f10x_flash.o(i.FLASH_WaitForLastOperation) for FLASH_WaitForLastOperation
    stm32f10x_flash.o(i.FLASH_ProgramHalfWord) refers to stm32f10x_flash.o(i.FLASH_WaitForLastOperation) for FLASH_WaitForLastOperation
    stm32f10x_flash.o(i.FLASH_ProgramOptionByteData) refers to stm32f10x_flash.o(i.FLASH_WaitForLastOperation) for FLASH_WaitForLastOperation
    stm32f10x_flash.o(i.FLASH_ProgramWord) refers to stm32f10x_flash.o(i.FLASH_WaitForLastOperation) for FLASH_WaitForLastOperation
    stm32f10x_flash.o(i.FLASH_ReadOutProtection) refers to stm32f10x_flash.o(i.FLASH_WaitForLastOperation) for FLASH_WaitForLastOperation
[...]
    Removing stm32f10x_dac.o(i.DAC_Cmd), (40 bytes).
    Removing stm32f10x_dac.o(i.DAC_DMACmd), (44 bytes).
    Removing stm32f10x_dac.o(i.DAC_DeInit), (22 bytes).
    Removing stm32f10x_dac.o(i.DAC_DualSoftwareTriggerCmd), (36 bytes).
    Removing stm32f10x_dac.o(i.DAC_GetDataOutputValue), (36 bytes).
    Removing stm32f10x_dac.o(i.DAC_Init), (52 bytes).
    Removing stm32f10x_dac.o(i.DAC_SetChannel1Data), (32 bytes).
    Removing stm32f10x_dac.o(i.DAC_SetChannel2Data), (32 bytes).
    Removing stm32f10x_dac.o(i.DAC_SetDualChannelData), (36 bytes).
    Removing stm32f10x_dac.o(i.DAC_SoftwareTriggerCmd), (44 bytes).
    Removing stm32f10x_dac.o(i.DAC_StructInit), (12 bytes).
    Removing stm32f10x_dac.o(i.DAC_WaveGenerationCmd), (40 bytes).
    Removing stm32f10x_dbgmcu.o(i.DBGMCU_Config), (32 bytes).
    Removing stm32f10x_dbgmcu.o(i.DBGMCU_GetDEVID), (16 bytes).
    Removing stm32f10x_dbgmcu.o(i.DBGMCU_GetREVID), (12 bytes).
    Removing stm32f10x_flash.o(i.FLASH_EnableWriteProtection), (196 bytes).
    Removing stm32f10x_flash.o(i.FLASH_EraseAllBank1Pages), (72 bytes).
    Removing stm32f10x_flash.o(i.FLASH_EraseAllPages), (72 bytes).
    Removing stm32f10x_flash.o(i.FLASH_EraseOptionBytes), (168 bytes).
    Removing stm32f10x_flash.o(i.FLASH_GetFlagStatus), (48 bytes).
    Removing stm32f10x_flash.o(i.FLASH_GetPrefetchBufferStatus), (24 bytes).
    Removing stm32f10x_flash.o(i.FLASH_GetReadOutProtectionStatus), (24 bytes).
    Removing stm32f10x_flash.o(i.FLASH_GetStatus), (52 bytes).
    Removing stm32f10x_flash.o(i.FLASH_GetUserOptionByte), (12 bytes).
    Removing stm32f10x_flash.o(i.FLASH_GetWriteProtectionOptionByte), (12 bytes).
    Removing stm32f10x_flash.o(i.FLASH_HalfCycleAccessCmd), (28 bytes).
    Removing stm32f10x_flash.o(i.FLASH_ITConfig), (32 bytes).
    Removing stm32f10x_flash.o(i.FLASH_LockBank1), (20 bytes).
    Removing stm32f10x_flash.o(i.FLASH_PrefetchBufferCmd), (28 bytes).
    Removing stm32f10x_flash.o(i.FLASH_ProgramHalfWord), (64 bytes).
    Removing stm32f10x_flash.o(i.FLASH_ProgramOptionByteData), (84 bytes).
    Removing stm32f10x_flash.o(i.FLASH_ReadOutProtection), (172 bytes).
    Removing stm32f10x_flash.o(i.FLASH_SetLatency), (24 bytes).
    Removing stm32f10x_flash.o(i.FLASH_UnlockBank1), (24 bytes).
    Removing stm32f10x_flash.o(i.FLASH_UserOptionByteConfig), (104 bytes).
    Removing stm32f10x_flash.o(i.FLASH_WaitForLastBank1Operation), (38 bytes).
    Removing stm32f10x_iwdg.o(i.IWDG_GetFlagStatus), (24 bytes).
    Removing stm32f10x_pwr.o(i.PWR_BackupAccessCmd), (12 bytes).
    Removing stm32f10x_pwr.o(i.PWR_ClearFlag), (20 bytes).
    Removing stm32f10x_pwr.o(i.PWR_DeInit), (22 bytes).
    Removing stm32f10x_pwr.o(i.PWR_EnterSTANDBYMode), (52 bytes).
    Removing stm32f10x_pwr.o(i.PWR_EnterSTOPMode), (64 bytes).
    Removing stm32f10x_pwr.o(i.PWR_GetFlagStatus), (24 bytes).
    Removing stm32f10x_pwr.o(i.PWR_PVDCmd), (12 bytes).
    Removing stm32f10x_pwr.o(i.PWR_PVDLevelConfig), (24 bytes).
    Removing stm32f10x_pwr.o(i.PWR_WakeUpPinCmd), (12 bytes).
    Removing stm32f10x_rtc.o(i.RTC_ClearFlag), (16 bytes).
    Removing stm32f10x_rtc.o(i.RTC_ClearITPendingBit), (16 bytes).
    Removing stm32f10x_rtc.o(i.RTC_EnterConfigMode), (20 bytes).
    Removing stm32f10x_rtc.o(i.RTC_ExitConfigMode), (20 bytes).
    Removing stm32f10x_rtc.o(i.RTC_GetCounter), (20 bytes).
    Removing stm32f10x_rtc.o(i.RTC_GetDivider), (24 bytes).
    Removing stm32f10x_rtc.o(i.RTC_GetFlagStatus), (24 bytes).
    Removing stm32f10x_rtc.o(i.RTC_GetITStatus), (36 bytes).
    Removing stm32f10x_rtc.o(i.RTC_ITConfig), (32 bytes).
    Removing stm32f10x_rtc.o(i.RTC_SetAlarm), (28 bytes).
    Removing stm32f10x_rtc.o(i.RTC_SetCounter), (28 bytes).
    Removing stm32f10x_rtc.o(i.RTC_SetPrescaler), (32 bytes).
    Removing stm32f10x_rtc.o(i.RTC_WaitForLastTask), (20 bytes).
    Removing stm32f10x_rtc.o(i.RTC_WaitForSynchro), (36 bytes).
    Removing stm32f10x_tim.o(i.TI1_Config), (128 bytes).
    Removing stm32f10x_tim.o(i.TI2_Config), (152 bytes).
    Removing stm32f10x_tim.o(i.TI3_Config), (144 bytes).
    Removing stm32f10x_tim.o(i.TI4_Config), (152 bytes).
    Removing stm32f10x_tim.o(i.TIM_ARRPreloadConfig), (24 bytes).
    Removing stm32f10x_tim.o(i.TIM_BDTRConfig), (32 bytes).
    Removing stm32f10x_tim.o(i.TIM_BDTRStructInit), (18 bytes).
    Removing stm32f10x_tim.o(i.TIM_CCPreloadControl), (24 bytes).
    Removing stm32f10x_tim.o(i.TIM_CCxCmd), (30 bytes).
    Removing stm32f10x_tim.o(i.TIM_CCxNCmd), (30 bytes).
    Removing stm32f10x_tim.o(i.TIM_ClearFlag), (6 bytes).
    Removing stm32f10x_tim.o(i.TIM_ClearITPendingBit), (6 bytes).
    Removing stm32f10x_tim.o(i.TIM_ClearOC1Ref), (18 bytes).
    Removing stm32f10x_tim.o(i.TIM_ClearOC2Ref), (24 bytes).
    Removing stm32f10x_tim.o(i.TIM_ClearOC3Ref), (18 bytes).
    Removing stm32f10x_tim.o(i.TIM_ClearOC4Ref), (24 bytes).
    Removing stm32f10x_tim.o(i.TIM_Cmd), (24 bytes).
    Removing stm32f10x_tim.o(i.TIM_CounterModeConfig), (18 bytes).
    Removing stm32f10x_tim.o(i.TIM_CtrlPWMOutputs), (30 bytes).
    Removing stm32f10x_tim.o(i.TIM_DMACmd), (18 bytes).
    Removing stm32f10x_tim.o(i.TIM_DMAConfig), (10 bytes).
    Removing stm32f10x_tim.o(i.TIM_DeInit), (488 bytes).
    Removing stm32f10x_tim.o(i.TIM_ETRClockMode1Config), (54 bytes).
    Removing stm32f10x_tim.o(i.TIM_ETRClockMode2Config), (32 bytes).
    Removing stm32f10x_tim.o(i.TIM_ETRConfig), (28 bytes).
    Removing stm32f10x_tim.o(i.TIM_EncoderInterfaceConfig), (66 bytes).
    Removing stm32f10x_tim.o(i.TIM_ForcedOC1Config), (18 bytes).
    Removing stm32f10x_tim.o(i.TIM_ForcedOC2Config), (26 bytes).
    Removing stm32f10x_tim.o(i.TIM_ForcedOC3Config), (18 bytes).
    Removing stm32f10x_tim.o(i.TIM_ForcedOC4Config), (26 bytes).
    Removing stm32f10x_tim.o(i.TIM_GenerateEvent), (4 bytes).
    Removing stm32f10x_tim.o(i.TIM_GetCapture1), (6 bytes).
    Removing stm32f10x_tim.o(i.TIM_GetCapture2), (6 bytes).
    Removing stm32f10x_tim.o(i.TIM_GetCapture3), (6 bytes).
    Removing stm32f10x_tim.o(i.TIM_GetCapture4), (8 bytes).
    Removing stm32f10x_tim.o(i.TIM_GetCounter), (6 bytes).
    Removing stm32f10x_tim.o(i.TIM_GetFlagStatus), (18 bytes).
    Removing stm32f10x_tim.o(i.TIM_GetITStatus), (34 bytes).
    Removing stm32f10x_tim.o(i.TIM_GetPrescaler), (6 bytes).
    Removing stm32f10x_tim.o(i.TIM_ICInit), (172 bytes).
    Removing stm32f10x_tim.o(i.TIM_ICStructInit), (18 bytes).
    Removing stm32f10x_tim.o(i.TIM_ITConfig), (18 bytes).
    Removing stm32f10x_tim.o(i.TIM_ITRxExternalClockConfig), (24 bytes).
    Removing stm32f10x_tim.o(i.TIM_InternalClockConfig), (12 bytes).
    Removing stm32f10x_tim.o(i.TIM_OC1FastConfig), (18 bytes).
    Removing stm32f10x_tim.o(i.TIM_OC1Init), (152 bytes).
    Removing stm32f10x_tim.o(i.TIM_OC1NPolarityConfig), (18 bytes).
    Removing stm32f10x_tim.o(i.TIM_OC1PolarityConfig), (18 bytes).
    Removing stm32f10x_tim.o(i.TIM_OC1PreloadConfig), (18 bytes).
    Removing stm32f10x_tim.o(i.TIM_OC2FastConfig), (26 bytes).
    Removing stm32f10x_tim.o(i.TIM_OC2Init), (164 bytes).
    Removing stm32f10x_tim.o(i.TIM_OC2NPolarityConfig), (26 bytes).
    Removing stm32f10x_tim.o(i.TIM_OC2PolarityConfig), (26 bytes).
    Removing stm32f10x_tim.o(i.TIM_OC2PreloadConfig), (26 bytes).
    Removing stm32f10x_tim.o(i.TIM_OC3FastConfig), (18 bytes).
    Removing stm32f10x_tim.o(i.TIM_OC3Init), (160 bytes).
    Removing stm32f10x_tim.o(i.TIM_OC3NPolarityConfig), (26 bytes).
    Removing stm32f10x_tim.o(i.TIM_OC3PolarityConfig), (26 bytes).
    Removing stm32f10x_tim.o(i.TIM_OC3PreloadConfig), (18 bytes).
    Removing stm32f10x_tim.o(i.TIM_OC4FastConfig), (26 bytes).
    Removing stm32f10x_tim.o(i.TIM_OC4Init), (124 bytes).
    Removing stm32f10x_tim.o(i.TIM_OC4PolarityConfig), (26 bytes).
    Removing stm32f10x_tim.o(i.TIM_OC4PreloadConfig), (26 bytes).
    Removing stm32f10x_tim.o(i.TIM_OCStructInit), (20 bytes).
    Removing stm32f10x_tim.o(i.TIM_PWMIConfig), (124 bytes).
    Removing stm32f10x_tim.o(i.TIM_PrescalerConfig), (6 bytes).
    Removing stm32f10x_tim.o(i.TIM_SelectCCDMA), (24 bytes).
    Removing stm32f10x_tim.o(i.TIM_SelectCOM), (24 bytes).
    Removing stm32f10x_tim.o(i.TIM_SelectHallSensor), (24 bytes).
    Removing stm32f10x_tim.o(i.TIM_SelectInputTrigger), (18 bytes).
    Removing stm32f10x_tim.o(i.TIM_SelectMasterSlaveMode), (18 bytes).
    Removing stm32f10x_tim.o(i.TIM_SelectOCxM), (82 bytes).
    Removing stm32f10x_tim.o(i.TIM_SelectOnePulseMode), (18 bytes).
    Removing stm32f10x_tim.o(i.TIM_SelectOutputTrigger), (18 bytes).
    Removing stm32f10x_tim.o(i.TIM_SelectSlaveMode), (18 bytes).
    Removing stm32f10x_tim.o(i.TIM_SetAutoreload), (4 bytes).
    Removing stm32f10x_tim.o(i.TIM_SetClockDivision), (18 bytes).
    Removing stm32f10x_tim.o(i.TIM_SetCompare1), (4 bytes).
    Removing stm32f10x_tim.o(i.TIM_SetCompare2), (4 bytes).
    Removing stm32f10x_tim.o(i.TIM_SetCompare3), (4 bytes).
    Removing stm32f10x_tim.o(i.TIM_SetCompare4), (6 bytes).
    Removing stm32f10x_tim.o(i.TIM_SetCounter), (4 bytes).
    Removing stm32f10x_tim.o(i.TIM_SetIC1Prescaler), (18 bytes).
    Removing stm32f10x_tim.o(i.TIM_SetIC2Prescaler), (26 bytes).
    Removing stm32f10x_tim.o(i.TIM_SetIC3Prescaler), (18 bytes).
    Removing stm32f10x_tim.o(i.TIM_SetIC4Prescaler), (26 bytes).
    Removing stm32f10x_tim.o(i.TIM_TIxExternalClockConfig), (62 bytes).
    Removing stm32f10x_tim.o(i.TIM_TimeBaseInit), (164 bytes).
    Removing stm32f10x_tim.o(i.TIM_TimeBaseStructInit), (18 bytes).
    Removing stm32f10x_tim.o(i.TIM_UpdateDisableConfig), (24 bytes).
    Removing stm32f10x_tim.o(i.TIM_UpdateRequestConfig), (24 bytes).
    Removing stm32f10x_wwdg.o(i.WWDG_ClearFlag), (12 bytes).
    Removing stm32f10x_wwdg.o(i.WWDG_DeInit), (22 bytes).
    Removing stm32f10x_wwdg.o(i.WWDG_Enable), (16 bytes).
    Removing stm32f10x_wwdg.o(i.WWDG_EnableIT), (12 bytes).
    Removing stm32f10x_wwdg.o(i.WWDG_GetFlagStatus), (12 bytes).
    Removing stm32f10x_wwdg.o(i.WWDG_SetCounter), (16 bytes).
    Removing stm32f10x_wwdg.o(i.WWDG_SetPrescaler), (24 bytes).
    Removing stm32f10x_wwdg.o(i.WWDG_SetWindowValue), (40 bytes).
    Removing system_stm32f10x.o(i.SystemCoreClockUpdate), (164 bytes).
    Removing bsp_flash.o(i.BSP_Flash_ReadPage), (40 bytes).
    Removing bsp_flash.o(i.BSP_Flash_WriteWordFormBuf), (56 bytes).
    Removing bsp_gpio.o(i.LED1_ON), (20 bytes).
    Removing bsp_gpio.o(i.LED1_Reversal), (40 bytes).
    Removing bsp_gpio.o(i.OUT1_OFF), (16 bytes).
    Removing bsp_gpio.o(i.OUT1_ON), (16 bytes).
    Removing bsp_gpio.o(i.OUT2_OFF), (16 bytes).
    Removing bsp_gpio.o(i.OUT2_ON), (16 bytes).
    Removing bsp_gpio.o(i.OUT3_OFF), (16 bytes).
    Removing bsp_gpio.o(i.OUT3_ON), (16 bytes).
    Removing bsp_gpio.o(i.OUT4_OFF), (16 bytes).
    Removing bsp_gpio.o(i.OUT4_ON), (16 bytes).
    Removing bsp_systick.o(i.BSP_SysTick_OverTime), (24 bytes).
    Removing bsp_systick.o(i.BSP_SysTick_OverTime_Reset), (12 bytes).
    Removing protocol_xmodem.o(i.ProtocolxModem_Init), (2 bytes).
    Removing lib_blockdelay.o(i.delay_ms), (24 bytes).
    Removing lib_blockdelay.o(i.delay_s), (24 bytes).
    Removing lib_blockdelay.o(i.delay_us), (44 bytes).
    Removing lib_userglobal.o(i.GetChkSum), (28 bytes).
    Removing lib_userglobal.o(i.MemCompare), (36 bytes).
    Removing lib_userglobal.o(i.MemCopy), (24 bytes).
    Removing lib_userglobal.o(i.abs16), (18 bytes).
    Removing lib_userglobal.o(i.abs32), (14 bytes).
    Removing queue_list.o(i.Delete_Queue), (32 bytes).
    Removing queue_list.o(i.Empty_Queue), (60 bytes).
    Removing queue_list.o(i.Node_Remove), (84 bytes).
    Removing queue_list.o(i.Queue_Count), (6 bytes).
    Removing queue_list.o(i.Queue_Find_Node), (58 bytes).
    Removing queue_list.o(i.Queue_Traverse), (42 bytes).

470 unused section(s) (total 17406 bytes) removed from the image.

==============================================================================

Image Symbol Table

    Local Symbols

    Symbol Name                              Value     Ov Type        Size  Object(Section)

    ../clib/angel/boardlib.s                 0x00000000   Number         0  boardinit3.o ABSOLUTE
    ../clib/angel/boardlib.s                 0x00000000   Number         0  boardshut.o ABSOLUTE
    ../clib/angel/boardlib.s                 0x00000000   Number         0  boardinit1.o ABSOLUTE
    ../clib/angel/boardlib.s                 0x00000000   Number         0  boardinit2.o ABSOLUTE
    ../clib/angel/handlers.s                 0x00000000   Number         0  __scatter_copy.o ABSOLUTE
    ../clib/angel/handlers.s                 0x00000000   Number         0  __scatter_zi.o ABSOLUTE
    ../clib/angel/kernel.s                   0x00000000   Number         0  rtexit2.o ABSOLUTE
    ../clib/angel/kernel.s                   0x00000000   Number         0  __rtentry2.o ABSOLUTE
    ../clib/angel/kernel.s                   0x00000000   Number         0  __rtentry.o ABSOLUTE
    ../clib/angel/kernel.s                   0x00000000   Number         0  rtexit.o ABSOLUTE
    ../clib/angel/kernel.s                   0x00000000   Number         0  __rtentry4.o ABSOLUTE
    ../clib/angel/rt.s                       0x00000000   Number         0  rt_raise.o ABSOLUTE
    ../clib/angel/rt.s                       0x00000000   Number         0  rt_heap_descriptor_intlibspace.o ABSOLUTE
    ../clib/angel/rt.s                       0x00000000   Number         0  rt_heap_descriptor.o ABSOLUTE
    ../clib/angel/scatter.s                  0x00000000   Number         0  __scatter.o ABSOLUTE
    ../clib/angel/startup.s                  0x00000000   Number         0  __main.o ABSOLUTE
    ../clib/angel/sys.s                      0x00000000   Number         0  libspace.o ABSOLUTE
    ../clib/angel/sys.s                      0x00000000   Number         0  indicate_semi.o ABSOLUTE
    ../clib/angel/sys.s                      0x00000000   Number         0  sys_stackheap_outer.o ABSOLUTE
    ../clib/angel/sys.s                      0x00000000   Number         0  use_no_semi.o ABSOLUTE
    ../clib/angel/sys.s                      0x00000000   Number         0  mutex_dummy.o ABSOLUTE
    ../clib/angel/sysapp.c                   0x00000000   Number         0  sys_exit.o ABSOLUTE
    ../clib/angel/sysapp.c                   0x00000000   Number         0  sys_wrch.o ABSOLUTE
    ../clib/angel/sysapp.c                   0x00000000   Number         0  sys_command.o ABSOLUTE
    ../clib/armsys.c                         0x00000000   Number         0  no_argv.o ABSOLUTE
    ../clib/armsys.c                         0x00000000   Number         0  _get_argv_nomalloc.o ABSOLUTE
    ../clib/armsys.c                         0x00000000   Number         0  _get_argv.o ABSOLUTE
    ../clib/armsys.c                         0x00000000   Number         0  argv_veneer.o ABSOLUTE
    ../clib/armsys.c                         0x00000000   Number         0  argv_veneer.o ABSOLUTE
    ../clib/heap1.c                          0x00000000   Number         0  h1_final_mt.o ABSOLUTE
    ../clib/heap1.c                          0x00000000   Number         0  h1_free.o ABSOLUTE
    ../clib/heap1.c                          0x00000000   Number         0  h1_extend_mt.o ABSOLUTE
    ../clib/heap1.c                          0x00000000   Number         0  h1_extend.o ABSOLUTE
    ../clib/heap1.c                          0x00000000   Number         0  h1_init_mt.o ABSOLUTE
    ../clib/heap1.c                          0x00000000   Number         0  h1_init.o ABSOLUTE
    ../clib/heap1.c                          0x00000000   Number         0  h1_free_mt.o ABSOLUTE
    ../clib/heap1.c                          0x00000000   Number         0  h1_alloc_mt.o ABSOLUTE
    ../clib/heap1.c                          0x00000000   Number         0  h1_final.o ABSOLUTE
    ../clib/heap1.c                          0x00000000   Number         0  h1_alloc.o ABSOLUTE
    ../clib/heap2.c                          0x00000000   Number         0  heap2mt.o ABSOLUTE
    ../clib/heap2.c                          0x00000000   Number         0  heap2.o ABSOLUTE
    ../clib/heap2.c                          0x00000000   Number         0  fdtree.o ABSOLUTE
    ../clib/heapalloc.c                      0x00000000   Number         0  free.o ABSOLUTE
    ../clib/heapalloc.c                      0x00000000   Number         0  init_alloc.o ABSOLUTE
    ../clib/heapalloc.c                      0x00000000   Number         0  heapstubs.o ABSOLUTE
    ../clib/heapalloc.c                      0x00000000   Number         0  hguard.o ABSOLUTE
    ../clib/heapalloc.c                      0x00000000   Number         0  maybetermalloc2.o ABSOLUTE
    ../clib/heapalloc.c                      0x00000000   Number         0  maybetermalloc2.o ABSOLUTE
    ../clib/heapalloc.c                      0x00000000   Number         0  maybetermalloc1.o ABSOLUTE
    ../clib/heapalloc.c                      0x00000000   Number         0  hrguard.o ABSOLUTE
    ../clib/heapalloc.c                      0x00000000   Number         0  malloc.o ABSOLUTE
    ../clib/heapalloc.c                      0x00000000   Number         0  maybetermalloc1.o ABSOLUTE
    ../clib/heapalloc.c                      0x00000000   Number         0  term_alloc.o ABSOLUTE
    ../clib/heapaux.c                        0x00000000   Number         0  heapauxi.o ABSOLUTE
    ../clib/heapaux.c                        0x00000000   Number         0  heapauxa.o ABSOLUTE
    ../clib/libinit.s                        0x00000000   Number         0  libinit.o ABSOLUTE
    ../clib/libinit.s                        0x00000000   Number         0  libshutdown2.o ABSOLUTE
    ../clib/libinit.s                        0x00000000   Number         0  libshutdown.o ABSOLUTE
    ../clib/libinit.s                        0x00000000   Number         0  libinit2.o ABSOLUTE
    ../clib/memcpset.s                       0x00000000   Number         0  rt_memcpy_v6.o ABSOLUTE
    ../clib/memcpset.s                       0x00000000   Number         0  rt_memcpy_w.o ABSOLUTE
    ../clib/signal.c                         0x00000000   Number         0  defsig_rtmem_inner.o ABSOLUTE
    ../clib/signal.c                         0x00000000   Number         0  defsig_abrt_inner.o ABSOLUTE
    ../clib/signal.c                         0x00000000   Number         0  defsig_fpe_inner.o ABSOLUTE
    ../clib/signal.c                         0x00000000   Number         0  defsig_rtred_inner.o ABSOLUTE
    ../clib/signal.c                         0x00000000   Number         0  defsig_stak_inner.o ABSOLUTE
    ../clib/signal.c                         0x00000000   Number         0  defsig_pvfn_inner.o ABSOLUTE
    ../clib/signal.c                         0x00000000   Number         0  defsig_cppl_inner.o ABSOLUTE
    ../clib/signal.c                         0x00000000   Number         0  defsig_segv_inner.o ABSOLUTE
    ../clib/signal.c                         0x00000000   Number         0  defsig_other.o ABSOLUTE
    ../clib/signal.c                         0x00000000   Number         0  defsig_exit.o ABSOLUTE
    ../clib/signal.c                         0x00000000   Number         0  defsig_rtmem_outer.o ABSOLUTE
    ../clib/signal.c                         0x00000000   Number         0  defsig_rtmem_formal.o ABSOLUTE
    ../clib/signal.c                         0x00000000   Number         0  defsig_general.o ABSOLUTE
    ../clib/signal.c                         0x00000000   Number         0  __raise.o ABSOLUTE
    ../clib/signal.s                         0x00000000   Number         0  defsig.o ABSOLUTE
    ../clib/stdlib.c                         0x00000000   Number         0  exit.o ABSOLUTE
    ../fplib/fpinit.s                        0x00000000   Number         0  fpinit.o ABSOLUTE
    ..\..\..\Libraries\CMSIS\CM3\CoreSupport\core_cm3.c 0x00000000   Number         0  core_cm3.o ABSOLUTE
    ..\..\..\Libraries\CMSIS\CM3\DeviceSupport\ST\STM32F10x\startup\arm\startup_stm32f10x_md.s 0x00000000   Number         0  startup_stm32f10x_md.o ABSOLUTE
    ..\..\..\Libraries\STM32F10x_StdPeriph_Driver\src\misc.c 0x00000000   Number         0  misc.o ABSOLUTE
    ..\..\..\Libraries\STM32F10x_StdPeriph_Driver\src\stm32f10x_adc.c 0x00000000   Number         0  stm32f10x_adc.o ABSOLUTE
    ..\..\..\Libraries\STM32F10x_StdPeriph_Driver\src\stm32f10x_bkp.c 0x00000000   Number         0  stm32f10x_bkp.o ABSOLUTE
    ..\..\..\Libraries\STM32F10x_StdPeriph_Driver\src\stm32f10x_can.c 0x00000000   Number         0  stm32f10x_can.o ABSOLUTE
    ..\..\..\Libraries\STM32F10x_StdPeriph_Driver\src\stm32f10x_cec.c 0x00000000   Number         0  stm32f10x_cec.o ABSOLUTE
    ..\..\..\Libraries\STM32F10x_StdPeriph_Driver\src\stm32f10x_crc.c 0x00000000   Number         0  stm32f10x_crc.o ABSOLUTE
    ..\..\..\Libraries\STM32F10x_StdPeriph_Driver\src\stm32f10x_dac.c 0x00000000   Number         0  stm32f10x_dac.o ABSOLUTE
    ..\..\..\Libraries\STM32F10x_StdPeriph_Driver\src\stm32f10x_dbgmcu.c 0x00000000   Number         0  stm32f10x_dbgmcu.o ABSOLUTE
    ..\..\..\Libraries\STM32F10x_StdPeriph_Driver\src\stm32f10x_dma.c 0x00000000   Number         0  stm32f10x_dma.o ABSOLUTE
    ..\..\..\Libraries\STM32F10x_StdPeriph_Driver\src\stm32f10x_exti.c 0x00000000   Number         0  stm32f10x_exti.o ABSOLUTE
    ..\..\..\Libraries\STM32F10x_StdPeriph_Driver\src\stm32f10x_flash.c 0x00000000   Number         0  stm32f10x_flash.o ABSOLUTE
    ..\..\..\Libraries\STM32F10x_StdPeriph_Driver\src\stm32f10x_fsmc.c 0x00000000   Number         0  stm32f10x_fsmc.o ABSOLUTE
    ..\..\..\Libraries\STM32F10x_StdPeriph_Driver\src\stm32f10x_gpio.c 0x00000000   Number         0  stm32f10x_gpio.o ABSOLUTE
    ..\..\..\Libraries\STM32F10x_StdPeriph_Driver\src\stm32f10x_i2c.c 0x00000000   Number         0  stm32f10x_i2c.o ABSOLUTE
    ..\..\..\Libraries\STM32F10x_StdPeriph_Driver\src\stm32f10x_iwdg.c 0x00000000   Number         0  stm32f10x_iwdg.o ABSOLUTE
    ..\..\..\Libraries\STM32F10x_StdPeriph_Driver\src\stm32f10x_pwr.c 0x00000000   Number         0  stm32f10x_pwr.o ABSOLUTE
    ..\..\..\Libraries\STM32F10x_StdPeriph_Driver\src\stm32f10x_rcc.c 0x00000000   Number         0  stm32f10x_rcc.o ABSOLUTE
    ..\..\..\Libraries\STM32F10x_StdPeriph_Driver\src\stm32f10x_rtc.c 0x00000000   Number         0  stm32f10x_rtc.o ABSOLUTE
    ..\..\..\Libraries\STM32F10x_StdPeriph_Driver\src\stm32f10x_sdio.c 0x00000000   Number         0  stm32f10x_sdio.o ABSOLUTE
    ..\..\..\Libraries\STM32F10x_StdPeriph_Driver\src\stm32f10x_spi.c 0x00000000   Number         0  stm32f10x_spi.o ABSOLUTE
    ..\..\..\Libraries\STM32F10x_StdPeriph_Driver\src\stm32f10x_tim.c 0x00000000   Number         0  stm32f10x_tim.o ABSOLUTE
    ..\..\..\Libraries\STM32F10x_StdPeriph_Driver\src\stm32f10x_usart.c 0x00000000   Number         0  stm32f10x_usart.o ABSOLUTE
    ..\..\..\Libraries\STM32F10x_StdPeriph_Driver\src\stm32f10x_wwdg.c 0x00000000   Number         0  stm32f10x_wwdg.o ABSOLUTE
    ..\..\..\Utilities\Queue_List\src\Queue_List.c 0x00000000   Number         0  queue_list.o ABSOLUTE
    ..\BSP\Src\BSP.c                         0x00000000   Number         0  bsp.o ABSOLUTE
    ..\BSP\Src\BSP_Flash.c                   0x00000000   Number         0  bsp_flash.o ABSOLUTE
    ..\BSP\Src\BSP_SysTick.c                 0x00000000   Number         0  bsp_systick.o ABSOLUTE
    ..\BSP\Src\BSP_can.c                     0x00000000   Number         0  bsp_can.o ABSOLUTE
    ..\BSP\Src\BSP_gpio.c                    0x00000000   Number         0  bsp_gpio.o ABSOLUTE
    ..\CanBUs\CanBus.c                       0x00000000   Number         0  canbus.o ABSOLUTE
    ..\CanBUs\Protocol_xModem.c              0x00000000   Number         0  protocol_xmodem.o ABSOLUTE
    ..\Lib\Lib_BlockDelay.c                  0x00000000   Number         0  lib_blockdelay.o ABSOLUTE
    ..\Lib\Lib_UserGlobal.C                  0x00000000   Number         0  lib_userglobal.o ABSOLUTE
    ..\\..\\..\\Libraries\\CMSIS\\CM3\\CoreSupport\\core_cm3.c 0x00000000   Number         0  core_cm3.o ABSOLUTE
    ..\main.c                                0x00000000   Number         0  main.o ABSOLUTE
    ..\stm32f10x_it.c                        0x00000000   Number         0  stm32f10x_it.o ABSOLUTE
    ..\system_stm32f10x.c                    0x00000000   Number         0  system_stm32f10x.o ABSOLUTE
    dc.s                                     0x00000000   Number         0  dc.o ABSOLUTE
    RESET                                    0x08000000   Section      236  startup_stm32f10x_md.o(RESET)
    !!!main                                  0x080000ec   Section        8  __main.o(!!!main)
    !!!scatter                               0x080000f4   Section       52  __scatter.o(!!!scatter)
    !!handler_copy                           0x08000128   Section       26  __scatter_copy.o(!!handler_copy)
    !!handler_zi                             0x08000144   Section       28  __scatter_zi.o(!!handler_zi)
    .ARM.Collect$$libinit$$00000000          0x08000160   Section        2  libinit.o(.ARM.Collect$$libinit$$00000000)
    .ARM.Collect$$libinit$$00000002          0x08000162   Section        0  libinit2.o(.ARM.Collect$$libinit$$00000002)
    .ARM.Collect$$libinit$$00000004          0x08000162   Section        0  libinit2.o(.ARM.Collect$$libinit$$00000004)
    .ARM.Collect$$libinit$$00000005          0x08000162   Section        8  libinit2.o(.ARM.Collect$$libinit$$00000005)
    .ARM.Collect$$libinit$$0000000A          0x0800016a   Section        0  libinit2.o(.ARM.Collect$$libinit$$0000000A)
    .ARM.Collect$$libinit$$0000000C          0x0800016a   Section        0  libinit2.o(.ARM.Collect$$libinit$$0000000C)
    .ARM.Collect$$libinit$$0000000E          0x0800016a   Section        0  libinit2.o(.ARM.Collect$$libinit$$0000000E)
    .ARM.Collect$$libinit$$00000011          0x0800016a   Section        0  libinit2.o(.ARM.Collect$$libinit$$00000011)
    .ARM.Collect$$libinit$$00000013          0x0800016a   Section        0  libinit2.o(.ARM.Collect$$libinit$$00000013)
    .ARM.Collect$$libinit$$00000015          0x0800016a   Section        0  libinit2.o(.ARM.Collect$$libinit$$00000015)
    .ARM.Collect$$libinit$$00000017          0x0800016a   Section        0  libinit2.o(.ARM.Collect$$libinit$$00000017)
    .ARM.Collect$$libinit$$00000019          0x0800016a   Section        0  libinit2.o(.ARM.Collect$$libinit$$00000019)
    .ARM.Collect$$libinit$$0000001B          0x0800016a   Section        0  libinit2.o(.ARM.Collect$$libinit$$0000001B)
    .ARM.Collect$$libinit$$0000001D          0x0800016a   Section        0  libinit2.o(.ARM.Collect$$libinit$$0000001D)
    .ARM.Collect$$libinit$$0000001F          0x0800016a   Section        0  libinit2.o(.ARM.Collect$$libinit$$0000001F)
    .ARM.Collect$$libinit$$00000021          0x0800016a   Section        0  libinit2.o(.ARM.Collect$$libinit$$00000021)
    .ARM.Collect$$libinit$$00000023          0x0800016a   Section        0  libinit2.o(.ARM.Collect$$libinit$$00000023)
    .ARM.Collect$$libinit$$00000025          0x0800016a   Section        0  libinit2.o(.ARM.Collect$$libinit$$00000025)
    .ARM.Collect$$libinit$$0000002C          0x0800016a   Section        0  libinit2.o(.ARM.Collect$$libinit$$0000002C)
    .ARM.Collect$$libinit$$0000002E          0x0800016a   Section        0  libinit2.o(.ARM.Collect$$libinit$$0000002E)
    .ARM.Collect$$libinit$$00000030          0x0800016a   Section        0  libinit2.o(.ARM.Collect$$libinit$$00000030)
    .ARM.Collect$$libinit$$00000032          0x0800016a   Section        0  libinit2.o(.ARM.Collect$$libinit$$00000032)
    .ARM.Collect$$libinit$$00000033          0x0800016a   Section        2  libinit2.o(.ARM.Collect$$libinit$$00000033)
    .ARM.Collect$$libshutdown$$00000000      0x0800016c   Section        2  libshutdown.o(.ARM.Collect$$libshutdown$$00000000)
    .ARM.Collect$$libshutdown$$00000003      0x0800016e   Section        0  libshutdown2.o(.ARM.Collect$$libshutdown$$00000003)
    .ARM.Collect$$libshutdown$$00000006      0x0800016e   Section        0  libshutdown2.o(.ARM.Collect$$libshutdown$$00000006)
    .ARM.Collect$$libshutdown$$00000009      0x0800016e   Section        0  libshutdown2.o(.ARM.Collect$$libshutdown$$00000009)
    .ARM.Collect$$libshutdown$$0000000B      0x0800016e   Section        0  libshutdown2.o(.ARM.Collect$$libshutdown$$0000000B)
    .ARM.Collect$$libshutdown$$0000000E      0x0800016e   Section        0  libshutdown2.o(.ARM.Collect$$libshutdown$$0000000E)
    .ARM.Collect$$libshutdown$$0000000F      0x0800016e   Section        2  libshutdown2.o(.ARM.Collect$$libshutdown$$0000000F)
    .ARM.Collect$$rtentry$$00000000          0x08000170   Section        0  __rtentry.o(.ARM.Collect$$rtentry$$00000000)
    .ARM.Collect$$rtentry$$00000002          0x08000170   Section        0  __rtentry2.o(.ARM.Collect$$rtentry$$00000002)
    .ARM.Collect$$rtentry$$00000004          0x08000170   Section        6  __rtentry4.o(.ARM.Collect$$rtentry$$00000004)
    .ARM.Collect$$rtentry$$00000009          0x08000176   Section        0  __rtentry2.o(.ARM.Collect$$rtentry$$00000009)
    .ARM.Collect$$rtentry$$0000000A          0x08000176   Section        4  __rtentry2.o(.ARM.Collect$$rtentry$$0000000A)
    .ARM.Collect$$rtentry$$0000000C          0x0800017a   Section        0  __rtentry2.o(.ARM.Collect$$rtentry$$0000000C)
    .ARM.Collect$$rtentry$$0000000D          0x0800017a   Section        8  __rtentry2.o(.ARM.Collect$$rtentry$$0000000D)
    .ARM.Collect$$rtexit$$00000000           0x08000182   Section        2  rtexit.o(.ARM.Collect$$rtexit$$00000000)
    .ARM.Collect$$rtexit$$00000002           0x08000184   Section        0  rtexit2.o(.ARM.Collect$$rtexit$$00000002)
    .ARM.Collect$$rtexit$$00000003           0x08000184   Section        4  rtexit2.o(.ARM.Collect$$rtexit$$00000003)
    .ARM.Collect$$rtexit$$00000004           0x08000188   Section        6  rtexit2.o(.ARM.Collect$$rtexit$$00000004)
    .emb_text                                0x08000190   Section       32  core_cm3.o(.emb_text)
    .emb_text                                0x080001b0   Section        0  maybetermalloc1.o(.emb_text)
    .text                                    0x080001b0   Section       64  startup_stm32f10x_md.o(.text)
    .text                                    0x080001f0   Section        0  h1_alloc.o(.text)
    .text                                    0x0800024e   Section        0  h1_free.o(.text)
    .text                                    0x0800029c   Section      138  rt_memcpy_v6.o(.text)
    .text                                    0x08000326   Section        0  heapauxi.o(.text)
    .text                                    0x0800032c   Section        8  rt_heap_descriptor_intlibspace.o(.text)
    .text                                    0x08000334   Section        0  hguard.o(.text)
    .text                                    0x08000338   Section        0  init_alloc.o(.text)
    .text                                    0x080003c2   Section        0  h1_init.o(.text)
    .text                                    0x080003d0   Section      100  rt_memcpy_w.o(.text)
    .text                                    0x08000434   Section        8  libspace.o(.text)
    .text                                    0x0800043c   Section        0  h1_extend.o(.text)
    .text                                    0x08000470   Section        0  defsig_rtmem_outer.o(.text)
    .text                                    0x0800047e   Section        2  use_no_semi.o(.text)
    .text                                    0x08000480   Section        0  indicate_semi.o(.text)
    .text                                    0x08000480   Section       74  sys_stackheap_outer.o(.text)
    .text                                    0x080004ca   Section        0  exit.o(.text)
    .text                                    0x080004d6   Section        0  defsig_exit.o(.text)
    .text                                    0x080004e0   Section        0  defsig_rtmem_inner.o(.text)
    .text                                    0x08000530   Section        0  sys_exit.o(.text)
    .text                                    0x0800053c   Section        0  defsig_general.o(.text)
    .text                                    0x0800056e   Section        0  sys_wrch.o(.text)
    i.BSP_CAN_Init                           0x0800057c   Section        0  bsp_can.o(i.BSP_CAN_Init)
    i.BSP_Flash_ClearPage                    0x080006dc   Section        0  bsp_flash.o(i.BSP_Flash_ClearPage)
    i.BSP_Flash_WritePage                    0x080006f4   Section        0  bsp_flash.o(i.BSP_Flash_WritePage)
    i.BSP_GPIO_Init                          0x08000710   Section        0  bsp_gpio.o(i.BSP_GPIO_Init)
    i.BSP_Init                               0x0800076c   Section        0  bsp.o(i.BSP_Init)
    i.BSP_SysTick_Init                       0x0800078c   Section        0  bsp_systick.o(i.BSP_SysTick_Init)
    i.BSP_WatchDog_Init                      0x08000804   Section        0  bsp.o(i.BSP_WatchDog_Init)
    i.BSP_WatchDog_Reset                     0x08000822   Section        0  bsp.o(i.BSP_WatchDog_Reset)
    i.BusFault_Handler                       0x0800082a   Section        0  stm32f10x_it.o(i.BusFault_Handler)
    i.CAN_ClearITPendingBit                  0x08000830   Section        0  stm32f10x_can.o(i.CAN_ClearITPendingBit)
    i.CAN_DBGFreeze                          0x080008d8   Section        0  stm32f10x_can.o(i.CAN_DBGFreeze)
    i.CAN_DeInit                             0x080008f0   Section        0  stm32f10x_can.o(i.CAN_DeInit)
    i.CAN_FIFORelease                        0x08000928   Section        0  stm32f10x_can.o(i.CAN_FIFORelease)
    i.CAN_FilterInit                         0x08000940   Section        0  stm32f10x_can.o(i.CAN_FilterInit)
    i.CAN_GetITStatus                        0x08000a48   Section        0  stm32f10x_can.o(i.CAN_GetITStatus)
    i.CAN_ITConfig                           0x08000b68   Section        0  stm32f10x_can.o(i.CAN_ITConfig)
    i.CAN_Init                               0x08000b7a   Section        0  stm32f10x_can.o(i.CAN_Init)
    i.CAN_NVIC_Config                        0x08000c8e   Section        0  bsp_can.o(i.CAN_NVIC_Config)
    i.CAN_Receive                            0x08000cb0   Section        0  stm32f10x_can.o(i.CAN_Receive)
    i.CAN_Rx_Object_Popup                    0x08000da0   Section        0  canbus.o(i.CAN_Rx_Object_Popup)
    i.CAN_Rx_Object_Push                     0x08000dd0   Section        0  canbus.o(i.CAN_Rx_Object_Push)
    i.CAN_Rx_Objects_Init                    0x08000df0   Section        0  canbus.o(i.CAN_Rx_Objects_Init)
    i.CAN_StructInit                         0x08000e10   Section        0  stm32f10x_can.o(i.CAN_StructInit)
    i.CAN_TX_FIFO_Is_Empty                   0x08000e30   Section        0  bsp_can.o(i.CAN_TX_FIFO_Is_Empty)
    i.CAN_Transmit                           0x08000e48   Section        0  stm32f10x_can.o(i.CAN_Transmit)
    i.CAN_Tx_Object_Flag_Set                 0x08000f70   Section        0  canbus.o(i.CAN_Tx_Object_Flag_Set)
    CAN_Tx_Object_Flag_Set                   0x08000f71   Thumb Code     6  canbus.o(i.CAN_Tx_Object_Flag_Set)
    i.CAN_Tx_Object_Interrupt_Handler        0x08000f7c   Section        0  canbus.o(i.CAN_Tx_Object_Interrupt_Handler)
    i.CAN_Tx_Object_Is_Empty                 0x08000fc0   Section        0  canbus.o(i.CAN_Tx_Object_Is_Empty)
    CAN_Tx_Object_Is_Empty                   0x08000fc1   Thumb Code    12  canbus.o(i.CAN_Tx_Object_Is_Empty)
    i.CAN_Tx_Object_Popup                    0x08000fd0   Section        0  canbus.o(i.CAN_Tx_Object_Popup)
    CAN_Tx_Object_Popup                      0x08000fd1   Thumb Code    34  canbus.o(i.CAN_Tx_Object_Popup)
    i.CAN_Tx_Object_Push                     0x08000ff8   Section        0  canbus.o(i.CAN_Tx_Object_Push)
    i.CAN_Tx_Objects_Init                    0x0800105c   Section        0  canbus.o(i.CAN_Tx_Objects_Init)
    i.CanBus_Init                            0x0800107c   Section        0  canbus.o(i.CanBus_Init)
    i.CanBus_Poll                            0x08001098   Section        0  canbus.o(i.CanBus_Poll)
    i.CheckITStatus                          0x080010b0   Section        0  stm32f10x_can.o(i.CheckITStatus)
    CheckITStatus                            0x080010b1   Thumb Code    18  stm32f10x_can.o(i.CheckITStatus)
    i.Copy_To_Item                           0x080010c2   Section        0  queue_list.o(i.Copy_To_Item)
    Copy_To_Item                             0x080010c3   Thumb Code    20  queue_list.o(i.Copy_To_Item)
    i.Copy_To_Node                           0x080010d6   Section        0  queue_list.o(i.Copy_To_Node)
    Copy_To_Node                             0x080010d7   Thumb Code    20  queue_list.o(i.Copy_To_Node)
    i.Create_Queue                           0x080010ea   Section        0  queue_list.o(i.Create_Queue)
    i.DebugMon_Handler                       0x08001108   Section        0  stm32f10x_it.o(i.DebugMon_Handler)
    i.FLASH_ClearFlag                        0x0800110c   Section        0  stm32f10x_flash.o(i.FLASH_ClearFlag)
    i.FLASH_ErasePage                        0x08001118   Section        0  stm32f10x_flash.o(i.FLASH_ErasePage)
    i.FLASH_GetBank1Status                   0x08001164   Section        0  stm32f10x_flash.o(i.FLASH_GetBank1Status)
    i.FLASH_Lock                             0x08001198   Section        0  stm32f10x_flash.o(i.FLASH_Lock)
    i.FLASH_ProgramWord                      0x080011ac   Section        0  stm32f10x_flash.o(i.FLASH_ProgramWord)
    i.FLASH_Unlock                           0x08001218   Section        0  stm32f10x_flash.o(i.FLASH_Unlock)
    i.FLASH_WaitForLastOperation             0x08001230   Section        0  stm32f10x_flash.o(i.FLASH_WaitForLastOperation)
    i.Flash_WritePage                        0x08001258   Section        0  bsp_flash.o(i.Flash_WritePage)
    i.GPIO_Init                              0x0800128c   Section        0  stm32f10x_gpio.o(i.GPIO_Init)
    i.GPIO_PinRemapConfig                    0x080013a4   Section        0  stm32f10x_gpio.o(i.GPIO_PinRemapConfig)
    i.GPIO_ResetBits                         0x08001434   Section        0  stm32f10x_gpio.o(i.GPIO_ResetBits)
    i.HardFault_Handler                      0x08001438   Section        0  stm32f10x_it.o(i.HardFault_Handler)
    i.IWDG_Enable                            0x0800143c   Section        0  stm32f10x_iwdg.o(i.IWDG_Enable)
    i.IWDG_ReloadCounter                     0x0800144c   Section        0  stm32f10x_iwdg.o(i.IWDG_ReloadCounter)
    i.IWDG_SetPrescaler                      0x0800145c   Section        0  stm32f10x_iwdg.o(i.IWDG_SetPrescaler)
    i.IWDG_SetReload                         0x08001468   Section        0  stm32f10x_iwdg.o(i.IWDG_SetReload)
    i.IWDG_WriteAccessCmd                    0x08001474   Section        0  stm32f10x_iwdg.o(i.IWDG_WriteAccessCmd)
    i.Init_Queue                             0x08001480   Section        0  queue_list.o(i.Init_Queue)
    Init_Queue                               0x08001481   Thumb Code    20  queue_list.o(i.Init_Queue)
    i.JumpToApplication                      0x08001494   Section        0  bsp.o(i.JumpToApplication)
    i.LED1_OFF                               0x080014bc   Section        0  bsp_gpio.o(i.LED1_OFF)
    i.MemManage_Handler                      0x080014d0   Section        0  stm32f10x_it.o(i.MemManage_Handler)
    i.NMI_Handler                            0x080014d4   Section        0  stm32f10x_it.o(i.NMI_Handler)
    i.NVIC_Init                              0x080014d8   Section        0  misc.o(i.NVIC_Init)
    i.NVIC_PriorityGroupConfig               0x08001548   Section        0  misc.o(i.NVIC_PriorityGroupConfig)
    i.NVIC_SetVectorTable                    0x0800155c   Section        0  misc.o(i.NVIC_SetVectorTable)
    i.PendSV_Handler                         0x08001570   Section        0  stm32f10x_it.o(i.PendSV_Handler)
    i.Protocol_Can_Rec_Update                0x08001572   Section        0  protocol_xmodem.o(i.Protocol_Can_Rec_Update)
    i.Protocol_Can_SendData                  0x080015e8   Section        0  protocol_xmodem.o(i.Protocol_Can_SendData)
    i.ProtocolxModem_Poll                    0x08001648   Section        0  protocol_xmodem.o(i.ProtocolxModem_Poll)
    i.ProtocolxModem_RecData                 0x08001690   Section        0  protocol_xmodem.o(i.ProtocolxModem_RecData)
    i.Queue_Is_Empty                         0x08001804   Section        0  queue_list.o(i.Queue_Is_Empty)
    i.Queue_Is_Full                          0x08001812   Section        0  queue_list.o(i.Queue_Is_Full)
    i.Queue_Read                             0x08001824   Section        0  queue_list.o(i.Queue_Read)
    i.Queue_Write                            0x0800188a   Section        0  queue_list.o(i.Queue_Write)
    i.RCC_APB1PeriphClockCmd                 0x08001918   Section        0  stm32f10x_rcc.o(i.RCC_APB1PeriphClockCmd)
    i.RCC_APB1PeriphResetCmd                 0x08001938   Section        0  stm32f10x_rcc.o(i.RCC_APB1PeriphResetCmd)
    i.RCC_APB2PeriphClockCmd                 0x08001958   Section        0  stm32f10x_rcc.o(i.RCC_APB2PeriphClockCmd)
    i.SVC_Handler                            0x08001978   Section        0  stm32f10x_it.o(i.SVC_Handler)
    i.SetSysClock                            0x0800197a   Section        0  system_stm32f10x.o(i.SetSysClock)
    SetSysClock                              0x0800197b   Thumb Code     8  system_stm32f10x.o(i.SetSysClock)
    i.SetSysClockTo72                        0x08001984   Section        0  system_stm32f10x.o(i.SetSysClockTo72)
    SetSysClockTo72                          0x08001985   Thumb Code   214  system_stm32f10x.o(i.SetSysClockTo72)
    i.SysTick_Handler                        0x08001a64   Section        0  bsp_systick.o(i.SysTick_Handler)
    i.SystemInit                             0x08001a94   Section        0  system_stm32f10x.o(i.SystemInit)
    i.USB_HP_CAN1_TX_IRQHandler              0x08001af8   Section        0  stm32f10x_it.o(i.USB_HP_CAN1_TX_IRQHandler)
    i.USB_LP_CAN1_RX0_IRQHandler             0x08001b18   Section        0  stm32f10x_it.o(i.USB_LP_CAN1_RX0_IRQHandler)
    i.UsageFault_Handler                     0x08001b68   Section        0  stm32f10x_it.o(i.UsageFault_Handler)
    i.main                                   0x08001b6c   Section        0  main.o(i.main)
    .data                                    0x20000000   Section       20  system_stm32f10x.o(.data)
    .data                                    0x20000014   Section        4  bsp_systick.o(.data)
    .data                                    0x20000018   Section       20  protocol_xmodem.o(.data)
    p                                        0x2000001c   Data           4  protocol_xmodem.o(.data)
    Flash_Addr                               0x20000020   Data           4  protocol_xmodem.o(.data)
    Pack_Count                               0x20000024   Data           1  protocol_xmodem.o(.data)
    checkSum                                 0x20000026   Data           2  protocol_xmodem.o(.data)
    Flash_Addr_Last                          0x20000028   Data           4  protocol_xmodem.o(.data)
    .data                                    0x2000002c   Section       16  canbus.o(.data)
    CAN_Tx_Object                            0x2000002c   Data           8  canbus.o(.data)
    CAN_Rx_Object                            0x20000034   Data           8  canbus.o(.data)
    .bss                                     0x2000003c   Section       20  stm32f10x_it.o(.bss)
    CAN_Rx_Msg_Buf                           0x2000003c   Data          20  stm32f10x_it.o(.bss)
    .bss                                     0x20000050   Section     1024  protocol_xmodem.o(.bss)
    .bss                                     0x20000450   Section       40  canbus.o(.bss)
    CAN_TX_Obj_Msg                           0x20000450   Data          20  canbus.o(.bss)
    msg                                      0x20000464   Data          20  canbus.o(.bss)
    .bss                                     0x20000478   Section       96  libspace.o(.bss)
    HEAP                                     0x200004d8   Section     4096  startup_stm32f10x_md.o(HEAP)
    Heap_Mem                                 0x200004d8   Data        4096  startup_stm32f10x_md.o(HEAP)
    STACK                                    0x200014d8   Section     2560  startup_stm32f10x_md.o(STACK)
    Stack_Mem                                0x200014d8   Data        2560  startup_stm32f10x_md.o(STACK)
    __initial_sp                             0x20001ed8   Data           0  startup_stm32f10x_md.o(STACK)

    Global Symbols

    Symbol Name                              Value     Ov Type        Size  Object(Section)

    BuildAttributes$$THM_ISAv4$P$D$K$B$S$PE$A:L22UL41UL21$X:L11$S22US41US21$IEEE1$IW$USESV6$~STKCKD$USESV7$~SHL$OTIME$ROPI$EBA8$UX$STANDARDLIB$REQ8$PRES8$EABIv2 0x00000000   Number         0  anon$$obj.o ABSOLUTE
    __ARM_use_no_argv                        0x00000000   Number         0  main.o ABSOLUTE
    __ARM_exceptions_init                     - Undefined Weak Reference
    __alloca_initialize                       - Undefined Weak Reference
    __arm_preinit_                            - Undefined Weak Reference
    __cpp_initialize__aeabi_                  - Undefined Weak Reference
    __cxa_finalize                            - Undefined Weak Reference
    __rt_locale                               - Undefined Weak Reference
    __sigvec_lookup                           - Undefined Weak Reference
    __user_heap_extent                        - Undefined Weak Reference
    _atexit_init                              - Undefined Weak Reference
    _call_atexit_fns                          - Undefined Weak Reference
    _clock_init                               - Undefined Weak Reference
    _fp_trap_init                             - Undefined Weak Reference
    _fp_trap_shutdown                         - Undefined Weak Reference
    _get_lc_collate                           - Undefined Weak Reference
    _get_lc_ctype                             - Undefined Weak Reference
    _get_lc_monetary                          - Undefined Weak Reference
    _get_lc_numeric                           - Undefined Weak Reference
    _get_lc_time                              - Undefined Weak Reference
    _getenv_init                              - Undefined Weak Reference
    _handle_redirection                       - Undefined Weak Reference
    _initio                                   - Undefined Weak Reference
    _mutex_acquire                            - Undefined Weak Reference
    _mutex_free                               - Undefined Weak Reference
    _mutex_release                            - Undefined Weak Reference
    _rand_init                                - Undefined Weak Reference
    _signal_finish                            - Undefined Weak Reference
    _signal_init                              - Undefined Weak Reference
    _terminateio                              - Undefined Weak Reference
    __Vectors_Size                           0x000000ec   Number         0  startup_stm32f10x_md.o ABSOLUTE
    __Vectors                                0x08000000   Data           4  startup_stm32f10x_md.o(RESET)
    __Vectors_End                            0x080000ec   Data           0  startup_stm32f10x_md.o(RESET)
    __main                                   0x080000ed   Thumb Code     8  __main.o(!!!main)
    __scatterload                            0x080000f5   Thumb Code     0  __scatter.o(!!!scatter)
    __scatterload_rt2                        0x080000f5   Thumb Code    44  __scatter.o(!!!scatter)
    __scatterload_rt2_thumb_only             0x080000f5   Thumb Code     0  __scatter.o(!!!scatter)
    __scatterload_null                       0x08000103   Thumb Code     0  __scatter.o(!!!scatter)
    __scatterload_copy                       0x08000129   Thumb Code    26  __scatter_copy.o(!!handler_copy)
    __scatterload_zeroinit                   0x08000145   Thumb Code    28  __scatter_zi.o(!!handler_zi)
    __rt_lib_init                            0x08000161   Thumb Code     0  libinit.o(.ARM.Collect$$libinit$$00000000)
    __rt_lib_init_fp_1                       0x08000163   Thumb Code     0  libinit2.o(.ARM.Collect$$libinit$$00000002)
    __rt_lib_init_heap_2                     0x08000163   Thumb Code     0  libinit2.o(.ARM.Collect$$libinit$$00000005)
    __rt_lib_init_preinit_1                  0x08000163   Thumb Code     0  libinit2.o(.ARM.Collect$$libinit$$00000004)
    __rt_lib_init_alloca_1                   0x0800016b   Thumb Code     0  libinit2.o(.ARM.Collect$$libinit$$0000002E)
    __rt_lib_init_argv_1                     0x0800016b   Thumb Code     0  libinit2.o(.ARM.Collect$$libinit$$0000002C)
    __rt_lib_init_atexit_1                   0x0800016b   Thumb Code     0  libinit2.o(.ARM.Collect$$libinit$$0000001B)
    __rt_lib_init_clock_1                    0x0800016b   Thumb Code     0  libinit2.o(.ARM.Collect$$libinit$$00000021)
    __rt_lib_init_cpp_1                      0x0800016b   Thumb Code     0  libinit2.o(.ARM.Collect$$libinit$$00000032)
    __rt_lib_init_exceptions_1               0x0800016b   Thumb Code     0  libinit2.o(.ARM.Collect$$libinit$$00000030)
    __rt_lib_init_fp_trap_1                  0x0800016b   Thumb Code     0  libinit2.o(.ARM.Collect$$libinit$$0000001F)
    __rt_lib_init_getenv_1                   0x0800016b   Thumb Code     0  libinit2.o(.ARM.Collect$$libinit$$00000023)
    __rt_lib_init_heap_1                     0x0800016b   Thumb Code     0  libinit2.o(.ARM.Collect$$libinit$$0000000A)
    __rt_lib_init_lc_collate_1               0x0800016b   Thumb Code     0  libinit2.o(.ARM.Collect$$libinit$$00000011)
    __rt_lib_init_lc_ctype_1                 0x0800016b   Thumb Code     0  libinit2.o(.ARM.Collect$$libinit$$00000013)
    __rt_lib_init_lc_monetary_1              0x0800016b   Thumb Code     0  libinit2.o(.ARM.Collect$$libinit$$00000015)
    __rt_lib_init_lc_numeric_1               0x0800016b   Thumb Code     0  libinit2.o(.ARM.Collect$$libinit$$00000017)
    __rt_lib_init_lc_time_1                  0x0800016b   Thumb Code     0  libinit2.o(.ARM.Collect$$libinit$$00000019)
    __rt_lib_init_rand_1                     0x0800016b   Thumb Code     0  libinit2.o(.ARM.Collect$$libinit$$0000000E)
    __rt_lib_init_return                     0x0800016b   Thumb Code     0  libinit2.o(.ARM.Collect$$libinit$$00000033)
    __rt_lib_init_signal_1                   0x0800016b   Thumb Code     0  libinit2.o(.ARM.Collect$$libinit$$0000001D)
    __rt_lib_init_stdio_1                    0x0800016b   Thumb Code     0  libinit2.o(.ARM.Collect$$libinit$$00000025)
    __rt_lib_init_user_alloc_1               0x0800016b   Thumb Code     0  libinit2.o(.ARM.Collect$$libinit$$0000000C)
    __rt_lib_shutdown                        0x0800016d   Thumb Code     0  libshutdown.o(.ARM.Collect$$libshutdown$$00000000)
    __rt_lib_shutdown_fp_trap_1              0x0800016f   Thumb Code     0  libshutdown2.o(.ARM.Collect$$libshutdown$$00000006)
    __rt_lib_shutdown_heap_1                 0x0800016f   Thumb Code     0  libshutdown2.o(.ARM.Collect$$libshutdown$$0000000E)
    __rt_lib_shutdown_return                 0x0800016f   Thumb Code     0  libshutdown2.o(.ARM.Collect$$libshutdown$$0000000F)
    __rt_lib_shutdown_signal_1               0x0800016f   Thumb Code     0  libshutdown2.o(.ARM.Collect$$libshutdown$$00000009)
    __rt_lib_shutdown_stdio_1                0x0800016f   Thumb Code     0  libshutdown2.o(.ARM.Collect$$libshutdown$$00000003)
    __rt_lib_shutdown_user_alloc_1           0x0800016f   Thumb Code     0  libshutdown2.o(.ARM.Collect$$libshutdown$$0000000B)
    __rt_entry                               0x08000171   Thumb Code     0  __rtentry.o(.ARM.Collect$$rtentry$$00000000)
    __rt_entry_presh_1                       0x08000171   Thumb Code     0  __rtentry2.o(.ARM.Collect$$rtentry$$00000002)
    __rt_entry_sh                            0x08000171   Thumb Code     0  __rtentry4.o(.ARM.Collect$$rtentry$$00000004)
    __rt_entry_li                            0x08000177   Thumb Code     0  __rtentry2.o(.ARM.Collect$$rtentry$$0000000A)
    __rt_entry_postsh_1                      0x08000177   Thumb Code     0  __rtentry2.o(.ARM.Collect$$rtentry$$00000009)
    __rt_entry_main                          0x0800017b   Thumb Code     0  __rtentry2.o(.ARM.Collect$$rtentry$$0000000D)
    __rt_entry_postli_1                      0x0800017b   Thumb Code     0  __rtentry2.o(.ARM.Collect$$rtentry$$0000000C)
    __rt_exit                                0x08000183   Thumb Code     0  rtexit.o(.ARM.Collect$$rtexit$$00000000)
    __rt_exit_ls                             0x08000185   Thumb Code     0  rtexit2.o(.ARM.Collect$$rtexit$$00000003)
    __rt_exit_prels_1                        0x08000185   Thumb Code     0  rtexit2.o(.ARM.Collect$$rtexit$$00000002)
    __rt_exit_exit                           0x08000189   Thumb Code     0  rtexit2.o(.ARM.Collect$$rtexit$$00000004)
    __get_PSP                                0x08000191   Thumb Code     6  core_cm3.o(.emb_text)
    __set_PSP                                0x08000197   Thumb Code     6  core_cm3.o(.emb_text)
    __get_MSP                                0x0800019d   Thumb Code     6  core_cm3.o(.emb_text)
    __set_MSP                                0x080001a3   Thumb Code     6  core_cm3.o(.emb_text)
    __REV16                                  0x080001a9   Thumb Code     4  core_cm3.o(.emb_text)
    __REVSH                                  0x080001ad   Thumb Code     4  core_cm3.o(.emb_text)
    Reset_Handler                            0x080001b1   Thumb Code     8  startup_stm32f10x_md.o(.text)
    _maybe_terminate_alloc                   0x080001b1   Thumb Code     0  maybetermalloc1.o(.emb_text)
    ADC1_2_IRQHandler                        0x080001cb   Thumb Code     0  startup_stm32f10x_md.o(.text)
    CAN1_RX1_IRQHandler                      0x080001cb   Thumb Code     0  startup_stm32f10x_md.o(.text)
    CAN1_SCE_IRQHandler                      0x080001cb   Thumb Code     0  startup_stm32f10x_md.o(.text)
    DMA1_Channel1_IRQHandler                 0x080001cb   Thumb Code     0  startup_stm32f10x_md.o(.text)
    DMA1_Channel2_IRQHandler                 0x080001cb   Thumb Code     0  startup_stm32f10x_md.o(.text)
    DMA1_Channel3_IRQHandler                 0x080001cb   Thumb Code     0  startup_stm32f10x_md.o(.text)
    DMA1_Channel4_IRQHandler                 0x080001cb   Thumb Code     0  startup_stm32f10x_md.o(.text)
    DMA1_Channel5_IRQHandler                 0x080001cb   Thumb Code     0  startup_stm32f10x_md.o(.text)
    DMA1_Channel6_IRQHandler                 0x080001cb   Thumb Code     0  startup_stm32f10x_md.o(.text)
    DMA1_Channel7_IRQHandler                 0x080001cb   Thumb Code     0  startup_stm32f10x_md.o(.text)
    EXTI0_IRQHandler                         0x080001cb   Thumb Code     0  startup_stm32f10x_md.o(.text)
    EXTI15_10_IRQHandler                     0x080001cb   Thumb Code     0  startup_stm32f10x_md.o(.text)
    EXTI1_IRQHandler                         0x080001cb   Thumb Code     0  startup_stm32f10x_md.o(.text)
    EXTI2_IRQHandler                         0x080001cb   Thumb Code     0  startup_stm32f10x_md.o(.text)
    EXTI3_IRQHandler                         0x080001cb   Thumb Code     0  startup_stm32f10x_md.o(.text)
    EXTI4_IRQHandler                         0x080001cb   Thumb Code     0  startup_stm32f10x_md.o(.text)
    EXTI9_5_IRQHandler                       0x080001cb   Thumb Code     0  startup_stm32f10x_md.o(.text)
    FLASH_IRQHandler                         0x080001cb   Thumb Code     0  startup_stm32f10x_md.o(.text)
    I2C1_ER_IRQHandler                       0x080001cb   Thumb Code     0  startup_stm32f10x_md.o(.text)
    I2C1_EV_IRQHandler                       0x080001cb   Thumb Code     0  startup_stm32f10x_md.o(.text)
    I2C2_ER_IRQHandler                       0x080001cb   Thumb Code     0  startup_stm32f10x_md.o(.text)
    I2C2_EV_IRQHandler                       0x080001cb   Thumb Code     0  startup_stm32f10x_md.o(.text)
    PVD_IRQHandler                           0x080001cb   Thumb Code     0  startup_stm32f10x_md.o(.text)
    RCC_IRQHandler                           0x080001cb   Thumb Code     0  startup_stm32f10x_md.o(.text)
    RTCAlarm_IRQHandler                      0x080001cb   Thumb Code     0  startup_stm32f10x_md.o(.text)
    RTC_IRQHandler                           0x080001cb   Thumb Code     0  startup_stm32f10x_md.o(.text)
    SPI1_IRQHandler                          0x080001cb   Thumb Code     0  startup_stm32f10x_md.o(.text)
    SPI2_IRQHandler                          0x080001cb   Thumb Code     0  startup_stm32f10x_md.o(.text)
    TAMPER_IRQHandler                        0x080001cb   Thumb Code     0  startup_stm32f10x_md.o(.text)
    TIM1_BRK_IRQHandler                      0x080001cb   Thumb Code     0  startup_stm32f10x_md.o(.text)
    TIM1_CC_IRQHandler                       0x080001cb   Thumb Code     0  startup_stm32f10x_md.o(.text)
    TIM1_TRG_COM_IRQHandler                  0x080001cb   Thumb Code     0  startup_stm32f10x_md.o(.text)
    TIM1_UP_IRQHandler                       0x080001cb   Thumb Code     0  startup_stm32f10x_md.o(.text)
    TIM2_IRQHandler                          0x080001cb   Thumb Code     0  startup_stm32f10x_md.o(.text)
    TIM3_IRQHandler                          0x080001cb   Thumb Code     0  startup_stm32f10x_md.o(.text)
    TIM4_IRQHandler                          0x080001cb   Thumb Code     0  startup_stm32f10x_md.o(.text)
    USART1_IRQHandler                        0x080001cb   Thumb Code     0  startup_stm32f10x_md.o(.text)
    USART2_IRQHandler                        0x080001cb   Thumb Code     0  startup_stm32f10x_md.o(.text)
    USART3_IRQHandler                        0x080001cb   Thumb Code     0  startup_stm32f10x_md.o(.text)
    USBWakeUp_IRQHandler                     0x080001cb   Thumb Code     0  startup_stm32f10x_md.o(.text)
    WWDG_IRQHandler                          0x080001cb   Thumb Code     0  startup_stm32f10x_md.o(.text)
    __user_initial_stackheap                 0x080001cd   Thumb Code     0  startup_stm32f10x_md.o(.text)
    malloc                                   0x080001f1   Thumb Code    94  h1_alloc.o(.text)
    free                                     0x0800024f   Thumb Code    78  h1_free.o(.text)
    __aeabi_memcpy                           0x0800029d   Thumb Code     0  rt_memcpy_v6.o(.text)
    __rt_memcpy                              0x0800029d   Thumb Code   138  rt_memcpy_v6.o(.text)
    _memcpy_lastbytes                        0x08000303   Thumb Code     0  rt_memcpy_v6.o(.text)
    __use_two_region_memory                  0x08000327   Thumb Code     2  heapauxi.o(.text)
    __rt_heap_escrow                         0x08000329   Thumb Code     2  heapauxi.o(.text)
    __rt_heap_expand                         0x0800032b   Thumb Code     2  heapauxi.o(.text)
    __rt_heap_descriptor                     0x0800032d   Thumb Code     8  rt_heap_descriptor_intlibspace.o(.text)
    __use_no_heap                            0x08000335   Thumb Code     2  hguard.o(.text)
    __heap$guard                             0x08000337   Thumb Code     2  hguard.o(.text)
    _terminate_user_alloc                    0x08000339   Thumb Code     2  init_alloc.o(.text)
    _init_user_alloc                         0x0800033b   Thumb Code     2  init_alloc.o(.text)
    __Heap_Full                              0x0800033d   Thumb Code    34  init_alloc.o(.text)
    __Heap_Broken                            0x0800035f   Thumb Code     6  init_alloc.o(.text)
    _init_alloc                              0x08000365   Thumb Code    94  init_alloc.o(.text)
    __Heap_Initialize                        0x080003c3   Thumb Code    10  h1_init.o(.text)
    __Heap_DescSize                          0x080003cd   Thumb Code     4  h1_init.o(.text)
    __aeabi_memcpy4                          0x080003d1   Thumb Code     0  rt_memcpy_w.o(.text)
    __aeabi_memcpy8                          0x080003d1   Thumb Code     0  rt_memcpy_w.o(.text)
    __rt_memcpy_w                            0x080003d1   Thumb Code   100  rt_memcpy_w.o(.text)
    _memcpy_lastbytes_aligned                0x08000419   Thumb Code     0  rt_memcpy_w.o(.text)
    __user_libspace                          0x08000435   Thumb Code     8  libspace.o(.text)
    __user_perproc_libspace                  0x08000435   Thumb Code     0  libspace.o(.text)
    __user_perthread_libspace                0x08000435   Thumb Code     0  libspace.o(.text)
    __Heap_ProvideMemory                     0x0800043d   Thumb Code    52  h1_extend.o(.text)
    __rt_SIGRTMEM                            0x08000471   Thumb Code    14  defsig_rtmem_outer.o(.text)
    __I$use$semihosting                      0x0800047f   Thumb Code     0  use_no_semi.o(.text)
    __use_no_semihosting_swi                 0x0800047f   Thumb Code     2  use_no_semi.o(.text)
    __semihosting_library_function           0x08000481   Thumb Code     0  indicate_semi.o(.text)
    __user_setup_stackheap                   0x08000481   Thumb Code    74  sys_stackheap_outer.o(.text)
    exit                                     0x080004cb   Thumb Code    12  exit.o(.text)
    __sig_exit                               0x080004d7   Thumb Code    10  defsig_exit.o(.text)
    __rt_SIGRTMEM_inner                      0x080004e1   Thumb Code    22  defsig_rtmem_inner.o(.text)
    _sys_exit                                0x08000531   Thumb Code     8  sys_exit.o(.text)
    __default_signal_display                 0x0800053d   Thumb Code    50  defsig_general.o(.text)
    _ttywrch                                 0x0800056f   Thumb Code    14  sys_wrch.o(.text)
    BSP_CAN_Init                             0x0800057d   Thumb Code   344  bsp_can.o(i.BSP_CAN_Init)
    BSP_Flash_ClearPage                      0x080006dd   Thumb Code    24  bsp_flash.o(i.BSP_Flash_ClearPage)
    BSP_Flash_WritePage                      0x080006f5   Thumb Code    26  bsp_flash.o(i.BSP_Flash_WritePage)
    BSP_GPIO_Init                            0x08000711   Thumb Code    78  bsp_gpio.o(i.BSP_GPIO_Init)
    BSP_Init                                 0x0800076d   Thumb Code    30  bsp.o(i.BSP_Init)
    BSP_SysTick_Init                         0x0800078d   Thumb Code   108  bsp_systick.o(i.BSP_SysTick_Init)
    BSP_WatchDog_Init                        0x08000805   Thumb Code    30  bsp.o(i.BSP_WatchDog_Init)
    BSP_WatchDog_Reset                       0x08000823   Thumb Code     8  bsp.o(i.BSP_WatchDog_Reset)
    BusFault_Handler                         0x0800082b   Thumb Code     4  stm32f10x_it.o(i.BusFault_Handler)
    CAN_ClearITPendingBit                    0x08000831   Thumb Code   162  stm32f10x_can.o(i.CAN_ClearITPendingBit)
    CAN_DBGFreeze                            0x080008d9   Thumb Code    22  stm32f10x_can.o(i.CAN_DBGFreeze)
    CAN_DeInit                               0x080008f1   Thumb Code    50  stm32f10x_can.o(i.CAN_DeInit)
    CAN_FIFORelease                          0x08000929   Thumb Code    22  stm32f10x_can.o(i.CAN_FIFORelease)
    CAN_FilterInit                           0x08000941   Thumb Code   258  stm32f10x_can.o(i.CAN_FilterInit)
    CAN_GetITStatus                          0x08000a49   Thumb Code   284  stm32f10x_can.o(i.CAN_GetITStatus)
    CAN_ITConfig                             0x08000b69   Thumb Code    18  stm32f10x_can.o(i.CAN_ITConfig)
    CAN_Init                                 0x08000b7b   Thumb Code   276  stm32f10x_can.o(i.CAN_Init)
    CAN_NVIC_Config                          0x08000c8f   Thumb Code    34  bsp_can.o(i.CAN_NVIC_Config)
    CAN_Receive                              0x08000cb1   Thumb Code   240  stm32f10x_can.o(i.CAN_Receive)
    CAN_Rx_Object_Popup                      0x08000da1   Thumb Code    44  canbus.o(i.CAN_Rx_Object_Popup)
    CAN_Rx_Object_Push                       0x08000dd1   Thumb Code    26  canbus.o(i.CAN_Rx_Object_Push)
    CAN_Rx_Objects_Init                      0x08000df1   Thumb Code    28  canbus.o(i.CAN_Rx_Objects_Init)
    CAN_StructInit                           0x08000e11   Thumb Code    32  stm32f10x_can.o(i.CAN_StructInit)
    CAN_TX_FIFO_Is_Empty                     0x08000e31   Thumb Code    24  bsp_can.o(i.CAN_TX_FIFO_Is_Empty)
    CAN_Transmit                             0x08000e49   Thumb Code   294  stm32f10x_can.o(i.CAN_Transmit)
    CAN_Tx_Object_Interrupt_Handler          0x08000f7d   Thumb Code    60  canbus.o(i.CAN_Tx_Object_Interrupt_Handler)
    CAN_Tx_Object_Push                       0x08000ff9   Thumb Code    92  canbus.o(i.CAN_Tx_Object_Push)
    CAN_Tx_Objects_Init                      0x0800105d   Thumb Code    28  canbus.o(i.CAN_Tx_Objects_Init)
    CanBus_Init                              0x0800107d   Thumb Code    22  canbus.o(i.CanBus_Init)
    CanBus_Poll                              0x08001099   Thumb Code    18  canbus.o(i.CanBus_Poll)
    Create_Queue                             0x080010eb   Thumb Code    30  queue_list.o(i.Create_Queue)
    DebugMon_Handler                         0x08001109   Thumb Code     2  stm32f10x_it.o(i.DebugMon_Handler)
    FLASH_ClearFlag                          0x0800110d   Thumb Code     6  stm32f10x_flash.o(i.FLASH_ClearFlag)
    FLASH_ErasePage                          0x08001119   Thumb Code    72  stm32f10x_flash.o(i.FLASH_ErasePage)
    FLASH_GetBank1Status                     0x08001165   Thumb Code    48  stm32f10x_flash.o(i.FLASH_GetBank1Status)
    FLASH_Lock                               0x08001199   Thumb Code    14  stm32f10x_flash.o(i.FLASH_Lock)
    FLASH_ProgramWord                        0x080011ad   Thumb Code   102  stm32f10x_flash.o(i.FLASH_ProgramWord)
    FLASH_Unlock                             0x08001219   Thumb Code    12  stm32f10x_flash.o(i.FLASH_Unlock)
    FLASH_WaitForLastOperation               0x08001231   Thumb Code    38  stm32f10x_flash.o(i.FLASH_WaitForLastOperation)
    Flash_WritePage                          0x08001259   Thumb Code    46  bsp_flash.o(i.Flash_WritePage)
    GPIO_Init                                0x0800128d   Thumb Code   278  stm32f10x_gpio.o(i.GPIO_Init)
    GPIO_PinRemapConfig                      0x080013a5   Thumb Code   138  stm32f10x_gpio.o(i.GPIO_PinRemapConfig)
    GPIO_ResetBits                           0x08001435   Thumb Code     4  stm32f10x_gpio.o(i.GPIO_ResetBits)
    HardFault_Handler                        0x08001439   Thumb Code     4  stm32f10x_it.o(i.HardFault_Handler)
    IWDG_Enable                              0x0800143d   Thumb Code    10  stm32f10x_iwdg.o(i.IWDG_Enable)
    IWDG_ReloadCounter                       0x0800144d   Thumb Code    10  stm32f10x_iwdg.o(i.IWDG_ReloadCounter)
    IWDG_SetPrescaler                        0x0800145d   Thumb Code     6  stm32f10x_iwdg.o(i.IWDG_SetPrescaler)
    IWDG_SetReload                           0x08001469   Thumb Code     6  stm32f10x_iwdg.o(i.IWDG_SetReload)
    IWDG_WriteAccessCmd                      0x08001475   Thumb Code     6  stm32f10x_iwdg.o(i.IWDG_WriteAccessCmd)
    JumpToApplication                        0x08001495   Thumb Code    34  bsp.o(i.JumpToApplication)
    LED1_OFF                                 0x080014bd   Thumb Code    14  bsp_gpio.o(i.LED1_OFF)
    MemManage_Handler                        0x080014d1   Thumb Code     4  stm32f10x_it.o(i.MemManage_Handler)
    NMI_Handler                              0x080014d5   Thumb Code     2  stm32f10x_it.o(i.NMI_Handler)
    NVIC_Init                                0x080014d9   Thumb Code   100  misc.o(i.NVIC_Init)
    NVIC_PriorityGroupConfig                 0x08001549   Thumb Code    10  misc.o(i.NVIC_PriorityGroupConfig)
    NVIC_SetVectorTable                      0x0800155d   Thumb Code    12  misc.o(i.NVIC_SetVectorTable)
    PendSV_Handler                           0x08001571   Thumb Code     2  stm32f10x_it.o(i.PendSV_Handler)
    Protocol_Can_Rec_Update                  0x08001573   Thumb Code   118  protocol_xmodem.o(i.Protocol_Can_Rec_Update)
    Protocol_Can_SendData                    0x080015e9   Thumb Code    94  protocol_xmodem.o(i.Protocol_Can_SendData)
    ProtocolxModem_Poll                      0x08001649   Thumb Code    58  protocol_xmodem.o(i.ProtocolxModem_Poll)
    ProtocolxModem_RecData                   0x08001691   Thumb Code   332  protocol_xmodem.o(i.ProtocolxModem_RecData)
    Queue_Is_Empty                           0x08001805   Thumb Code    14  queue_list.o(i.Queue_Is_Empty)
    Queue_Is_Full                            0x08001813   Thumb Code    18  queue_list.o(i.Queue_Is_Full)
    Queue_Read                               0x08001825   Thumb Code   102  queue_list.o(i.Queue_Read)
    Queue_Write                              0x0800188b   Thumb Code   140  queue_list.o(i.Queue_Write)
    RCC_APB1PeriphClockCmd                   0x08001919   Thumb Code    26  stm32f10x_rcc.o(i.RCC_APB1PeriphClockCmd)
    RCC_APB1PeriphResetCmd                   0x08001939   Thumb Code    26  stm32f10x_rcc.o(i.RCC_APB1PeriphResetCmd)
    RCC_APB2PeriphClockCmd                   0x08001959   Thumb Code    26  stm32f10x_rcc.o(i.RCC_APB2PeriphClockCmd)
    SVC_Handler                              0x08001979   Thumb Code     2  stm32f10x_it.o(i.SVC_Handler)
    SysTick_Handler                          0x08001a65   Thumb Code    36  bsp_systick.o(i.SysTick_Handler)
    SystemInit                               0x08001a95   Thumb Code    82  system_stm32f10x.o(i.SystemInit)
    USB_HP_CAN1_TX_IRQHandler                0x08001af9   Thumb Code    28  stm32f10x_it.o(i.USB_HP_CAN1_TX_IRQHandler)
    USB_LP_CAN1_RX0_IRQHandler               0x08001b19   Thumb Code    72  stm32f10x_it.o(i.USB_LP_CAN1_RX0_IRQHandler)
    UsageFault_Handler                       0x08001b69   Thumb Code     4  stm32f10x_it.o(i.UsageFault_Handler)
    main                                     0x08001b6d   Thumb Code    24  main.o(i.main)
    Region$$Table$$Base                      0x08001b84   Number         0  anon$$obj.o(Region$$Table)
    Region$$Table$$Limit                     0x08001ba4   Number         0  anon$$obj.o(Region$$Table)
    SystemCoreClock                          0x20000000   Data           4  system_stm32f10x.o(.data)
    AHBPrescTable                            0x20000004   Data          16  system_stm32f10x.o(.data)
    SysTick_Count                            0x20000014   Data           4  bsp_systick.o(.data)
    ReBoot_OverTime                          0x20000018   Data           2  protocol_xmodem.o(.data)
    g_updateFlag                             0x2000001a   Data           1  protocol_xmodem.o(.data)
    MY_ADDR                                  0x2000001b   Data           1  protocol_xmodem.o(.data)
    Flash_PageBuf                            0x20000050   Data        1024  protocol_xmodem.o(.bss)
    __libspace_start                         0x20000478   Data          96  libspace.o(.bss)
    __temporary_stack_top$libspace           0x200004d8   Data           0  libspace.o(.bss)



==============================================================================

Memory Map of the image

  Image Entry point : 0x080000ed

  Load Region LR_IROM1 (Base: 0x08000000, Size: 0x00001be0, Max: 0x00010000, ABSOLUTE)

    Execution Region ER_IROM1 (Base: 0x08000000, Size: 0x00001ba4, Max: 0x00010000, ABSOLUTE)

    Base Addr    Size         Type   Attr      Idx    E Section Name        Object

    0x08000000   0x000000ec   Data   RO         3356    RESET               startup_stm32f10x_md.o
    0x080000ec   0x00000008   Code   RO         3943  * !!!main             c_w.l(__main.o)
    0x080000f4   0x00000034   Code   RO         4145    !!!scatter          c_w.l(__scatter.o)
    0x08000128   0x0000001a   Code   RO         4147    !!handler_copy      c_w.l(__scatter_copy.o)
    0x08000142   0x00000002   PAD
    0x08000144   0x0000001c   Code   RO         4149    !!handler_zi        c_w.l(__scatter_zi.o)
    0x08000160   0x00000002   Code   RO         4085    .ARM.Collect$$libinit$$00000000  c_w.l(libinit.o)
    0x08000162   0x00000000   Code   RO         3978    .ARM.Collect$$libinit$$00000002  c_w.l(libinit2.o)
    0x08000162   0x00000000   Code   RO         3980    .ARM.Collect$$libinit$$00000004  c_w.l(libinit2.o)
    0x08000162   0x00000008   Code   RO         3981    .ARM.Collect$$libinit$$00000005  c_w.l(libinit2.o)
    0x0800016a   0x00000000   Code   RO         3983    .ARM.Collect$$libinit$$0000000A  c_w.l(libinit2.o)
    0x0800016a   0x00000000   Code   RO         3985    .ARM.Collect$$libinit$$0000000C  c_w.l(libinit2.o)
    0x0800016a   0x00000000   Code   RO         3987    .ARM.Collect$$libinit$$0000000E  c_w.l(libinit2.o)
    0x0800016a   0x00000000   Code   RO         3990    .ARM.Collect$$libinit$$00000011  c_w.l(libinit2.o)
    0x0800016a   0x00000000   Code   RO         3992    .ARM.Collect$$libinit$$00000013  c_w.l(libinit2.o)
    0x0800016a   0x00000000   Code   RO         3994    .ARM.Collect$$libinit$$00000015  c_w.l(libinit2.o)
    0x0800016a   0x00000000   Code   RO         3996    .ARM.Collect$$libinit$$00000017  c_w.l(libinit2.o)
    0x0800016a   0x00000000   Code   RO         3998    .ARM.Collect$$libinit$$00000019  c_w.l(libinit2.o)
    0x0800016a   0x00000000   Code   RO         4000    .ARM.Collect$$libinit$$0000001B  c_w.l(libinit2.o)
    0x0800016a   0x00000000   Code   RO         4002    .ARM.Collect$$libinit$$0000001D  c_w.l(libinit2.o)
    0x0800016a   0x00000000   Code   RO         4004    .ARM.Collect$$libinit$$0000001F  c_w.l(libinit2.o)
    0x0800016a   0x00000000   Code   RO         4006    .ARM.Collect$$libinit$$00000021  c_w.l(libinit2.o)
    0x0800016a   0x00000000   Code   RO         4008    .ARM.Collect$$libinit$$00000023  c_w.l(libinit2.o)
    0x0800016a   0x00000000   Code   RO         4010    .ARM.Collect$$libinit$$00000025  c_w.l(libinit2.o)
    0x0800016a   0x00000000   Code   RO         4014    .ARM.Collect$$libinit$$0000002C  c_w.l(libinit2.o)
    0x0800016a   0x00000000   Code   RO         4016    .ARM.Collect$$libinit$$0000002E  c_w.l(libinit2.o)
    0x0800016a   0x00000000   Code   RO         4018    .ARM.Collect$$libinit$$00000030  c_w.l(libinit2.o)
    0x0800016a   0x00000000   Code   RO         4020    .ARM.Collect$$libinit$$00000032  c_w.l(libinit2.o)
    0x0800016a   0x00000002   Code   RO         4021    .ARM.Collect$$libinit$$00000033  c_w.l(libinit2.o)
    0x0800016c   0x00000002   Code   RO         4142    .ARM.Collect$$libshutdown$$00000000  c_w.l(libshutdown.o)
    0x0800016e   0x00000000   Code   RO         4100    .ARM.Collect$$libshutdown$$00000003  c_w.l(libshutdown2.o)
    0x0800016e   0x00000000   Code   RO         4103    .ARM.Collect$$libshutdown$$00000006  c_w.l(libshutdown2.o)
    0x0800016e   0x00000000   Code   RO         4106    .ARM.Collect$$libshutdown$$00000009  c_w.l(libshutdown2.o)
    0x0800016e   0x00000000   Code   RO         4108    .ARM.Collect$$libshutdown$$0000000B  c_w.l(libshutdown2.o)
    0x0800016e   0x00000000   Code   RO         4111    .ARM.Collect$$libshutdown$$0000000E  c_w.l(libshutdown2.o)
    0x0800016e   0x00000002   Code   RO         4112    .ARM.Collect$$libshutdown$$0000000F  c_w.l(libshutdown2.o)
    0x08000170   0x00000000   Code   RO         3947    .ARM.Collect$$rtentry$$00000000  c_w.l(__rtentry.o)
    0x08000170   0x00000000   Code   RO         4028    .ARM.Collect$$rtentry$$00000002  c_w.l(__rtentry2.o)
    0x08000170   0x00000006   Code   RO         4040    .ARM.Collect$$rtentry$$00000004  c_w.l(__rtentry4.o)
    0x08000176   0x00000000   Code   RO         4030    .ARM.Collect$$rtentry$$00000009  c_w.l(__rtentry2.o)
    0x08000176   0x00000004   Code   RO         4031    .ARM.Collect$$rtentry$$0000000A  c_w.l(__rtentry2.o)
    0x0800017a   0x00000000   Code   RO         4033    .ARM.Collect$$rtentry$$0000000C  c_w.l(__rtentry2.o)
    0x0800017a   0x00000008   Code   RO         4034    .ARM.Collect$$rtentry$$0000000D  c_w.l(__rtentry2.o)
    0x08000182   0x00000002   Code   RO         4088    .ARM.Collect$$rtexit$$00000000  c_w.l(rtexit.o)
    0x08000184   0x00000000   Code   RO         4116    .ARM.Collect$$rtexit$$00000002  c_w.l(rtexit2.o)
    0x08000184   0x00000004   Code   RO         4117    .ARM.Collect$$rtexit$$00000003  c_w.l(rtexit2.o)
    0x08000188   0x00000006   Code   RO         4118    .ARM.Collect$$rtexit$$00000004  c_w.l(rtexit2.o)
    0x0800018e   0x00000002   PAD
    0x08000190   0x00000020   Code   RO         3297    .emb_text           core_cm3.o
    0x080001b0   0x00000000   Code   RO         4044    .emb_text           c_w.l(maybetermalloc1.o)
    0x080001b0   0x00000040   Code   RO         3357    .text               startup_stm32f10x_md.o
    0x080001f0   0x0000005e   Code   RO         3881    .text               c_w.l(h1_alloc.o)
    0x0800024e   0x0000004e   Code   RO         3883    .text               c_w.l(h1_free.o)
    0x0800029c   0x0000008a   Code   RO         3939    .text               c_w.l(rt_memcpy_v6.o)
    0x08000326   0x00000006   Code   RO         3941    .text               c_w.l(heapauxi.o)
    0x0800032c   0x00000008   Code   RO         3951    .text               c_w.l(rt_heap_descriptor_intlibspace.o)
    0x08000334   0x00000004   Code   RO         3953    .text               c_w.l(hguard.o)
    0x08000338   0x0000008a   Code   RO         3955    .text               c_w.l(init_alloc.o)
    0x080003c2   0x0000000e   Code   RO         3959    .text               c_w.l(h1_init.o)
    0x080003d0   0x00000064   Code   RO         3973    .text               c_w.l(rt_memcpy_w.o)
    0x08000434   0x00000008   Code   RO         4024    .text               c_w.l(libspace.o)
    0x0800043c   0x00000034   Code   RO         4046    .text               c_w.l(h1_extend.o)
    0x08000470   0x0000000e   Code   RO         4050    .text               c_w.l(defsig_rtmem_outer.o)
    0x0800047e   0x00000002   Code   RO         4061    .text               c_w.l(use_no_semi.o)
    0x08000480   0x00000000   Code   RO         4063    .text               c_w.l(indicate_semi.o)
    0x08000480   0x0000004a   Code   RO         4064    .text               c_w.l(sys_stackheap_outer.o)
    0x080004ca   0x0000000c   Code   RO         4070    .text               c_w.l(exit.o)
    0x080004d6   0x0000000a   Code   RO         4072    .text               c_w.l(defsig_exit.o)
    0x080004e0   0x00000050   Code   RO         4074    .text               c_w.l(defsig_rtmem_inner.o)
    0x08000530   0x0000000c   Code   RO         4086    .text               c_w.l(sys_exit.o)
    0x0800053c   0x00000032   Code   RO         4096    .text               c_w.l(defsig_general.o)
    0x0800056e   0x0000000e   Code   RO         4113    .text               c_w.l(sys_wrch.o)
    0x0800057c   0x00000160   Code   RO         3521    i.BSP_CAN_Init      bsp_can.o
    0x080006dc   0x00000018   Code   RO         3361    i.BSP_Flash_ClearPage  bsp_flash.o
    0x080006f4   0x0000001a   Code   RO         3363    i.BSP_Flash_WritePage  bsp_flash.o
    0x0800070e   0x00000002   PAD
    0x08000710   0x0000005c   Code   RO         3407    i.BSP_GPIO_Init     bsp_gpio.o
    0x0800076c   0x0000001e   Code   RO         3485    i.BSP_Init          bsp.o
    0x0800078a   0x00000002   PAD
    0x0800078c   0x00000078   Code   RO         3548    i.BSP_SysTick_Init  bsp_systick.o
    0x08000804   0x0000001e   Code   RO         3486    i.BSP_WatchDog_Init  bsp.o
    0x08000822   0x00000008   Code   RO         3487    i.BSP_WatchDog_Reset  bsp.o
    0x0800082a   0x00000004   Code   RO            1    i.BusFault_Handler  stm32f10x_it.o
    0x0800082e   0x00000002   PAD
    0x08000830   0x000000a8   Code   RO         1927    i.CAN_ClearITPendingBit  stm32f10x_can.o
    0x080008d8   0x00000016   Code   RO         1928    i.CAN_DBGFreeze     stm32f10x_can.o
    0x080008ee   0x00000002   PAD
    0x080008f0   0x00000038   Code   RO         1929    i.CAN_DeInit        stm32f10x_can.o
    0x08000928   0x00000016   Code   RO         1930    i.CAN_FIFORelease   stm32f10x_can.o
    0x0800093e   0x00000002   PAD
    0x08000940   0x00000108   Code   RO         1931    i.CAN_FilterInit    stm32f10x_can.o
    0x08000a48   0x00000120   Code   RO         1933    i.CAN_GetITStatus   stm32f10x_can.o
    0x08000b68   0x00000012   Code   RO         1937    i.CAN_ITConfig      stm32f10x_can.o
    0x08000b7a   0x00000114   Code   RO         1938    i.CAN_Init          stm32f10x_can.o
    0x08000c8e   0x00000022   Code   RO         3522    i.CAN_NVIC_Config   bsp_can.o
    0x08000cb0   0x000000f0   Code   RO         1941    i.CAN_Receive       stm32f10x_can.o
    0x08000da0   0x00000030   Code   RO         3635    i.CAN_Rx_Object_Popup  canbus.o
    0x08000dd0   0x00000020   Code   RO         3636    i.CAN_Rx_Object_Push  canbus.o
    0x08000df0   0x00000020   Code   RO         3637    i.CAN_Rx_Objects_Init  canbus.o
    0x08000e10   0x00000020   Code   RO         1944    i.CAN_StructInit    stm32f10x_can.o
    0x08000e30   0x00000018   Code   RO         3523    i.CAN_TX_FIFO_Is_Empty  bsp_can.o
    0x08000e48   0x00000126   Code   RO         1946    i.CAN_Transmit      stm32f10x_can.o
    0x08000f6e   0x00000002   PAD
    0x08000f70   0x0000000c   Code   RO         3638    i.CAN_Tx_Object_Flag_Set  canbus.o
    0x08000f7c   0x00000044   Code   RO         3639    i.CAN_Tx_Object_Interrupt_Handler  canbus.o
    0x08000fc0   0x00000010   Code   RO         3640    i.CAN_Tx_Object_Is_Empty  canbus.o
    0x08000fd0   0x00000028   Code   RO         3641    i.CAN_Tx_Object_Popup  canbus.o
    0x08000ff8   0x00000064   Code   RO         3642    i.CAN_Tx_Object_Push  canbus.o
    0x0800105c   0x00000020   Code   RO         3643    i.CAN_Tx_Objects_Init  canbus.o
    0x0800107c   0x0000001c   Code   RO         3644    i.CanBus_Init       canbus.o
    0x08001098   0x00000018   Code   RO         3645    i.CanBus_Poll       canbus.o
    0x080010b0   0x00000012   Code   RO         1949    i.CheckITStatus     stm32f10x_can.o
    0x080010c2   0x00000014   Code   RO         3779    i.Copy_To_Item      queue_list.o
    0x080010d6   0x00000014   Code   RO         3780    i.Copy_To_Node      queue_list.o
    0x080010ea   0x0000001e   Code   RO         3781    i.Create_Queue      queue_list.o
    0x08001108   0x00000002   Code   RO            2    i.DebugMon_Handler  stm32f10x_it.o
    0x0800110a   0x00000002   PAD
    0x0800110c   0x0000000c   Code   RO         2323    i.FLASH_ClearFlag   stm32f10x_flash.o
    0x08001118   0x0000004c   Code   RO         2328    i.FLASH_ErasePage   stm32f10x_flash.o
    0x08001164   0x00000034   Code   RO         2329    i.FLASH_GetBank1Status  stm32f10x_flash.o
    0x08001198   0x00000014   Code   RO         2338    i.FLASH_Lock        stm32f10x_flash.o
    0x080011ac   0x0000006c   Code   RO         2343    i.FLASH_ProgramWord  stm32f10x_flash.o
    0x08001218   0x00000018   Code   RO         2346    i.FLASH_Unlock      stm32f10x_flash.o
    0x08001230   0x00000026   Code   RO         2350    i.FLASH_WaitForLastOperation  stm32f10x_flash.o
    0x08001256   0x00000002   PAD
    0x08001258   0x00000034   Code   RO         3365    i.Flash_WritePage   bsp_flash.o
    0x0800128c   0x00000116   Code   RO          488    i.GPIO_Init         stm32f10x_gpio.o
    0x080013a2   0x00000002   PAD
    0x080013a4   0x00000090   Code   RO          490    i.GPIO_PinRemapConfig  stm32f10x_gpio.o
    0x08001434   0x00000004   Code   RO          495    i.GPIO_ResetBits    stm32f10x_gpio.o
    0x08001438   0x00000004   Code   RO            3    i.HardFault_Handler  stm32f10x_it.o
    0x0800143c   0x00000010   Code   RO         2500    i.IWDG_Enable       stm32f10x_iwdg.o
    0x0800144c   0x00000010   Code   RO         2502    i.IWDG_ReloadCounter  stm32f10x_iwdg.o
    0x0800145c   0x0000000c   Code   RO         2503    i.IWDG_SetPrescaler  stm32f10x_iwdg.o
    0x08001468   0x0000000c   Code   RO         2504    i.IWDG_SetReload    stm32f10x_iwdg.o
    0x08001474   0x0000000c   Code   RO         2505    i.IWDG_WriteAccessCmd  stm32f10x_iwdg.o
    0x08001480   0x00000014   Code   RO         3784    i.Init_Queue        queue_list.o
    0x08001494   0x00000028   Code   RO         3488    i.JumpToApplication  bsp.o
    0x080014bc   0x00000014   Code   RO         3408    i.LED1_OFF          bsp_gpio.o
    0x080014d0   0x00000004   Code   RO            4    i.MemManage_Handler  stm32f10x_it.o
    0x080014d4   0x00000002   Code   RO            5    i.NMI_Handler       stm32f10x_it.o
    0x080014d6   0x00000002   PAD
    0x080014d8   0x00000070   Code   RO          602    i.NVIC_Init         misc.o
    0x08001548   0x00000014   Code   RO          603    i.NVIC_PriorityGroupConfig  misc.o
    0x0800155c   0x00000014   Code   RO          604    i.NVIC_SetVectorTable  misc.o
    0x08001570   0x00000002   Code   RO            6    i.PendSV_Handler    stm32f10x_it.o
    0x08001572   0x00000076   Code   RO         3586    i.Protocol_Can_Rec_Update  protocol_xmodem.o
    0x080015e8   0x0000005e   Code   RO         3587    i.Protocol_Can_SendData  protocol_xmodem.o
    0x08001646   0x00000002   PAD
    0x08001648   0x00000048   Code   RO         3589    i.ProtocolxModem_Poll  protocol_xmodem.o
    0x08001690   0x00000174   Code   RO         3590    i.ProtocolxModem_RecData  protocol_xmodem.o
    0x08001804   0x0000000e   Code   RO         3788    i.Queue_Is_Empty    queue_list.o
    0x08001812   0x00000012   Code   RO         3789    i.Queue_Is_Full     queue_list.o
    0x08001824   0x00000066   Code   RO         3790    i.Queue_Read        queue_list.o
    0x0800188a   0x0000008c   Code   RO         3792    i.Queue_Write       queue_list.o
    0x08001916   0x00000002   PAD
    0x08001918   0x00000020   Code   RO          208    i.RCC_APB1PeriphClockCmd  stm32f10x_rcc.o
    0x08001938   0x00000020   Code   RO          209    i.RCC_APB1PeriphResetCmd  stm32f10x_rcc.o
    0x08001958   0x00000020   Code   RO          210    i.RCC_APB2PeriphClockCmd  stm32f10x_rcc.o
    0x08001978   0x00000002   Code   RO            7    i.SVC_Handler       stm32f10x_it.o
    0x0800197a   0x00000008   Code   RO         3308    i.SetSysClock       system_stm32f10x.o
    0x08001982   0x00000002   PAD
    0x08001984   0x000000e0   Code   RO         3309    i.SetSysClockTo72   system_stm32f10x.o
    0x08001a64   0x00000030   Code   RO         3551    i.SysTick_Handler   bsp_systick.o
    0x08001a94   0x00000064   Code   RO         3311    i.SystemInit        system_stm32f10x.o
    0x08001af8   0x00000020   Code   RO            8    i.USB_HP_CAN1_TX_IRQHandler  stm32f10x_it.o
    0x08001b18   0x00000050   Code   RO            9    i.USB_LP_CAN1_RX0_IRQHandler  stm32f10x_it.o
    0x08001b68   0x00000004   Code   RO           10    i.UsageFault_Handler  stm32f10x_it.o
    0x08001b6c   0x00000018   Code   RO          185    i.main              main.o
    0x08001b84   0x00000020   Data   RO         4143    Region$$Table       anon$$obj.o


    Execution Region RW_IRAM1 (Base: 0x20000000, Size: 0x00001ed8, Max: 0x00005000, ABSOLUTE)

    Base Addr    Size         Type   Attr      Idx    E Section Name        Object

    0x20000000   0x00000014   Data   RW         3312    .data               system_stm32f10x.o
    0x20000014   0x00000004   Data   RW         3552    .data               bsp_systick.o
    0x20000018   0x00000014   Data   RW         3592    .data               protocol_xmodem.o
    0x2000002c   0x00000010   Data   RW         3647    .data               canbus.o
    0x2000003c   0x00000014   Zero   RW           11    .bss                stm32f10x_it.o
    0x20000050   0x00000400   Zero   RW         3591    .bss                protocol_xmodem.o
    0x20000450   0x00000028   Zero   RW         3646    .bss                canbus.o
    0x20000478   0x00000060   Zero   RW         4025    .bss                c_w.l(libspace.o)
    0x200004d8   0x00001000   Zero   RW         3355    HEAP                startup_stm32f10x_md.o
    0x200014d8   0x00000a00   Zero   RW         3354    STACK               startup_stm32f10x_md.o


==============================================================================

Image component sizes


      Code (inc. data)   RO Data    RW Data    ZI Data      Debug   Object Name

       108          6          0          0          0       2544   bsp.o
       410          8          0          0          0       3288   bsp_can.o
       102          6          0          0          0       1866   bsp_flash.o
       112         20          0          0          0       1051   bsp_gpio.o
       168         24          0          4          0      16756   bsp_systick.o
       432         62          0         16         40       8354   canbus.o
        32          0          0          0          0        672   core_cm3.o
        24          0          0          0          0        479   main.o
       152         30          0          0          0       4393   misc.o
       656         60          0         20       1024       4894   protocol_xmodem.o
       364          0          0          0          0       6707   queue_list.o
        64         26        236          0       6656        956   startup_stm32f10x_md.o
      1698         22          0          0          0      18270   stm32f10x_can.o
       330         38          0          0          0      12720   stm32f10x_flash.o
       426          6          0          0          0      12327   stm32f10x_gpio.o
       136         12          0          0         20     238621   stm32f10x_it.o
        68         30          0          0          0       2982   stm32f10x_iwdg.o
        96         18          0          0          0     203947   stm32f10x_rcc.o
       332         28          0         20          0      10841   system_stm32f10x.o

    ----------------------------------------------------------------------
      5736        396        268         60       7740     551668   Object Totals
         0          0         32          0          0          0   (incl. Generated)
        26          0          0          0          0          0   (incl. Padding)

    ----------------------------------------------------------------------

      Code (inc. data)   RO Data    RW Data    ZI Data      Debug   Library Member Name

         8          0          0          0          0         68   __main.o
         0          0          0          0          0          0   __rtentry.o
        12          0          0          0          0          0   __rtentry2.o
         6          0          0          0          0          0   __rtentry4.o
        52          8          0          0          0          0   __scatter.o
        26          0          0          0          0          0   __scatter_copy.o
        28          0          0          0          0          0   __scatter_zi.o
        10          0          0          0          0         68   defsig_exit.o
        50          0          0          0          0         88   defsig_general.o
        80         58          0          0          0         76   defsig_rtmem_inner.o
        14          0          0          0          0         80   defsig_rtmem_outer.o
        12          0          0          0          0         72   exit.o
        94          0          0          0          0         80   h1_alloc.o
        52          0          0          0          0         68   h1_extend.o
        78          0          0          0          0         80   h1_free.o
        14          0          0          0          0         84   h1_init.o
         6          0          0          0          0        152   heapauxi.o
         4          0          0          0          0        136   hguard.o
         0          0          0          0          0          0   indicate_semi.o
       138          0          0          0          0        168   init_alloc.o
         2          0          0          0          0          0   libinit.o
        10          0          0          0          0          0   libinit2.o
         2          0          0          0          0          0   libshutdown.o
         2          0          0          0          0          0   libshutdown2.o
         8          4          0          0         96         68   libspace.o
         0          0          0          0          0          0   maybetermalloc1.o
         8          4          0          0          0         68   rt_heap_descriptor_intlibspace.o
       138          0          0          0          0         68   rt_memcpy_v6.o
       100          0          0          0          0         80   rt_memcpy_w.o
         2          0          0          0          0          0   rtexit.o
        10          0          0          0          0          0   rtexit2.o
        12          4          0          0          0         68   sys_exit.o
        74          0          0          0          0         80   sys_stackheap_outer.o
        14          0          0          0          0         76   sys_wrch.o
         2          0          0          0          0         68   use_no_semi.o

    ----------------------------------------------------------------------
      1072         78          0          0         96       1796   Library Totals
         4          0          0          0          0          0   (incl. Padding)

    ----------------------------------------------------------------------

      Code (inc. data)   RO Data    RW Data    ZI Data      Debug   Library Name

      1068         78          0          0         96       1796   c_w.l

    ----------------------------------------------------------------------
      1072         78          0          0         96       1796   Library Totals

    ----------------------------------------------------------------------

==============================================================================


      Code (inc. data)   RO Data    RW Data    ZI Data      Debug   

      6808        474        268         60       7836     548312   Grand Totals
      6808        474        268         60       7836     548312   ELF Image Totals
      6808        474        268         60          0          0   ROM Totals

==============================================================================

    Total RO  Size (Code + RO Data)                 7076 (   6.91kB)
    Total RW  Size (RW Data + ZI Data)              7896 (   7.71kB)
    Total ROM Size (Code + RO Data + RW Data)       7136 (   6.97kB)

==============================================================================

