<!doctype html public "-//w3c//dtd html 4.0 transitional//en">
<html><head>
<title>Static Call Graph - [.\STM32100E-EVAL\STM32F103.axf]</title></head>
<body><HR>
<H1>Static Call Graph for image .\STM32100E-EVAL\STM32F103.axf</H1><HR>
<BR><P>#&#060CALLGRAPH&#062# ARM Linker, 5050106: Last Updated: Mon Apr 02 08:25:58 2018
<BR><P>
<H3>Maximum Stack Usage =        368 bytes + Unknown(Cycles, Untraceable Function Pointers)</H3><H3>
Call chain for Maximum Stack Depth:</H3>
USB_LP_CAN1_RX0_IRQHandler &rArr; CAN_Rx_Fast_Poll &rArr; Protocol_M1_RecData &rArr; Protocol_M1_Deal &rArr; operation_device &rArr; Protocol_M1_Operation &rArr; Protocol_M1_State_ACK &rArr; Protocol_M1_SendData &rArr; Protocol_M1_Send_Next &rArr; CAN_Tx_Object_Push &rArr; BSP_CAN_Init &rArr; GPIO_Init
<P>
<H3>
Mutually Recursive functions
</H3> <LI><a href="#[1c]">ADC1_2_IRQHandler</a>&nbsp;&nbsp;&nbsp;&rArr;&nbsp;&nbsp;&nbsp;<a href="#[1c]">ADC1_2_IRQHandler</a><BR>
 <LI><a href="#[108]">Scene_Operation</a>&nbsp;&nbsp;&nbsp;&rArr;&nbsp;&nbsp;&nbsp;<a href="#[107]">Protocol_M1_Operation</a><BR>
</UL>
<P>
<H3>
Function Pointers
</H3><UL>
 <LI><a href="#[1c]">ADC1_2_IRQHandler</a> from startup_stm32f10x_md.o(.text) referenced from startup_stm32f10x_md.o(RESET)
 <LI><a href="#[3a]">BEEP_Pro</a> from bsp_beep.o(i.BEEP_Pro) referenced from protocol_m1_device.o(i.Device_Init)
 <LI><a href="#[4]">BusFault_Handler</a> from stm32f10x_it.o(i.BusFault_Handler) referenced from startup_stm32f10x_md.o(RESET)
 <LI><a href="#[1f]">CAN1_RX1_IRQHandler</a> from startup_stm32f10x_md.o(.text) referenced from startup_stm32f10x_md.o(RESET)
 <LI><a href="#[20]">CAN1_SCE_IRQHandler</a> from startup_stm32f10x_md.o(.text) referenced from startup_stm32f10x_md.o(RESET)
 <LI><a href="#[15]">DMA1_Channel1_IRQHandler</a> from startup_stm32f10x_md.o(.text) referenced from startup_stm32f10x_md.o(RESET)
 <LI><a href="#[16]">DMA1_Channel2_IRQHandler</a> from startup_stm32f10x_md.o(.text) referenced from startup_stm32f10x_md.o(RESET)
 <LI><a href="#[17]">DMA1_Channel3_IRQHandler</a> from startup_stm32f10x_md.o(.text) referenced from startup_stm32f10x_md.o(RESET)
 <LI><a href="#[18]">DMA1_Channel4_IRQHandler</a> from startup_stm32f10x_md.o(.text) referenced from startup_stm32f10x_md.o(RESET)
 <LI><a href="#[19]">DMA1_Channel5_IRQHandler</a> from startup_stm32f10x_md.o(.text) referenced from startup_stm32f10x_md.o(RESET)
 <LI><a href="#[1a]">DMA1_Channel6_IRQHandler</a> from startup_stm32f10x_md.o(.text) referenced from startup_stm32f10x_md.o(RESET)
 <LI><a href="#[1b]">DMA1_Channel7_IRQHandler</a> from startup_stm32f10x_md.o(.text) referenced from startup_stm32f10x_md.o(RESET)
 <LI><a href="#[7]">DebugMon_Handler</a> from stm32f10x_it.o(i.DebugMon_Handler) referenced from startup_stm32f10x_md.o(RESET)
 <LI><a href="#[10]">EXTI0_IRQHandler</a> from startup_stm32f10x_md.o(.text) referenced from startup_stm32f10x_md.o(RESET)
 <LI><a href="#[32]">EXTI15_10_IRQHandler</a> from bsp_gpio.o(i.EXTI15_10_IRQHandler) referenced from startup_stm32f10x_md.o(RESET)
 <LI><a href="#[11]">EXTI1_IRQHandler</a> from startup_stm32f10x_md.o(.text) referenced from startup_stm32f10x_md.o(RESET)
 <LI><a href="#[12]">EXTI2_IRQHandler</a> from startup_stm32f10x_md.o(.text) referenced from startup_stm32f10x_md.o(RESET)
 <LI><a href="#[13]">EXTI3_IRQHandler</a> from startup_stm32f10x_md.o(.text) referenced from startup_stm32f10x_md.o(RESET)
 <LI><a href="#[14]">EXTI4_IRQHandler</a> from startup_stm32f10x_md.o(.text) referenced from startup_stm32f10x_md.o(RESET)
 <LI><a href="#[21]">EXTI9_5_IRQHandler</a> from startup_stm32f10x_md.o(.text) referenced from startup_stm32f10x_md.o(RESET)
 <LI><a href="#[e]">FLASH_IRQHandler</a> from startup_stm32f10x_md.o(.text) referenced from startup_stm32f10x_md.o(RESET)
 <LI><a href="#[2]">HardFault_Handler</a> from stm32f10x_it.o(i.HardFault_Handler) referenced from startup_stm32f10x_md.o(RESET)
 <LI><a href="#[2a]">I2C1_ER_IRQHandler</a> from startup_stm32f10x_md.o(.text) referenced from startup_stm32f10x_md.o(RESET)
 <LI><a href="#[29]">I2C1_EV_IRQHandler</a> from startup_stm32f10x_md.o(.text) referenced from startup_stm32f10x_md.o(RESET)
 <LI><a href="#[2c]">I2C2_ER_IRQHandler</a> from startup_stm32f10x_md.o(.text) referenced from startup_stm32f10x_md.o(RESET)
 <LI><a href="#[2b]">I2C2_EV_IRQHandler</a> from startup_stm32f10x_md.o(.text) referenced from startup_stm32f10x_md.o(RESET)
 <LI><a href="#[44]">IsKeyDown1</a> from bsp_key.o(i.IsKeyDown1) referenced from bsp_key.o(i.bsp_InitKeyVar)
 <LI><a href="#[45]">IsKeyDown2</a> from bsp_key.o(i.IsKeyDown2) referenced from bsp_key.o(i.bsp_InitKeyVar)
 <LI><a href="#[46]">IsKeyDown3</a> from bsp_key.o(i.IsKeyDown3) referenced from bsp_key.o(i.bsp_InitKeyVar)
 <LI><a href="#[3b]">Key_Handle</a> from bsp_key.o(i.Key_Handle) referenced from protocol_m1_device.o(i.Device_Init)
 <LI><a href="#[43]">LED1_Reversal</a> from bsp_gpio.o(i.LED1_Reversal) referenced from protocol_m1_device.o(i.Sys_Run_State)
 <LI><a href="#[42]">M1_HeartBeatErro</a> from protocol_m1.o(i.M1_HeartBeatErro) referenced from protocol_m1.o(i.Send_M1_HeartBeat)
 <LI><a href="#[3]">MemManage_Handler</a> from stm32f10x_it.o(i.MemManage_Handler) referenced from startup_stm32f10x_md.o(RESET)
 <LI><a href="#[1]">NMI_Handler</a> from stm32f10x_it.o(i.NMI_Handler) referenced from startup_stm32f10x_md.o(RESET)
 <LI><a href="#[3c]">Out_Handle</a> from bsp_gpio.o(i.Out_Handle) referenced from protocol_m1_device.o(i.Device_Init)
 <LI><a href="#[b]">PVD_IRQHandler</a> from startup_stm32f10x_md.o(.text) referenced from startup_stm32f10x_md.o(RESET)
 <LI><a href="#[8]">PendSV_Handler</a> from stm32f10x_it.o(i.PendSV_Handler) referenced from startup_stm32f10x_md.o(RESET)
 <LI><a href="#[3f]">Protocol_M1_RecData_TimeOut</a> from protocol_m1.o(i.Protocol_M1_RecData_TimeOut) referenced from protocol_m1.o(i.Protocol_M1_RecData)
 <LI><a href="#[40]">Protocol_M1_Send_TimeOut</a> from protocol_m1.o(i.Protocol_M1_Send_TimeOut) referenced from protocol_m1.o(i.Protocol_M1_Send_Next)
 <LI><a href="#[f]">RCC_IRQHandler</a> from startup_stm32f10x_md.o(.text) referenced from startup_stm32f10x_md.o(RESET)
 <LI><a href="#[33]">RTCAlarm_IRQHandler</a> from startup_stm32f10x_md.o(.text) referenced from startup_stm32f10x_md.o(RESET)
 <LI><a href="#[d]">RTC_IRQHandler</a> from startup_stm32f10x_md.o(.text) referenced from startup_stm32f10x_md.o(RESET)
 <LI><a href="#[0]">Reset_Handler</a> from startup_stm32f10x_md.o(.text) referenced from startup_stm32f10x_md.o(RESET)
 <LI><a href="#[3d]">RunDevice_ON</a> from protocol_m1_device.o(i.RunDevice_ON) referenced from protocol_m1_device.o(i.Protocol_M1_Operation)
 <LI><a href="#[3e]">RunScene_ON</a> from protocol_m1_device.o(i.RunScene_ON) referenced from protocol_m1_device.o(i.Protocol_M1_Operation)
 <LI><a href="#[2d]">SPI1_IRQHandler</a> from startup_stm32f10x_md.o(.text) referenced from startup_stm32f10x_md.o(RESET)
 <LI><a href="#[2e]">SPI2_IRQHandler</a> from startup_stm32f10x_md.o(.text) referenced from startup_stm32f10x_md.o(RESET)
 <LI><a href="#[6]">SVC_Handler</a> from stm32f10x_it.o(i.SVC_Handler) referenced from startup_stm32f10x_md.o(RESET)
 <LI><a href="#[41]">Scene_Exe_Channel</a> from protocol_m1_scene.o(i.Scene_Exe_Channel) referenced from protocol_m1_scene.o(i.Scene_Operation)
 <LI><a href="#[39]">Send_M1_HeartBeat</a> from protocol_m1.o(i.Send_M1_HeartBeat) referenced from protocol_m1_device.o(i.Device_Init)
 <LI><a href="#[39]">Send_M1_HeartBeat</a> from protocol_m1.o(i.Send_M1_HeartBeat) referenced from protocol_m1.o(i.Register_OK)
 <LI><a href="#[39]">Send_M1_HeartBeat</a> from protocol_m1.o(i.Send_M1_HeartBeat) referenced from protocol_m1.o(i.Set_Bus_lock_State)
 <LI><a href="#[38]">Send_M1_Register</a> from protocol_m1.o(i.Send_M1_Register) referenced from protocol_m1_device.o(i.Device_Init)
 <LI><a href="#[38]">Send_M1_Register</a> from protocol_m1.o(i.Send_M1_Register) referenced from protocol_m1_device.o(i.Protocol_M1_Device_Set)
 <LI><a href="#[9]">SysTick_Handler</a> from bsp_systick.o(i.SysTick_Handler) referenced from startup_stm32f10x_md.o(RESET)
 <LI><a href="#[36]">SystemInit</a> from system_stm32f10x.o(i.SystemInit) referenced from startup_stm32f10x_md.o(.text)
 <LI><a href="#[c]">TAMPER_IRQHandler</a> from startup_stm32f10x_md.o(.text) referenced from startup_stm32f10x_md.o(RESET)
 <LI><a href="#[22]">TIM1_BRK_IRQHandler</a> from startup_stm32f10x_md.o(.text) referenced from startup_stm32f10x_md.o(RESET)
 <LI><a href="#[25]">TIM1_CC_IRQHandler</a> from startup_stm32f10x_md.o(.text) referenced from startup_stm32f10x_md.o(RESET)
 <LI><a href="#[24]">TIM1_TRG_COM_IRQHandler</a> from startup_stm32f10x_md.o(.text) referenced from startup_stm32f10x_md.o(RESET)
 <LI><a href="#[23]">TIM1_UP_IRQHandler</a> from startup_stm32f10x_md.o(.text) referenced from startup_stm32f10x_md.o(RESET)
 <LI><a href="#[26]">TIM2_IRQHandler</a> from startup_stm32f10x_md.o(.text) referenced from startup_stm32f10x_md.o(RESET)
 <LI><a href="#[27]">TIM3_IRQHandler</a> from startup_stm32f10x_md.o(.text) referenced from startup_stm32f10x_md.o(RESET)
 <LI><a href="#[28]">TIM4_IRQHandler</a> from bsp_timer.o(i.TIM4_IRQHandler) referenced from startup_stm32f10x_md.o(RESET)
 <LI><a href="#[2f]">USART1_IRQHandler</a> from startup_stm32f10x_md.o(.text) referenced from startup_stm32f10x_md.o(RESET)
 <LI><a href="#[30]">USART2_IRQHandler</a> from startup_stm32f10x_md.o(.text) referenced from startup_stm32f10x_md.o(RESET)
 <LI><a href="#[31]">USART3_IRQHandler</a> from startup_stm32f10x_md.o(.text) referenced from startup_stm32f10x_md.o(RESET)
 <LI><a href="#[34]">USBWakeUp_IRQHandler</a> from startup_stm32f10x_md.o(.text) referenced from startup_stm32f10x_md.o(RESET)
 <LI><a href="#[1d]">USB_HP_CAN1_TX_IRQHandler</a> from stm32f10x_it.o(i.USB_HP_CAN1_TX_IRQHandler) referenced from startup_stm32f10x_md.o(RESET)
 <LI><a href="#[1e]">USB_LP_CAN1_RX0_IRQHandler</a> from stm32f10x_it.o(i.USB_LP_CAN1_RX0_IRQHandler) referenced from startup_stm32f10x_md.o(RESET)
 <LI><a href="#[5]">UsageFault_Handler</a> from stm32f10x_it.o(i.UsageFault_Handler) referenced from startup_stm32f10x_md.o(RESET)
 <LI><a href="#[a]">WWDG_IRQHandler</a> from startup_stm32f10x_md.o(.text) referenced from startup_stm32f10x_md.o(RESET)
 <LI><a href="#[37]">__main</a> from entry.o(.ARM.Collect$$$$00000000) referenced from startup_stm32f10x_md.o(.text)
 <LI><a href="#[47]">bsp_pled_run</a> from bsp_tlc59108.o(i.bsp_pled_run) referenced from bsp_tlc59108.o(i.bsp_pled_flash_lock_mode)
 <LI><a href="#[47]">bsp_pled_run</a> from bsp_tlc59108.o(i.bsp_pled_run) referenced from bsp_tlc59108.o(i.bsp_pled_flash_run_mode)
 <LI><a href="#[35]">main</a> from main.o(i.main) referenced from entry9a.o(.ARM.Collect$$$$0000000B)
</UL>
<P>
<H3>
Global Symbols
</H3>
<P><STRONG><a name="[37]"></a>__main</STRONG> (Thumb, 0 bytes, Stack size unknown bytes, entry.o(.ARM.Collect$$$$00000000))
<BR>[Address Reference Count : 1]<UL><LI> startup_stm32f10x_md.o(.text)
</UL>
<P><STRONG><a name="[133]"></a>_main_stk</STRONG> (Thumb, 0 bytes, Stack size unknown bytes, entry2.o(.ARM.Collect$$$$00000001))

<P><STRONG><a name="[48]"></a>_main_scatterload</STRONG> (Thumb, 0 bytes, Stack size unknown bytes, entry5.o(.ARM.Collect$$$$00000004))
<BR><BR>[Calls]<UL><LI><a href="#[49]">&gt;&gt;</a>&nbsp;&nbsp;&nbsp;__scatterload
</UL>

<P><STRONG><a name="[4d]"></a>__main_after_scatterload</STRONG> (Thumb, 0 bytes, Stack size unknown bytes, entry5.o(.ARM.Collect$$$$00000004))
<BR><BR>[Called By]<UL><LI><a href="#[49]">&gt;&gt;</a>&nbsp;&nbsp;&nbsp;__scatterload
</UL>

<P><STRONG><a name="[134]"></a>_main_clock</STRONG> (Thumb, 0 bytes, Stack size unknown bytes, entry7b.o(.ARM.Collect$$$$00000008))

<P><STRONG><a name="[135]"></a>_main_cpp_init</STRONG> (Thumb, 0 bytes, Stack size unknown bytes, entry8b.o(.ARM.Collect$$$$0000000A))

<P><STRONG><a name="[136]"></a>_main_init</STRONG> (Thumb, 0 bytes, Stack size unknown bytes, entry9a.o(.ARM.Collect$$$$0000000B))

<P><STRONG><a name="[137]"></a>__rt_final_cpp</STRONG> (Thumb, 0 bytes, Stack size unknown bytes, entry10a.o(.ARM.Collect$$$$0000000D))

<P><STRONG><a name="[138]"></a>__rt_final_exit</STRONG> (Thumb, 0 bytes, Stack size unknown bytes, entry11a.o(.ARM.Collect$$$$0000000F))

<P><STRONG><a name="[139]"></a>__get_PSP</STRONG> (Thumb, 6 bytes, Stack size 0 bytes, core_cm3.o(.emb_text), UNUSED)

<P><STRONG><a name="[13a]"></a>__set_PSP</STRONG> (Thumb, 6 bytes, Stack size 0 bytes, core_cm3.o(.emb_text), UNUSED)

<P><STRONG><a name="[13b]"></a>__get_MSP</STRONG> (Thumb, 6 bytes, Stack size 0 bytes, core_cm3.o(.emb_text), UNUSED)

<P><STRONG><a name="[e6]"></a>__set_MSP</STRONG> (Thumb, 6 bytes, Stack size 0 bytes, core_cm3.o(.emb_text))
<BR><BR>[Called By]<UL><LI><a href="#[e5]">&gt;&gt;</a>&nbsp;&nbsp;&nbsp;JumpToApplication
</UL>

<P><STRONG><a name="[13c]"></a>__REV16</STRONG> (Thumb, 4 bytes, Stack size 0 bytes, core_cm3.o(.emb_text), UNUSED)

<P><STRONG><a name="[13d]"></a>__REVSH</STRONG> (Thumb, 4 bytes, Stack size 0 bytes, core_cm3.o(.emb_text), UNUSED)

<P><STRONG><a name="[0]"></a>Reset_Handler</STRONG> (Thumb, 8 bytes, Stack size 0 bytes, startup_stm32f10x_md.o(.text))
<BR>[Address Reference Count : 1]<UL><LI> startup_stm32f10x_md.o(RESET)
</UL>
<P><STRONG><a name="[1c]"></a>ADC1_2_IRQHandler</STRONG> (Thumb, 0 bytes, Stack size 0 bytes, startup_stm32f10x_md.o(.text))
<BR><BR>[Calls]<UL><LI><a href="#[1c]">&gt;&gt;</a>&nbsp;&nbsp;&nbsp;ADC1_2_IRQHandler
</UL>
<BR>[Called By]<UL><LI><a href="#[1c]">&gt;&gt;</a>&nbsp;&nbsp;&nbsp;ADC1_2_IRQHandler
</UL>
<BR>[Address Reference Count : 1]<UL><LI> startup_stm32f10x_md.o(RESET)
</UL>
<P><STRONG><a name="[1f]"></a>CAN1_RX1_IRQHandler</STRONG> (Thumb, 0 bytes, Stack size 0 bytes, startup_stm32f10x_md.o(.text))
<BR>[Address Reference Count : 1]<UL><LI> startup_stm32f10x_md.o(RESET)
</UL>
<P><STRONG><a name="[20]"></a>CAN1_SCE_IRQHandler</STRONG> (Thumb, 0 bytes, Stack size 0 bytes, startup_stm32f10x_md.o(.text))
<BR>[Address Reference Count : 1]<UL><LI> startup_stm32f10x_md.o(RESET)
</UL>
<P><STRONG><a name="[15]"></a>DMA1_Channel1_IRQHandler</STRONG> (Thumb, 0 bytes, Stack size 0 bytes, startup_stm32f10x_md.o(.text))
<BR>[Address Reference Count : 1]<UL><LI> startup_stm32f10x_md.o(RESET)
</UL>
<P><STRONG><a name="[16]"></a>DMA1_Channel2_IRQHandler</STRONG> (Thumb, 0 bytes, Stack size 0 bytes, startup_stm32f10x_md.o(.text))
<BR>[Address Reference Count : 1]<UL><LI> startup_stm32f10x_md.o(RESET)
</UL>
<P><STRONG><a name="[17]"></a>DMA1_Channel3_IRQHandler</STRONG> (Thumb, 0 bytes, Stack size 0 bytes, startup_stm32f10x_md.o(.text))
<BR>[Address Reference Count : 1]<UL><LI> startup_stm32f10x_md.o(RESET)
</UL>
<P><STRONG><a name="[18]"></a>DMA1_Channel4_IRQHandler</STRONG> (Thumb, 0 bytes, Stack size 0 bytes, startup_stm32f10x_md.o(.text))
<BR>[Address Reference Count : 1]<UL><LI> startup_stm32f10x_md.o(RESET)
</UL>
<P><STRONG><a name="[19]"></a>DMA1_Channel5_IRQHandler</STRONG> (Thumb, 0 bytes, Stack size 0 bytes, startup_stm32f10x_md.o(.text))
<BR>[Address Reference Count : 1]<UL><LI> startup_stm32f10x_md.o(RESET)
</UL>
<P><STRONG><a name="[1a]"></a>DMA1_Channel6_IRQHandler</STRONG> (Thumb, 0 bytes, Stack size 0 bytes, startup_stm32f10x_md.o(.text))
<BR>[Address Reference Count : 1]<UL><LI> startup_stm32f10x_md.o(RESET)
</UL>
<P><STRONG><a name="[1b]"></a>DMA1_Channel7_IRQHandler</STRONG> (Thumb, 0 bytes, Stack size 0 bytes, startup_stm32f10x_md.o(.text))
<BR>[Address Reference Count : 1]<UL><LI> startup_stm32f10x_md.o(RESET)
</UL>
<P><STRONG><a name="[10]"></a>EXTI0_IRQHandler</STRONG> (Thumb, 0 bytes, Stack size 0 bytes, startup_stm32f10x_md.o(.text))
<BR>[Address Reference Count : 1]<UL><LI> startup_stm32f10x_md.o(RESET)
</UL>
<P><STRONG><a name="[11]"></a>EXTI1_IRQHandler</STRONG> (Thumb, 0 bytes, Stack size 0 bytes, startup_stm32f10x_md.o(.text))
<BR>[Address Reference Count : 1]<UL><LI> startup_stm32f10x_md.o(RESET)
</UL>
<P><STRONG><a name="[12]"></a>EXTI2_IRQHandler</STRONG> (Thumb, 0 bytes, Stack size 0 bytes, startup_stm32f10x_md.o(.text))
<BR>[Address Reference Count : 1]<UL><LI> startup_stm32f10x_md.o(RESET)
</UL>
<P><STRONG><a name="[13]"></a>EXTI3_IRQHandler</STRONG> (Thumb, 0 bytes, Stack size 0 bytes, startup_stm32f10x_md.o(.text))
<BR>[Address Reference Count : 1]<UL><LI> startup_stm32f10x_md.o(RESET)
</UL>
<P><STRONG><a name="[14]"></a>EXTI4_IRQHandler</STRONG> (Thumb, 0 bytes, Stack size 0 bytes, startup_stm32f10x_md.o(.text))
<BR>[Address Reference Count : 1]<UL><LI> startup_stm32f10x_md.o(RESET)
</UL>
<P><STRONG><a name="[21]"></a>EXTI9_5_IRQHandler</STRONG> (Thumb, 0 bytes, Stack size 0 bytes, startup_stm32f10x_md.o(.text))
<BR>[Address Reference Count : 1]<UL><LI> startup_stm32f10x_md.o(RESET)
</UL>
<P><STRONG><a name="[e]"></a>FLASH_IRQHandler</STRONG> (Thumb, 0 bytes, Stack size 0 bytes, startup_stm32f10x_md.o(.text))
<BR>[Address Reference Count : 1]<UL><LI> startup_stm32f10x_md.o(RESET)
</UL>
<P><STRONG><a name="[2a]"></a>I2C1_ER_IRQHandler</STRONG> (Thumb, 0 bytes, Stack size 0 bytes, startup_stm32f10x_md.o(.text))
<BR>[Address Reference Count : 1]<UL><LI> startup_stm32f10x_md.o(RESET)
</UL>
<P><STRONG><a name="[29]"></a>I2C1_EV_IRQHandler</STRONG> (Thumb, 0 bytes, Stack size 0 bytes, startup_stm32f10x_md.o(.text))
<BR>[Address Reference Count : 1]<UL><LI> startup_stm32f10x_md.o(RESET)
</UL>
<P><STRONG><a name="[2c]"></a>I2C2_ER_IRQHandler</STRONG> (Thumb, 0 bytes, Stack size 0 bytes, startup_stm32f10x_md.o(.text))
<BR>[Address Reference Count : 1]<UL><LI> startup_stm32f10x_md.o(RESET)
</UL>
<P><STRONG><a name="[2b]"></a>I2C2_EV_IRQHandler</STRONG> (Thumb, 0 bytes, Stack size 0 bytes, startup_stm32f10x_md.o(.text))
<BR>[Address Reference Count : 1]<UL><LI> startup_stm32f10x_md.o(RESET)
</UL>
<P><STRONG><a name="[b]"></a>PVD_IRQHandler</STRONG> (Thumb, 0 bytes, Stack size 0 bytes, startup_stm32f10x_md.o(.text))
<BR>[Address Reference Count : 1]<UL><LI> startup_stm32f10x_md.o(RESET)
</UL>
<P><STRONG><a name="[f]"></a>RCC_IRQHandler</STRONG> (Thumb, 0 bytes, Stack size 0 bytes, startup_stm32f10x_md.o(.text))
<BR>[Address Reference Count : 1]<UL><LI> startup_stm32f10x_md.o(RESET)
</UL>
<P><STRONG><a name="[33]"></a>RTCAlarm_IRQHandler</STRONG> (Thumb, 0 bytes, Stack size 0 bytes, startup_stm32f10x_md.o(.text))
<BR>[Address Reference Count : 1]<UL><LI> startup_stm32f10x_md.o(RESET)
</UL>
<P><STRONG><a name="[d]"></a>RTC_IRQHandler</STRONG> (Thumb, 0 bytes, Stack size 0 bytes, startup_stm32f10x_md.o(.text))
<BR>[Address Reference Count : 1]<UL><LI> startup_stm32f10x_md.o(RESET)
</UL>
<P><STRONG><a name="[2d]"></a>SPI1_IRQHandler</STRONG> (Thumb, 0 bytes, Stack size 0 bytes, startup_stm32f10x_md.o(.text))
<BR>[Address Reference Count : 1]<UL><LI> startup_stm32f10x_md.o(RESET)
</UL>
<P><STRONG><a name="[2e]"></a>SPI2_IRQHandler</STRONG> (Thumb, 0 bytes, Stack size 0 bytes, startup_stm32f10x_md.o(.text))
<BR>[Address Reference Count : 1]<UL><LI> startup_stm32f10x_md.o(RESET)
</UL>
<P><STRONG><a name="[c]"></a>TAMPER_IRQHandler</STRONG> (Thumb, 0 bytes, Stack size 0 bytes, startup_stm32f10x_md.o(.text))
<BR>[Address Reference Count : 1]<UL><LI> startup_stm32f10x_md.o(RESET)
</UL>
<P><STRONG><a name="[22]"></a>TIM1_BRK_IRQHandler</STRONG> (Thumb, 0 bytes, Stack size 0 bytes, startup_stm32f10x_md.o(.text))
<BR>[Address Reference Count : 1]<UL><LI> startup_stm32f10x_md.o(RESET)
</UL>
<P><STRONG><a name="[25]"></a>TIM1_CC_IRQHandler</STRONG> (Thumb, 0 bytes, Stack size 0 bytes, startup_stm32f10x_md.o(.text))
<BR>[Address Reference Count : 1]<UL><LI> startup_stm32f10x_md.o(RESET)
</UL>
<P><STRONG><a name="[24]"></a>TIM1_TRG_COM_IRQHandler</STRONG> (Thumb, 0 bytes, Stack size 0 bytes, startup_stm32f10x_md.o(.text))
<BR>[Address Reference Count : 1]<UL><LI> startup_stm32f10x_md.o(RESET)
</UL>
<P><STRONG><a name="[23]"></a>TIM1_UP_IRQHandler</STRONG> (Thumb, 0 bytes, Stack size 0 bytes, startup_stm32f10x_md.o(.text))
<BR>[Address Reference Count : 1]<UL><LI> startup_stm32f10x_md.o(RESET)
</UL>
<P><STRONG><a name="[26]"></a>TIM2_IRQHandler</STRONG> (Thumb, 0 bytes, Stack size 0 bytes, startup_stm32f10x_md.o(.text))
<BR>[Address Reference Count : 1]<UL><LI> startup_stm32f10x_md.o(RESET)
</UL>
<P><STRONG><a name="[27]"></a>TIM3_IRQHandler</STRONG> (Thumb, 0 bytes, Stack size 0 bytes, startup_stm32f10x_md.o(.text))
<BR>[Address Reference Count : 1]<UL><LI> startup_stm32f10x_md.o(RESET)
</UL>
<P><STRONG><a name="[2f]"></a>USART1_IRQHandler</STRONG> (Thumb, 0 bytes, Stack size 0 bytes, startup_stm32f10x_md.o(.text))
<BR>[Address Reference Count : 1]<UL><LI> startup_stm32f10x_md.o(RESET)
</UL>
<P><STRONG><a name="[30]"></a>USART2_IRQHandler</STRONG> (Thumb, 0 bytes, Stack size 0 bytes, startup_stm32f10x_md.o(.text))
<BR>[Address Reference Count : 1]<UL><LI> startup_stm32f10x_md.o(RESET)
</UL>
<P><STRONG><a name="[31]"></a>USART3_IRQHandler</STRONG> (Thumb, 0 bytes, Stack size 0 bytes, startup_stm32f10x_md.o(.text))
<BR>[Address Reference Count : 1]<UL><LI> startup_stm32f10x_md.o(RESET)
</UL>
<P><STRONG><a name="[34]"></a>USBWakeUp_IRQHandler</STRONG> (Thumb, 0 bytes, Stack size 0 bytes, startup_stm32f10x_md.o(.text))
<BR>[Address Reference Count : 1]<UL><LI> startup_stm32f10x_md.o(RESET)
</UL>
<P><STRONG><a name="[a]"></a>WWDG_IRQHandler</STRONG> (Thumb, 0 bytes, Stack size 0 bytes, startup_stm32f10x_md.o(.text))
<BR>[Address Reference Count : 1]<UL><LI> startup_stm32f10x_md.o(RESET)
</UL>
<P><STRONG><a name="[c5]"></a>__aeabi_memcpy</STRONG> (Thumb, 36 bytes, Stack size 0 bytes, memcpya.o(.text))
<BR><BR>[Called By]<UL><LI><a href="#[c4]">&gt;&gt;</a>&nbsp;&nbsp;&nbsp;ConfigMap_Init
<LI><a href="#[108]">&gt;&gt;</a>&nbsp;&nbsp;&nbsp;Scene_Operation
<LI><a href="#[dc]">&gt;&gt;</a>&nbsp;&nbsp;&nbsp;Protocol_M1_Device_User_Set
<LI><a href="#[c6]">&gt;&gt;</a>&nbsp;&nbsp;&nbsp;ConfigMap_read
<LI><a href="#[ff]">&gt;&gt;</a>&nbsp;&nbsp;&nbsp;Scene_Set
<LI><a href="#[c7]">&gt;&gt;</a>&nbsp;&nbsp;&nbsp;Protocol_M1_SendData
<LI><a href="#[aa]">&gt;&gt;</a>&nbsp;&nbsp;&nbsp;Protocol_M1_RecData
<LI><a href="#[10a]">&gt;&gt;</a>&nbsp;&nbsp;&nbsp;Protocol_M1_State_ACK
<LI><a href="#[105]">&gt;&gt;</a>&nbsp;&nbsp;&nbsp;Protocol_M1_Key_Send
<LI><a href="#[c9]">&gt;&gt;</a>&nbsp;&nbsp;&nbsp;Copy_To_Node
<LI><a href="#[c8]">&gt;&gt;</a>&nbsp;&nbsp;&nbsp;Copy_To_Item
</UL>

<P><STRONG><a name="[10b]"></a>__aeabi_memcpy4</STRONG> (Thumb, 0 bytes, Stack size 0 bytes, memcpya.o(.text))
<BR><BR>[Called By]<UL><LI><a href="#[10d]">&gt;&gt;</a>&nbsp;&nbsp;&nbsp;Protocol_M1_Send_Next
<LI><a href="#[c7]">&gt;&gt;</a>&nbsp;&nbsp;&nbsp;Protocol_M1_SendData
<LI><a href="#[3f]">&gt;&gt;</a>&nbsp;&nbsp;&nbsp;Protocol_M1_RecData_TimeOut
<LI><a href="#[aa]">&gt;&gt;</a>&nbsp;&nbsp;&nbsp;Protocol_M1_RecData
</UL>

<P><STRONG><a name="[13e]"></a>__aeabi_memcpy8</STRONG> (Thumb, 0 bytes, Stack size 0 bytes, memcpya.o(.text), UNUSED)

<P><STRONG><a name="[4b]"></a>__aeabi_memset</STRONG> (Thumb, 14 bytes, Stack size 0 bytes, memseta.o(.text))
<BR><BR>[Called By]<UL><LI><a href="#[c4]">&gt;&gt;</a>&nbsp;&nbsp;&nbsp;ConfigMap_Init
<LI><a href="#[4c]">&gt;&gt;</a>&nbsp;&nbsp;&nbsp;_memset$wrapper
<LI><a href="#[4a]">&gt;&gt;</a>&nbsp;&nbsp;&nbsp;__aeabi_memclr
</UL>

<P><STRONG><a name="[13f]"></a>__aeabi_memset4</STRONG> (Thumb, 0 bytes, Stack size 0 bytes, memseta.o(.text), UNUSED)

<P><STRONG><a name="[140]"></a>__aeabi_memset8</STRONG> (Thumb, 0 bytes, Stack size 0 bytes, memseta.o(.text), UNUSED)

<P><STRONG><a name="[4a]"></a>__aeabi_memclr</STRONG> (Thumb, 4 bytes, Stack size 0 bytes, memseta.o(.text))
<BR><BR>[Calls]<UL><LI><a href="#[4b]">&gt;&gt;</a>&nbsp;&nbsp;&nbsp;__aeabi_memset
</UL>
<BR>[Called By]<UL><LI><a href="#[c4]">&gt;&gt;</a>&nbsp;&nbsp;&nbsp;ConfigMap_Init
<LI><a href="#[f9]">&gt;&gt;</a>&nbsp;&nbsp;&nbsp;clear_all_data
<LI><a href="#[cc]">&gt;&gt;</a>&nbsp;&nbsp;&nbsp;DataBase_Init
<LI><a href="#[dc]">&gt;&gt;</a>&nbsp;&nbsp;&nbsp;Protocol_M1_Device_User_Set
</UL>

<P><STRONG><a name="[c0]"></a>__aeabi_memclr4</STRONG> (Thumb, 0 bytes, Stack size 0 bytes, memseta.o(.text))
<BR><BR>[Called By]<UL><LI><a href="#[104]">&gt;&gt;</a>&nbsp;&nbsp;&nbsp;Protocol_M1_Init
<LI><a href="#[bf]">&gt;&gt;</a>&nbsp;&nbsp;&nbsp;ChannelInfo_Init
</UL>

<P><STRONG><a name="[141]"></a>__aeabi_memclr8</STRONG> (Thumb, 0 bytes, Stack size 0 bytes, memseta.o(.text), UNUSED)

<P><STRONG><a name="[4c]"></a>_memset$wrapper</STRONG> (Thumb, 18 bytes, Stack size 8 bytes, memseta.o(.text), UNUSED)
<BR><BR>[Calls]<UL><LI><a href="#[4b]">&gt;&gt;</a>&nbsp;&nbsp;&nbsp;__aeabi_memset
</UL>

<P><STRONG><a name="[49]"></a>__scatterload</STRONG> (Thumb, 28 bytes, Stack size 0 bytes, init.o(.text))
<BR><BR>[Calls]<UL><LI><a href="#[4d]">&gt;&gt;</a>&nbsp;&nbsp;&nbsp;__main_after_scatterload
</UL>
<BR>[Called By]<UL><LI><a href="#[48]">&gt;&gt;</a>&nbsp;&nbsp;&nbsp;_main_scatterload
</UL>

<P><STRONG><a name="[142]"></a>__scatterload_rt2</STRONG> (Thumb, 0 bytes, Stack size 0 bytes, init.o(.text), UNUSED)

<P><STRONG><a name="[4e]"></a>ADC1_Configuration</STRONG> (Thumb, 148 bytes, Stack size 32 bytes, bsp_analog.o(i.ADC1_Configuration))
<BR><BR>[Stack]<UL><LI>Max Depth = 56<LI>Call Chain = ADC1_Configuration &rArr; GPIO_Init
</UL>
<BR>[Calls]<UL><LI><a href="#[50]">&gt;&gt;</a>&nbsp;&nbsp;&nbsp;GPIO_Init
<LI><a href="#[4f]">&gt;&gt;</a>&nbsp;&nbsp;&nbsp;RCC_APB2PeriphClockCmd
<LI><a href="#[57]">&gt;&gt;</a>&nbsp;&nbsp;&nbsp;ADC_StartCalibration
<LI><a href="#[59]">&gt;&gt;</a>&nbsp;&nbsp;&nbsp;ADC_SoftwareStartConvCmd
<LI><a href="#[55]">&gt;&gt;</a>&nbsp;&nbsp;&nbsp;ADC_ResetCalibration
<LI><a href="#[52]">&gt;&gt;</a>&nbsp;&nbsp;&nbsp;ADC_RegularChannelConfig
<LI><a href="#[51]">&gt;&gt;</a>&nbsp;&nbsp;&nbsp;ADC_Init
<LI><a href="#[56]">&gt;&gt;</a>&nbsp;&nbsp;&nbsp;ADC_GetResetCalibrationStatus
<LI><a href="#[58]">&gt;&gt;</a>&nbsp;&nbsp;&nbsp;ADC_GetCalibrationStatus
<LI><a href="#[53]">&gt;&gt;</a>&nbsp;&nbsp;&nbsp;ADC_DMACmd
<LI><a href="#[54]">&gt;&gt;</a>&nbsp;&nbsp;&nbsp;ADC_Cmd
</UL>
<BR>[Called By]<UL><LI><a href="#[96]">&gt;&gt;</a>&nbsp;&nbsp;&nbsp;bsp_InitAnalog
</UL>

<P><STRONG><a name="[5a]"></a>ADC2_Configuration</STRONG> (Thumb, 148 bytes, Stack size 32 bytes, bsp_analog.o(i.ADC2_Configuration))
<BR><BR>[Stack]<UL><LI>Max Depth = 56<LI>Call Chain = ADC2_Configuration &rArr; GPIO_Init
</UL>
<BR>[Calls]<UL><LI><a href="#[50]">&gt;&gt;</a>&nbsp;&nbsp;&nbsp;GPIO_Init
<LI><a href="#[4f]">&gt;&gt;</a>&nbsp;&nbsp;&nbsp;RCC_APB2PeriphClockCmd
<LI><a href="#[57]">&gt;&gt;</a>&nbsp;&nbsp;&nbsp;ADC_StartCalibration
<LI><a href="#[59]">&gt;&gt;</a>&nbsp;&nbsp;&nbsp;ADC_SoftwareStartConvCmd
<LI><a href="#[55]">&gt;&gt;</a>&nbsp;&nbsp;&nbsp;ADC_ResetCalibration
<LI><a href="#[52]">&gt;&gt;</a>&nbsp;&nbsp;&nbsp;ADC_RegularChannelConfig
<LI><a href="#[51]">&gt;&gt;</a>&nbsp;&nbsp;&nbsp;ADC_Init
<LI><a href="#[56]">&gt;&gt;</a>&nbsp;&nbsp;&nbsp;ADC_GetResetCalibrationStatus
<LI><a href="#[58]">&gt;&gt;</a>&nbsp;&nbsp;&nbsp;ADC_GetCalibrationStatus
<LI><a href="#[53]">&gt;&gt;</a>&nbsp;&nbsp;&nbsp;ADC_DMACmd
<LI><a href="#[54]">&gt;&gt;</a>&nbsp;&nbsp;&nbsp;ADC_Cmd
</UL>
<BR>[Called By]<UL><LI><a href="#[96]">&gt;&gt;</a>&nbsp;&nbsp;&nbsp;bsp_InitAnalog
</UL>

<P><STRONG><a name="[54]"></a>ADC_Cmd</STRONG> (Thumb, 22 bytes, Stack size 0 bytes, stm32f10x_adc.o(i.ADC_Cmd))
<BR><BR>[Called By]<UL><LI><a href="#[5a]">&gt;&gt;</a>&nbsp;&nbsp;&nbsp;ADC2_Configuration
<LI><a href="#[4e]">&gt;&gt;</a>&nbsp;&nbsp;&nbsp;ADC1_Configuration
</UL>

<P><STRONG><a name="[53]"></a>ADC_DMACmd</STRONG> (Thumb, 22 bytes, Stack size 0 bytes, stm32f10x_adc.o(i.ADC_DMACmd))
<BR><BR>[Called By]<UL><LI><a href="#[5a]">&gt;&gt;</a>&nbsp;&nbsp;&nbsp;ADC2_Configuration
<LI><a href="#[4e]">&gt;&gt;</a>&nbsp;&nbsp;&nbsp;ADC1_Configuration
</UL>

<P><STRONG><a name="[58]"></a>ADC_GetCalibrationStatus</STRONG> (Thumb, 20 bytes, Stack size 0 bytes, stm32f10x_adc.o(i.ADC_GetCalibrationStatus))
<BR><BR>[Called By]<UL><LI><a href="#[5a]">&gt;&gt;</a>&nbsp;&nbsp;&nbsp;ADC2_Configuration
<LI><a href="#[4e]">&gt;&gt;</a>&nbsp;&nbsp;&nbsp;ADC1_Configuration
</UL>

<P><STRONG><a name="[5c]"></a>ADC_GetConversionValue</STRONG> (Thumb, 8 bytes, Stack size 0 bytes, stm32f10x_adc.o(i.ADC_GetConversionValue))
<BR><BR>[Called By]<UL><LI><a href="#[5b]">&gt;&gt;</a>&nbsp;&nbsp;&nbsp;AdcPro
</UL>

<P><STRONG><a name="[56]"></a>ADC_GetResetCalibrationStatus</STRONG> (Thumb, 20 bytes, Stack size 0 bytes, stm32f10x_adc.o(i.ADC_GetResetCalibrationStatus))
<BR><BR>[Called By]<UL><LI><a href="#[5a]">&gt;&gt;</a>&nbsp;&nbsp;&nbsp;ADC2_Configuration
<LI><a href="#[4e]">&gt;&gt;</a>&nbsp;&nbsp;&nbsp;ADC1_Configuration
</UL>

<P><STRONG><a name="[51]"></a>ADC_Init</STRONG> (Thumb, 70 bytes, Stack size 12 bytes, stm32f10x_adc.o(i.ADC_Init))
<BR><BR>[Stack]<UL><LI>Max Depth = 12<LI>Call Chain = ADC_Init
</UL>
<BR>[Called By]<UL><LI><a href="#[5a]">&gt;&gt;</a>&nbsp;&nbsp;&nbsp;ADC2_Configuration
<LI><a href="#[4e]">&gt;&gt;</a>&nbsp;&nbsp;&nbsp;ADC1_Configuration
</UL>

<P><STRONG><a name="[52]"></a>ADC_RegularChannelConfig</STRONG> (Thumb, 184 bytes, Stack size 20 bytes, stm32f10x_adc.o(i.ADC_RegularChannelConfig))
<BR><BR>[Stack]<UL><LI>Max Depth = 20<LI>Call Chain = ADC_RegularChannelConfig
</UL>
<BR>[Called By]<UL><LI><a href="#[5a]">&gt;&gt;</a>&nbsp;&nbsp;&nbsp;ADC2_Configuration
<LI><a href="#[4e]">&gt;&gt;</a>&nbsp;&nbsp;&nbsp;ADC1_Configuration
</UL>

<P><STRONG><a name="[55]"></a>ADC_ResetCalibration</STRONG> (Thumb, 10 bytes, Stack size 0 bytes, stm32f10x_adc.o(i.ADC_ResetCalibration))
<BR><BR>[Called By]<UL><LI><a href="#[5a]">&gt;&gt;</a>&nbsp;&nbsp;&nbsp;ADC2_Configuration
<LI><a href="#[4e]">&gt;&gt;</a>&nbsp;&nbsp;&nbsp;ADC1_Configuration
</UL>

<P><STRONG><a name="[59]"></a>ADC_SoftwareStartConvCmd</STRONG> (Thumb, 22 bytes, Stack size 0 bytes, stm32f10x_adc.o(i.ADC_SoftwareStartConvCmd))
<BR><BR>[Called By]<UL><LI><a href="#[5b]">&gt;&gt;</a>&nbsp;&nbsp;&nbsp;AdcPro
<LI><a href="#[5a]">&gt;&gt;</a>&nbsp;&nbsp;&nbsp;ADC2_Configuration
<LI><a href="#[4e]">&gt;&gt;</a>&nbsp;&nbsp;&nbsp;ADC1_Configuration
</UL>

<P><STRONG><a name="[57]"></a>ADC_StartCalibration</STRONG> (Thumb, 10 bytes, Stack size 0 bytes, stm32f10x_adc.o(i.ADC_StartCalibration))
<BR><BR>[Called By]<UL><LI><a href="#[5a]">&gt;&gt;</a>&nbsp;&nbsp;&nbsp;ADC2_Configuration
<LI><a href="#[4e]">&gt;&gt;</a>&nbsp;&nbsp;&nbsp;ADC1_Configuration
</UL>

<P><STRONG><a name="[5b]"></a>AdcPro</STRONG> (Thumb, 80 bytes, Stack size 16 bytes, bsp_analog.o(i.AdcPro))
<BR><BR>[Stack]<UL><LI>Max Depth = 16<LI>Call Chain = AdcPro
</UL>
<BR>[Calls]<UL><LI><a href="#[59]">&gt;&gt;</a>&nbsp;&nbsp;&nbsp;ADC_SoftwareStartConvCmd
<LI><a href="#[5c]">&gt;&gt;</a>&nbsp;&nbsp;&nbsp;ADC_GetConversionValue
</UL>
<BR>[Called By]<UL><LI><a href="#[e8]">&gt;&gt;</a>&nbsp;&nbsp;&nbsp;Light_Auto
</UL>

<P><STRONG><a name="[5d]"></a>BEEP_InitHard</STRONG> (Thumb, 92 bytes, Stack size 8 bytes, bsp_beep.o(i.BEEP_InitHard))
<BR><BR>[Stack]<UL><LI>Max Depth = 32<LI>Call Chain = BEEP_InitHard &rArr; GPIO_Init
</UL>
<BR>[Calls]<UL><LI><a href="#[50]">&gt;&gt;</a>&nbsp;&nbsp;&nbsp;GPIO_Init
<LI><a href="#[4f]">&gt;&gt;</a>&nbsp;&nbsp;&nbsp;RCC_APB2PeriphClockCmd
</UL>
<BR>[Called By]<UL><LI><a href="#[94]">&gt;&gt;</a>&nbsp;&nbsp;&nbsp;BSP_Init
</UL>

<P><STRONG><a name="[5e]"></a>BEEP_KeyTone</STRONG> (Thumb, 24 bytes, Stack size 8 bytes, bsp_beep.o(i.BEEP_KeyTone))
<BR><BR>[Stack]<UL><LI>Max Depth = 16<LI>Call Chain = BEEP_KeyTone &rArr; BEEP_Start
</UL>
<BR>[Calls]<UL><LI><a href="#[5f]">&gt;&gt;</a>&nbsp;&nbsp;&nbsp;BEEP_Start
</UL>
<BR>[Called By]<UL><LI><a href="#[ec]">&gt;&gt;</a>&nbsp;&nbsp;&nbsp;key_Pool
<LI><a href="#[3b]">&gt;&gt;</a>&nbsp;&nbsp;&nbsp;Key_Handle
</UL>

<P><STRONG><a name="[3a]"></a>BEEP_Pro</STRONG> (Thumb, 204 bytes, Stack size 0 bytes, bsp_beep.o(i.BEEP_Pro))
<BR>[Address Reference Count : 1]<UL><LI> protocol_m1_device.o(i.Device_Init)
</UL>
<P><STRONG><a name="[5f]"></a>BEEP_Start</STRONG> (Thumb, 42 bytes, Stack size 8 bytes, bsp_beep.o(i.BEEP_Start))
<BR><BR>[Stack]<UL><LI>Max Depth = 8<LI>Call Chain = BEEP_Start
</UL>
<BR>[Called By]<UL><LI><a href="#[5e]">&gt;&gt;</a>&nbsp;&nbsp;&nbsp;BEEP_KeyTone
</UL>

<P><STRONG><a name="[12f]"></a>BKP_TamperPinCmd</STRONG> (Thumb, 6 bytes, Stack size 0 bytes, stm32f10x_bkp.o(i.BKP_TamperPinCmd))
<BR><BR>[Called By]<UL><LI><a href="#[9d]">&gt;&gt;</a>&nbsp;&nbsp;&nbsp;bsp_InitKeyHard
</UL>

<P><STRONG><a name="[60]"></a>BSP_24CXX_ReadMoreBytes</STRONG> (Thumb, 114 bytes, Stack size 24 bytes, bsp_24cxx.o(i.BSP_24CXX_ReadMoreBytes))
<BR><BR>[Stack]<UL><LI>Max Depth = 80<LI>Call Chain = BSP_24CXX_ReadMoreBytes &rArr; BSP_IIC_ReadByte &rArr; BSP_IIC_NAck &rArr; SDA_OUT &rArr; GPIO_Init
</UL>
<BR>[Calls]<UL><LI><a href="#[63]">&gt;&gt;</a>&nbsp;&nbsp;&nbsp;BSP_IIC_WaitAck
<LI><a href="#[65]">&gt;&gt;</a>&nbsp;&nbsp;&nbsp;BSP_IIC_Stop
<LI><a href="#[61]">&gt;&gt;</a>&nbsp;&nbsp;&nbsp;BSP_IIC_Start
<LI><a href="#[62]">&gt;&gt;</a>&nbsp;&nbsp;&nbsp;BSP_IIC_SendByte
<LI><a href="#[64]">&gt;&gt;</a>&nbsp;&nbsp;&nbsp;BSP_IIC_ReadByte
</UL>
<BR>[Called By]<UL><LI><a href="#[73]">&gt;&gt;</a>&nbsp;&nbsp;&nbsp;BSP_EEPROM_Load
</UL>

<P><STRONG><a name="[66]"></a>BSP_24CXX_SequentialWrite</STRONG> (Thumb, 90 bytes, Stack size 24 bytes, bsp_24cxx.o(i.BSP_24CXX_SequentialWrite))
<BR><BR>[Stack]<UL><LI>Max Depth = 72<LI>Call Chain = BSP_24CXX_SequentialWrite &rArr; BSP_IIC_WaitAck &rArr; BSP_IIC_Stop &rArr; SDA_OUT &rArr; GPIO_Init
</UL>
<BR>[Calls]<UL><LI><a href="#[63]">&gt;&gt;</a>&nbsp;&nbsp;&nbsp;BSP_IIC_WaitAck
<LI><a href="#[65]">&gt;&gt;</a>&nbsp;&nbsp;&nbsp;BSP_IIC_Stop
<LI><a href="#[61]">&gt;&gt;</a>&nbsp;&nbsp;&nbsp;BSP_IIC_Start
<LI><a href="#[62]">&gt;&gt;</a>&nbsp;&nbsp;&nbsp;BSP_IIC_SendByte
</UL>
<BR>[Called By]<UL><LI><a href="#[67]">&gt;&gt;</a>&nbsp;&nbsp;&nbsp;BSP_24CXX_WriteMoreBytes
</UL>

<P><STRONG><a name="[67]"></a>BSP_24CXX_WriteMoreBytes</STRONG> (Thumb, 324 bytes, Stack size 40 bytes, bsp_24cxx.o(i.BSP_24CXX_WriteMoreBytes))
<BR><BR>[Stack]<UL><LI>Max Depth = 112<LI>Call Chain = BSP_24CXX_WriteMoreBytes &rArr; BSP_24CXX_SequentialWrite &rArr; BSP_IIC_WaitAck &rArr; BSP_IIC_Stop &rArr; SDA_OUT &rArr; GPIO_Init
</UL>
<BR>[Calls]<UL><LI><a href="#[68]">&gt;&gt;</a>&nbsp;&nbsp;&nbsp;delay_us
<LI><a href="#[66]">&gt;&gt;</a>&nbsp;&nbsp;&nbsp;BSP_24CXX_SequentialWrite
</UL>
<BR>[Called By]<UL><LI><a href="#[76]">&gt;&gt;</a>&nbsp;&nbsp;&nbsp;BSP_EEPROM_Save
</UL>

<P><STRONG><a name="[69]"></a>BSP_CAN_Init</STRONG> (Thumb, 496 bytes, Stack size 56 bytes, bsp_can.o(i.BSP_CAN_Init))
<BR><BR>[Stack]<UL><LI>Max Depth = 80<LI>Call Chain = BSP_CAN_Init &rArr; GPIO_Init
</UL>
<BR>[Calls]<UL><LI><a href="#[71]">&gt;&gt;</a>&nbsp;&nbsp;&nbsp;NVIC_PriorityGroupConfig
<LI><a href="#[72]">&gt;&gt;</a>&nbsp;&nbsp;&nbsp;NVIC_Init
<LI><a href="#[50]">&gt;&gt;</a>&nbsp;&nbsp;&nbsp;GPIO_Init
<LI><a href="#[4f]">&gt;&gt;</a>&nbsp;&nbsp;&nbsp;RCC_APB2PeriphClockCmd
<LI><a href="#[6a]">&gt;&gt;</a>&nbsp;&nbsp;&nbsp;RCC_APB1PeriphClockCmd
<LI><a href="#[6d]">&gt;&gt;</a>&nbsp;&nbsp;&nbsp;CAN_StructInit
<LI><a href="#[6e]">&gt;&gt;</a>&nbsp;&nbsp;&nbsp;CAN_Init
<LI><a href="#[70]">&gt;&gt;</a>&nbsp;&nbsp;&nbsp;CAN_ITConfig
<LI><a href="#[6f]">&gt;&gt;</a>&nbsp;&nbsp;&nbsp;CAN_FilterInit
<LI><a href="#[6b]">&gt;&gt;</a>&nbsp;&nbsp;&nbsp;CAN_DeInit
<LI><a href="#[6c]">&gt;&gt;</a>&nbsp;&nbsp;&nbsp;CAN_DBGFreeze
</UL>
<BR>[Called By]<UL><LI><a href="#[bc]">&gt;&gt;</a>&nbsp;&nbsp;&nbsp;CanBus_Init
<LI><a href="#[b8]">&gt;&gt;</a>&nbsp;&nbsp;&nbsp;CAN_Tx_Object_Push
</UL>

<P><STRONG><a name="[73]"></a>BSP_EEPROM_Load</STRONG> (Thumb, 52 bytes, Stack size 24 bytes, bsp_eeprom.o(i.BSP_EEPROM_Load))
<BR><BR>[Stack]<UL><LI>Max Depth = 104<LI>Call Chain = BSP_EEPROM_Load &rArr; BSP_24CXX_ReadMoreBytes &rArr; BSP_IIC_ReadByte &rArr; BSP_IIC_NAck &rArr; SDA_OUT &rArr; GPIO_Init
</UL>
<BR>[Calls]<UL><LI><a href="#[74]">&gt;&gt;</a>&nbsp;&nbsp;&nbsp;BSP_WatchDog_Reset
<LI><a href="#[75]">&gt;&gt;</a>&nbsp;&nbsp;&nbsp;TIM_Cmd
<LI><a href="#[60]">&gt;&gt;</a>&nbsp;&nbsp;&nbsp;BSP_24CXX_ReadMoreBytes
</UL>
<BR>[Called By]<UL><LI><a href="#[d6]">&gt;&gt;</a>&nbsp;&nbsp;&nbsp;DataBase_Load_Scenen
<LI><a href="#[cd]">&gt;&gt;</a>&nbsp;&nbsp;&nbsp;DataBase_Load
</UL>

<P><STRONG><a name="[76]"></a>BSP_EEPROM_Save</STRONG> (Thumb, 26 bytes, Stack size 16 bytes, bsp_eeprom.o(i.BSP_EEPROM_Save))
<BR><BR>[Stack]<UL><LI>Max Depth = 128<LI>Call Chain = BSP_EEPROM_Save &rArr; BSP_24CXX_WriteMoreBytes &rArr; BSP_24CXX_SequentialWrite &rArr; BSP_IIC_WaitAck &rArr; BSP_IIC_Stop &rArr; SDA_OUT &rArr; GPIO_Init
</UL>
<BR>[Calls]<UL><LI><a href="#[74]">&gt;&gt;</a>&nbsp;&nbsp;&nbsp;BSP_WatchDog_Reset
<LI><a href="#[67]">&gt;&gt;</a>&nbsp;&nbsp;&nbsp;BSP_24CXX_WriteMoreBytes
</UL>
<BR>[Called By]<UL><LI><a href="#[d8]">&gt;&gt;</a>&nbsp;&nbsp;&nbsp;DataBase_SaveNow
</UL>

<P><STRONG><a name="[77]"></a>BSP_GPIO_Init</STRONG> (Thumb, 370 bytes, Stack size 8 bytes, bsp_gpio.o(i.BSP_GPIO_Init))
<BR><BR>[Stack]<UL><LI>Max Depth = 32<LI>Call Chain = BSP_GPIO_Init &rArr; GPIO_Init
</UL>
<BR>[Calls]<UL><LI><a href="#[79]">&gt;&gt;</a>&nbsp;&nbsp;&nbsp;GPIO_ReadInputDataBit
<LI><a href="#[78]">&gt;&gt;</a>&nbsp;&nbsp;&nbsp;GPIO_PinRemapConfig
<LI><a href="#[50]">&gt;&gt;</a>&nbsp;&nbsp;&nbsp;GPIO_Init
<LI><a href="#[4f]">&gt;&gt;</a>&nbsp;&nbsp;&nbsp;RCC_APB2PeriphClockCmd
<LI><a href="#[7c]">&gt;&gt;</a>&nbsp;&nbsp;&nbsp;OUT3_REST
<LI><a href="#[7b]">&gt;&gt;</a>&nbsp;&nbsp;&nbsp;OUT2_REST
<LI><a href="#[7a]">&gt;&gt;</a>&nbsp;&nbsp;&nbsp;OUT1_REST
<LI><a href="#[7d]">&gt;&gt;</a>&nbsp;&nbsp;&nbsp;BSP_GPIO_STATE
</UL>
<BR>[Called By]<UL><LI><a href="#[94]">&gt;&gt;</a>&nbsp;&nbsp;&nbsp;BSP_Init
</UL>

<P><STRONG><a name="[7e]"></a>BSP_GPIO_Rest</STRONG> (Thumb, 44 bytes, Stack size 8 bytes, bsp_gpio.o(i.BSP_GPIO_Rest))
<BR><BR>[Stack]<UL><LI>Max Depth = 64<LI>Call Chain = BSP_GPIO_Rest &rArr; TLC59108_reset &rArr; TLC59108_I2C_RecAck &rArr; TLC59108_I2C_SDA_IO_SET &rArr; GPIO_Init
</UL>
<BR>[Calls]<UL><LI><a href="#[80]">&gt;&gt;</a>&nbsp;&nbsp;&nbsp;TLC59108_reset
<LI><a href="#[7f]">&gt;&gt;</a>&nbsp;&nbsp;&nbsp;BSP_PdCheck
<LI><a href="#[7d]">&gt;&gt;</a>&nbsp;&nbsp;&nbsp;BSP_GPIO_STATE
</UL>
<BR>[Called By]<UL><LI><a href="#[35]">&gt;&gt;</a>&nbsp;&nbsp;&nbsp;main
</UL>

<P><STRONG><a name="[7d]"></a>BSP_GPIO_STATE</STRONG> (Thumb, 112 bytes, Stack size 16 bytes, bsp_gpio.o(i.BSP_GPIO_STATE))
<BR><BR>[Stack]<UL><LI>Max Depth = 24<LI>Call Chain = BSP_GPIO_STATE &rArr; OUT3_REST
</UL>
<BR>[Calls]<UL><LI><a href="#[7c]">&gt;&gt;</a>&nbsp;&nbsp;&nbsp;OUT3_REST
<LI><a href="#[83]">&gt;&gt;</a>&nbsp;&nbsp;&nbsp;OUT3_ON
<LI><a href="#[86]">&gt;&gt;</a>&nbsp;&nbsp;&nbsp;OUT3_OFF
<LI><a href="#[7b]">&gt;&gt;</a>&nbsp;&nbsp;&nbsp;OUT2_REST
<LI><a href="#[82]">&gt;&gt;</a>&nbsp;&nbsp;&nbsp;OUT2_ON
<LI><a href="#[85]">&gt;&gt;</a>&nbsp;&nbsp;&nbsp;OUT2_OFF
<LI><a href="#[7a]">&gt;&gt;</a>&nbsp;&nbsp;&nbsp;OUT1_REST
<LI><a href="#[81]">&gt;&gt;</a>&nbsp;&nbsp;&nbsp;OUT1_ON
<LI><a href="#[84]">&gt;&gt;</a>&nbsp;&nbsp;&nbsp;OUT1_OFF
</UL>
<BR>[Called By]<UL><LI><a href="#[7e]">&gt;&gt;</a>&nbsp;&nbsp;&nbsp;BSP_GPIO_Rest
<LI><a href="#[3c]">&gt;&gt;</a>&nbsp;&nbsp;&nbsp;Out_Handle
<LI><a href="#[32]">&gt;&gt;</a>&nbsp;&nbsp;&nbsp;EXTI15_10_IRQHandler
<LI><a href="#[93]">&gt;&gt;</a>&nbsp;&nbsp;&nbsp;BSP_IO_Poll
<LI><a href="#[77]">&gt;&gt;</a>&nbsp;&nbsp;&nbsp;BSP_GPIO_Init
</UL>

<P><STRONG><a name="[115]"></a>BSP_GpioZoroCount</STRONG> (Thumb, 20 bytes, Stack size 0 bytes, bsp_gpio.o(i.BSP_GpioZoroCount))
<BR><BR>[Called By]<UL><LI><a href="#[9]">&gt;&gt;</a>&nbsp;&nbsp;&nbsp;SysTick_Handler
</UL>

<P><STRONG><a name="[87]"></a>BSP_IIC_Ack</STRONG> (Thumb, 36 bytes, Stack size 8 bytes, bsp_iic.o(i.BSP_IIC_Ack))
<BR><BR>[Stack]<UL><LI>Max Depth = 40<LI>Call Chain = BSP_IIC_Ack &rArr; SDA_OUT &rArr; GPIO_Init
</UL>
<BR>[Calls]<UL><LI><a href="#[8b]">&gt;&gt;</a>&nbsp;&nbsp;&nbsp;Set_IIC_SCL
<LI><a href="#[89]">&gt;&gt;</a>&nbsp;&nbsp;&nbsp;SDA_OUT
<LI><a href="#[8a]">&gt;&gt;</a>&nbsp;&nbsp;&nbsp;Clr_IIC_SDA
<LI><a href="#[88]">&gt;&gt;</a>&nbsp;&nbsp;&nbsp;Clr_IIC_SCL
<LI><a href="#[68]">&gt;&gt;</a>&nbsp;&nbsp;&nbsp;delay_us
</UL>
<BR>[Called By]<UL><LI><a href="#[64]">&gt;&gt;</a>&nbsp;&nbsp;&nbsp;BSP_IIC_ReadByte
</UL>

<P><STRONG><a name="[8c]"></a>BSP_IIC_Init</STRONG> (Thumb, 122 bytes, Stack size 8 bytes, bsp_iic.o(i.BSP_IIC_Init))
<BR><BR>[Stack]<UL><LI>Max Depth = 32<LI>Call Chain = BSP_IIC_Init &rArr; GPIO_Init
</UL>
<BR>[Calls]<UL><LI><a href="#[50]">&gt;&gt;</a>&nbsp;&nbsp;&nbsp;GPIO_Init
<LI><a href="#[4f]">&gt;&gt;</a>&nbsp;&nbsp;&nbsp;RCC_APB2PeriphClockCmd
<LI><a href="#[8d]">&gt;&gt;</a>&nbsp;&nbsp;&nbsp;Set_IIC_SDA
<LI><a href="#[8b]">&gt;&gt;</a>&nbsp;&nbsp;&nbsp;Set_IIC_SCL
<LI><a href="#[8e]">&gt;&gt;</a>&nbsp;&nbsp;&nbsp;Clr_IIC_WP
</UL>
<BR>[Called By]<UL><LI><a href="#[94]">&gt;&gt;</a>&nbsp;&nbsp;&nbsp;BSP_Init
</UL>

<P><STRONG><a name="[8f]"></a>BSP_IIC_NAck</STRONG> (Thumb, 36 bytes, Stack size 8 bytes, bsp_iic.o(i.BSP_IIC_NAck))
<BR><BR>[Stack]<UL><LI>Max Depth = 40<LI>Call Chain = BSP_IIC_NAck &rArr; SDA_OUT &rArr; GPIO_Init
</UL>
<BR>[Calls]<UL><LI><a href="#[8d]">&gt;&gt;</a>&nbsp;&nbsp;&nbsp;Set_IIC_SDA
<LI><a href="#[8b]">&gt;&gt;</a>&nbsp;&nbsp;&nbsp;Set_IIC_SCL
<LI><a href="#[89]">&gt;&gt;</a>&nbsp;&nbsp;&nbsp;SDA_OUT
<LI><a href="#[88]">&gt;&gt;</a>&nbsp;&nbsp;&nbsp;Clr_IIC_SCL
<LI><a href="#[68]">&gt;&gt;</a>&nbsp;&nbsp;&nbsp;delay_us
</UL>
<BR>[Called By]<UL><LI><a href="#[64]">&gt;&gt;</a>&nbsp;&nbsp;&nbsp;BSP_IIC_ReadByte
</UL>

<P><STRONG><a name="[64]"></a>BSP_IIC_ReadByte</STRONG> (Thumb, 72 bytes, Stack size 16 bytes, bsp_iic.o(i.BSP_IIC_ReadByte))
<BR><BR>[Stack]<UL><LI>Max Depth = 56<LI>Call Chain = BSP_IIC_ReadByte &rArr; BSP_IIC_NAck &rArr; SDA_OUT &rArr; GPIO_Init
</UL>
<BR>[Calls]<UL><LI><a href="#[8b]">&gt;&gt;</a>&nbsp;&nbsp;&nbsp;Set_IIC_SCL
<LI><a href="#[90]">&gt;&gt;</a>&nbsp;&nbsp;&nbsp;SDA_IN
<LI><a href="#[91]">&gt;&gt;</a>&nbsp;&nbsp;&nbsp;READ_SDA
<LI><a href="#[88]">&gt;&gt;</a>&nbsp;&nbsp;&nbsp;Clr_IIC_SCL
<LI><a href="#[8f]">&gt;&gt;</a>&nbsp;&nbsp;&nbsp;BSP_IIC_NAck
<LI><a href="#[87]">&gt;&gt;</a>&nbsp;&nbsp;&nbsp;BSP_IIC_Ack
<LI><a href="#[68]">&gt;&gt;</a>&nbsp;&nbsp;&nbsp;delay_us
</UL>
<BR>[Called By]<UL><LI><a href="#[60]">&gt;&gt;</a>&nbsp;&nbsp;&nbsp;BSP_24CXX_ReadMoreBytes
</UL>

<P><STRONG><a name="[62]"></a>BSP_IIC_SendByte</STRONG> (Thumb, 70 bytes, Stack size 16 bytes, bsp_iic.o(i.BSP_IIC_SendByte))
<BR><BR>[Stack]<UL><LI>Max Depth = 48<LI>Call Chain = BSP_IIC_SendByte &rArr; SDA_OUT &rArr; GPIO_Init
</UL>
<BR>[Calls]<UL><LI><a href="#[8d]">&gt;&gt;</a>&nbsp;&nbsp;&nbsp;Set_IIC_SDA
<LI><a href="#[8b]">&gt;&gt;</a>&nbsp;&nbsp;&nbsp;Set_IIC_SCL
<LI><a href="#[89]">&gt;&gt;</a>&nbsp;&nbsp;&nbsp;SDA_OUT
<LI><a href="#[8a]">&gt;&gt;</a>&nbsp;&nbsp;&nbsp;Clr_IIC_SDA
<LI><a href="#[88]">&gt;&gt;</a>&nbsp;&nbsp;&nbsp;Clr_IIC_SCL
<LI><a href="#[68]">&gt;&gt;</a>&nbsp;&nbsp;&nbsp;delay_us
</UL>
<BR>[Called By]<UL><LI><a href="#[66]">&gt;&gt;</a>&nbsp;&nbsp;&nbsp;BSP_24CXX_SequentialWrite
<LI><a href="#[60]">&gt;&gt;</a>&nbsp;&nbsp;&nbsp;BSP_24CXX_ReadMoreBytes
</UL>

<P><STRONG><a name="[61]"></a>BSP_IIC_Start</STRONG> (Thumb, 36 bytes, Stack size 8 bytes, bsp_iic.o(i.BSP_IIC_Start))
<BR><BR>[Stack]<UL><LI>Max Depth = 40<LI>Call Chain = BSP_IIC_Start &rArr; SDA_OUT &rArr; GPIO_Init
</UL>
<BR>[Calls]<UL><LI><a href="#[8d]">&gt;&gt;</a>&nbsp;&nbsp;&nbsp;Set_IIC_SDA
<LI><a href="#[8b]">&gt;&gt;</a>&nbsp;&nbsp;&nbsp;Set_IIC_SCL
<LI><a href="#[89]">&gt;&gt;</a>&nbsp;&nbsp;&nbsp;SDA_OUT
<LI><a href="#[8a]">&gt;&gt;</a>&nbsp;&nbsp;&nbsp;Clr_IIC_SDA
<LI><a href="#[88]">&gt;&gt;</a>&nbsp;&nbsp;&nbsp;Clr_IIC_SCL
<LI><a href="#[68]">&gt;&gt;</a>&nbsp;&nbsp;&nbsp;delay_us
</UL>
<BR>[Called By]<UL><LI><a href="#[66]">&gt;&gt;</a>&nbsp;&nbsp;&nbsp;BSP_24CXX_SequentialWrite
<LI><a href="#[60]">&gt;&gt;</a>&nbsp;&nbsp;&nbsp;BSP_24CXX_ReadMoreBytes
</UL>

<P><STRONG><a name="[65]"></a>BSP_IIC_Stop</STRONG> (Thumb, 42 bytes, Stack size 8 bytes, bsp_iic.o(i.BSP_IIC_Stop))
<BR><BR>[Stack]<UL><LI>Max Depth = 40<LI>Call Chain = BSP_IIC_Stop &rArr; SDA_OUT &rArr; GPIO_Init
</UL>
<BR>[Calls]<UL><LI><a href="#[8d]">&gt;&gt;</a>&nbsp;&nbsp;&nbsp;Set_IIC_SDA
<LI><a href="#[8b]">&gt;&gt;</a>&nbsp;&nbsp;&nbsp;Set_IIC_SCL
<LI><a href="#[89]">&gt;&gt;</a>&nbsp;&nbsp;&nbsp;SDA_OUT
<LI><a href="#[8a]">&gt;&gt;</a>&nbsp;&nbsp;&nbsp;Clr_IIC_SDA
<LI><a href="#[88]">&gt;&gt;</a>&nbsp;&nbsp;&nbsp;Clr_IIC_SCL
<LI><a href="#[68]">&gt;&gt;</a>&nbsp;&nbsp;&nbsp;delay_us
<LI><a href="#[92]">&gt;&gt;</a>&nbsp;&nbsp;&nbsp;delay_ms
</UL>
<BR>[Called By]<UL><LI><a href="#[63]">&gt;&gt;</a>&nbsp;&nbsp;&nbsp;BSP_IIC_WaitAck
<LI><a href="#[66]">&gt;&gt;</a>&nbsp;&nbsp;&nbsp;BSP_24CXX_SequentialWrite
<LI><a href="#[60]">&gt;&gt;</a>&nbsp;&nbsp;&nbsp;BSP_24CXX_ReadMoreBytes
</UL>

<P><STRONG><a name="[63]"></a>BSP_IIC_WaitAck</STRONG> (Thumb, 62 bytes, Stack size 8 bytes, bsp_iic.o(i.BSP_IIC_WaitAck))
<BR><BR>[Stack]<UL><LI>Max Depth = 48<LI>Call Chain = BSP_IIC_WaitAck &rArr; BSP_IIC_Stop &rArr; SDA_OUT &rArr; GPIO_Init
</UL>
<BR>[Calls]<UL><LI><a href="#[8d]">&gt;&gt;</a>&nbsp;&nbsp;&nbsp;Set_IIC_SDA
<LI><a href="#[8b]">&gt;&gt;</a>&nbsp;&nbsp;&nbsp;Set_IIC_SCL
<LI><a href="#[90]">&gt;&gt;</a>&nbsp;&nbsp;&nbsp;SDA_IN
<LI><a href="#[91]">&gt;&gt;</a>&nbsp;&nbsp;&nbsp;READ_SDA
<LI><a href="#[88]">&gt;&gt;</a>&nbsp;&nbsp;&nbsp;Clr_IIC_SCL
<LI><a href="#[68]">&gt;&gt;</a>&nbsp;&nbsp;&nbsp;delay_us
<LI><a href="#[65]">&gt;&gt;</a>&nbsp;&nbsp;&nbsp;BSP_IIC_Stop
</UL>
<BR>[Called By]<UL><LI><a href="#[66]">&gt;&gt;</a>&nbsp;&nbsp;&nbsp;BSP_24CXX_SequentialWrite
<LI><a href="#[60]">&gt;&gt;</a>&nbsp;&nbsp;&nbsp;BSP_24CXX_ReadMoreBytes
</UL>

<P><STRONG><a name="[93]"></a>BSP_IO_Poll</STRONG> (Thumb, 176 bytes, Stack size 8 bytes, bsp_gpio.o(i.BSP_IO_Poll))
<BR><BR>[Stack]<UL><LI>Max Depth = 32<LI>Call Chain = BSP_IO_Poll &rArr; BSP_GPIO_STATE &rArr; OUT3_REST
</UL>
<BR>[Calls]<UL><LI><a href="#[7d]">&gt;&gt;</a>&nbsp;&nbsp;&nbsp;BSP_GPIO_STATE
</UL>
<BR>[Called By]<UL><LI><a href="#[3c]">&gt;&gt;</a>&nbsp;&nbsp;&nbsp;Out_Handle
</UL>

<P><STRONG><a name="[94]"></a>BSP_Init</STRONG> (Thumb, 50 bytes, Stack size 8 bytes, bsp.o(i.BSP_Init))
<BR><BR>[Stack]<UL><LI>Max Depth = 72<LI>Call Chain = BSP_Init &rArr; bsp_InitAnalog &rArr; ADC2_Configuration &rArr; GPIO_Init
</UL>
<BR>[Calls]<UL><LI><a href="#[95]">&gt;&gt;</a>&nbsp;&nbsp;&nbsp;NVIC_SetVectorTable
<LI><a href="#[99]">&gt;&gt;</a>&nbsp;&nbsp;&nbsp;bsp_InitLed
<LI><a href="#[96]">&gt;&gt;</a>&nbsp;&nbsp;&nbsp;bsp_InitAnalog
<LI><a href="#[98]">&gt;&gt;</a>&nbsp;&nbsp;&nbsp;BSP_TimerInit
<LI><a href="#[97]">&gt;&gt;</a>&nbsp;&nbsp;&nbsp;BSP_SysTick_Init
<LI><a href="#[9a]">&gt;&gt;</a>&nbsp;&nbsp;&nbsp;BSP_InitKey
<LI><a href="#[8c]">&gt;&gt;</a>&nbsp;&nbsp;&nbsp;BSP_IIC_Init
<LI><a href="#[5d]">&gt;&gt;</a>&nbsp;&nbsp;&nbsp;BEEP_InitHard
<LI><a href="#[9b]">&gt;&gt;</a>&nbsp;&nbsp;&nbsp;BSP_WatchDog_Init
<LI><a href="#[77]">&gt;&gt;</a>&nbsp;&nbsp;&nbsp;BSP_GPIO_Init
</UL>
<BR>[Called By]<UL><LI><a href="#[35]">&gt;&gt;</a>&nbsp;&nbsp;&nbsp;main
</UL>

<P><STRONG><a name="[9a]"></a>BSP_InitKey</STRONG> (Thumb, 12 bytes, Stack size 8 bytes, bsp_key.o(i.BSP_InitKey))
<BR><BR>[Stack]<UL><LI>Max Depth = 40<LI>Call Chain = BSP_InitKey &rArr; bsp_InitKeyHard &rArr; GPIO_Init
</UL>
<BR>[Calls]<UL><LI><a href="#[9c]">&gt;&gt;</a>&nbsp;&nbsp;&nbsp;bsp_InitKeyVar
<LI><a href="#[9d]">&gt;&gt;</a>&nbsp;&nbsp;&nbsp;bsp_InitKeyHard
</UL>
<BR>[Called By]<UL><LI><a href="#[94]">&gt;&gt;</a>&nbsp;&nbsp;&nbsp;BSP_Init
</UL>

<P><STRONG><a name="[109]"></a>BSP_OUT</STRONG> (Thumb, 184 bytes, Stack size 12 bytes, bsp_gpio.o(i.BSP_OUT))
<BR><BR>[Stack]<UL><LI>Max Depth = 12<LI>Call Chain = BSP_OUT
</UL>
<BR>[Called By]<UL><LI><a href="#[107]">&gt;&gt;</a>&nbsp;&nbsp;&nbsp;Protocol_M1_Operation
<LI><a href="#[ec]">&gt;&gt;</a>&nbsp;&nbsp;&nbsp;key_Pool
</UL>

<P><STRONG><a name="[7f]"></a>BSP_PdCheck</STRONG> (Thumb, 54 bytes, Stack size 8 bytes, bsp_gpio.o(i.BSP_PdCheck))
<BR><BR>[Stack]<UL><LI>Max Depth = 8<LI>Call Chain = BSP_PdCheck
</UL>
<BR>[Calls]<UL><LI><a href="#[79]">&gt;&gt;</a>&nbsp;&nbsp;&nbsp;GPIO_ReadInputDataBit
</UL>
<BR>[Called By]<UL><LI><a href="#[7e]">&gt;&gt;</a>&nbsp;&nbsp;&nbsp;BSP_GPIO_Rest
</UL>

<P><STRONG><a name="[97]"></a>BSP_SysTick_Init</STRONG> (Thumb, 108 bytes, Stack size 12 bytes, bsp_systick.o(i.BSP_SysTick_Init))
<BR><BR>[Stack]<UL><LI>Max Depth = 12<LI>Call Chain = BSP_SysTick_Init
</UL>
<BR>[Called By]<UL><LI><a href="#[94]">&gt;&gt;</a>&nbsp;&nbsp;&nbsp;BSP_Init
</UL>

<P><STRONG><a name="[98]"></a>BSP_TimerInit</STRONG> (Thumb, 8 bytes, Stack size 8 bytes, bsp_timer.o(i.BSP_TimerInit))
<BR><BR>[Stack]<UL><LI>Max Depth = 40<LI>Call Chain = BSP_TimerInit &rArr; TIM4_start &rArr; TIM4_Configuration &rArr; TIM_DeInit
</UL>
<BR>[Calls]<UL><LI><a href="#[9e]">&gt;&gt;</a>&nbsp;&nbsp;&nbsp;TIM4_start
</UL>
<BR>[Called By]<UL><LI><a href="#[94]">&gt;&gt;</a>&nbsp;&nbsp;&nbsp;BSP_Init
</UL>

<P><STRONG><a name="[9b]"></a>BSP_WatchDog_Init</STRONG> (Thumb, 30 bytes, Stack size 8 bytes, bsp.o(i.BSP_WatchDog_Init))
<BR><BR>[Stack]<UL><LI>Max Depth = 8<LI>Call Chain = BSP_WatchDog_Init
</UL>
<BR>[Calls]<UL><LI><a href="#[9f]">&gt;&gt;</a>&nbsp;&nbsp;&nbsp;IWDG_WriteAccessCmd
<LI><a href="#[a0]">&gt;&gt;</a>&nbsp;&nbsp;&nbsp;IWDG_SetReload
<LI><a href="#[a1]">&gt;&gt;</a>&nbsp;&nbsp;&nbsp;IWDG_SetPrescaler
<LI><a href="#[a2]">&gt;&gt;</a>&nbsp;&nbsp;&nbsp;IWDG_Enable
</UL>
<BR>[Called By]<UL><LI><a href="#[94]">&gt;&gt;</a>&nbsp;&nbsp;&nbsp;BSP_Init
</UL>

<P><STRONG><a name="[74]"></a>BSP_WatchDog_Reset</STRONG> (Thumb, 8 bytes, Stack size 8 bytes, bsp.o(i.BSP_WatchDog_Reset))
<BR><BR>[Stack]<UL><LI>Max Depth = 8<LI>Call Chain = BSP_WatchDog_Reset
</UL>
<BR>[Calls]<UL><LI><a href="#[a3]">&gt;&gt;</a>&nbsp;&nbsp;&nbsp;IWDG_ReloadCounter
</UL>
<BR>[Called By]<UL><LI><a href="#[35]">&gt;&gt;</a>&nbsp;&nbsp;&nbsp;main
<LI><a href="#[76]">&gt;&gt;</a>&nbsp;&nbsp;&nbsp;BSP_EEPROM_Save
<LI><a href="#[73]">&gt;&gt;</a>&nbsp;&nbsp;&nbsp;BSP_EEPROM_Load
</UL>

<P><STRONG><a name="[4]"></a>BusFault_Handler</STRONG> (Thumb, 4 bytes, Stack size 0 bytes, stm32f10x_it.o(i.BusFault_Handler))
<BR>[Address Reference Count : 1]<UL><LI> startup_stm32f10x_md.o(RESET)
</UL>
<P><STRONG><a name="[129]"></a>CAN_ClearITPendingBit</STRONG> (Thumb, 162 bytes, Stack size 0 bytes, stm32f10x_can.o(i.CAN_ClearITPendingBit))
<BR><BR>[Called By]<UL><LI><a href="#[1e]">&gt;&gt;</a>&nbsp;&nbsp;&nbsp;USB_LP_CAN1_RX0_IRQHandler
<LI><a href="#[1d]">&gt;&gt;</a>&nbsp;&nbsp;&nbsp;USB_HP_CAN1_TX_IRQHandler
</UL>

<P><STRONG><a name="[6c]"></a>CAN_DBGFreeze</STRONG> (Thumb, 22 bytes, Stack size 0 bytes, stm32f10x_can.o(i.CAN_DBGFreeze))
<BR><BR>[Called By]<UL><LI><a href="#[69]">&gt;&gt;</a>&nbsp;&nbsp;&nbsp;BSP_CAN_Init
</UL>

<P><STRONG><a name="[6b]"></a>CAN_DeInit</STRONG> (Thumb, 50 bytes, Stack size 8 bytes, stm32f10x_can.o(i.CAN_DeInit))
<BR><BR>[Stack]<UL><LI>Max Depth = 8<LI>Call Chain = CAN_DeInit
</UL>
<BR>[Calls]<UL><LI><a href="#[a4]">&gt;&gt;</a>&nbsp;&nbsp;&nbsp;RCC_APB1PeriphResetCmd
</UL>
<BR>[Called By]<UL><LI><a href="#[69]">&gt;&gt;</a>&nbsp;&nbsp;&nbsp;BSP_CAN_Init
</UL>

<P><STRONG><a name="[6f]"></a>CAN_FilterInit</STRONG> (Thumb, 258 bytes, Stack size 8 bytes, stm32f10x_can.o(i.CAN_FilterInit))
<BR><BR>[Stack]<UL><LI>Max Depth = 8<LI>Call Chain = CAN_FilterInit
</UL>
<BR>[Called By]<UL><LI><a href="#[a5]">&gt;&gt;</a>&nbsp;&nbsp;&nbsp;CAN_Filter_Init
<LI><a href="#[69]">&gt;&gt;</a>&nbsp;&nbsp;&nbsp;BSP_CAN_Init
</UL>

<P><STRONG><a name="[a5]"></a>CAN_Filter_Init</STRONG> (Thumb, 74 bytes, Stack size 24 bytes, bsp_can.o(i.CAN_Filter_Init))
<BR><BR>[Stack]<UL><LI>Max Depth = 32<LI>Call Chain = CAN_Filter_Init &rArr; CAN_FilterInit
</UL>
<BR>[Calls]<UL><LI><a href="#[6f]">&gt;&gt;</a>&nbsp;&nbsp;&nbsp;CAN_FilterInit
</UL>
<BR>[Called By]<UL><LI><a href="#[bc]">&gt;&gt;</a>&nbsp;&nbsp;&nbsp;CanBus_Init
<LI><a href="#[100]">&gt;&gt;</a>&nbsp;&nbsp;&nbsp;Register_OK
</UL>

<P><STRONG><a name="[a6]"></a>CAN_GetITStatus</STRONG> (Thumb, 284 bytes, Stack size 16 bytes, stm32f10x_can.o(i.CAN_GetITStatus))
<BR><BR>[Stack]<UL><LI>Max Depth = 16<LI>Call Chain = CAN_GetITStatus
</UL>
<BR>[Calls]<UL><LI><a href="#[a7]">&gt;&gt;</a>&nbsp;&nbsp;&nbsp;CheckITStatus
</UL>
<BR>[Called By]<UL><LI><a href="#[b2]">&gt;&gt;</a>&nbsp;&nbsp;&nbsp;CAN_Tx_Object_Interrupt_Handler
<LI><a href="#[1e]">&gt;&gt;</a>&nbsp;&nbsp;&nbsp;USB_LP_CAN1_RX0_IRQHandler
<LI><a href="#[1d]">&gt;&gt;</a>&nbsp;&nbsp;&nbsp;USB_HP_CAN1_TX_IRQHandler
</UL>

<P><STRONG><a name="[70]"></a>CAN_ITConfig</STRONG> (Thumb, 18 bytes, Stack size 0 bytes, stm32f10x_can.o(i.CAN_ITConfig))
<BR><BR>[Called By]<UL><LI><a href="#[69]">&gt;&gt;</a>&nbsp;&nbsp;&nbsp;BSP_CAN_Init
</UL>

<P><STRONG><a name="[6e]"></a>CAN_Init</STRONG> (Thumb, 276 bytes, Stack size 12 bytes, stm32f10x_can.o(i.CAN_Init))
<BR><BR>[Stack]<UL><LI>Max Depth = 12<LI>Call Chain = CAN_Init
</UL>
<BR>[Called By]<UL><LI><a href="#[69]">&gt;&gt;</a>&nbsp;&nbsp;&nbsp;BSP_CAN_Init
</UL>

<P><STRONG><a name="[10f]"></a>CAN_MSG_TO_USN32</STRONG> (Thumb, 24 bytes, Stack size 0 bytes, protocol_m1.o(i.CAN_MSG_TO_USN32))
<BR><BR>[Called By]<UL><LI><a href="#[3f]">&gt;&gt;</a>&nbsp;&nbsp;&nbsp;Protocol_M1_RecData_TimeOut
<LI><a href="#[aa]">&gt;&gt;</a>&nbsp;&nbsp;&nbsp;Protocol_M1_RecData
</UL>

<P><STRONG><a name="[a8]"></a>CAN_NVIC_Config</STRONG> (Thumb, 62 bytes, Stack size 16 bytes, bsp_can.o(i.CAN_NVIC_Config))
<BR><BR>[Stack]<UL><LI>Max Depth = 32<LI>Call Chain = CAN_NVIC_Config &rArr; NVIC_Init
</UL>
<BR>[Calls]<UL><LI><a href="#[72]">&gt;&gt;</a>&nbsp;&nbsp;&nbsp;NVIC_Init
</UL>
<BR>[Called By]<UL><LI><a href="#[ab]">&gt;&gt;</a>&nbsp;&nbsp;&nbsp;CAN_Rx_Object_Popup
<LI><a href="#[b8]">&gt;&gt;</a>&nbsp;&nbsp;&nbsp;CAN_Tx_Object_Push
</UL>

<P><STRONG><a name="[12a]"></a>CAN_Receive</STRONG> (Thumb, 240 bytes, Stack size 8 bytes, stm32f10x_can.o(i.CAN_Receive))
<BR><BR>[Stack]<UL><LI>Max Depth = 8<LI>Call Chain = CAN_Receive
</UL>
<BR>[Called By]<UL><LI><a href="#[1e]">&gt;&gt;</a>&nbsp;&nbsp;&nbsp;USB_LP_CAN1_RX0_IRQHandler
</UL>

<P><STRONG><a name="[a9]"></a>CAN_Rx_Fast_Poll</STRONG> (Thumb, 104 bytes, Stack size 16 bytes, canbus.o(i.CAN_Rx_Fast_Poll))
<BR><BR>[Stack]<UL><LI>Max Depth = 360<LI>Call Chain = CAN_Rx_Fast_Poll &rArr; Protocol_M1_RecData &rArr; Protocol_M1_Deal &rArr; operation_device &rArr; Protocol_M1_Operation &rArr; Protocol_M1_State_ACK &rArr; Protocol_M1_SendData &rArr; Protocol_M1_Send_Next &rArr; CAN_Tx_Object_Push &rArr; BSP_CAN_Init &rArr; GPIO_Init
</UL>
<BR>[Calls]<UL><LI><a href="#[aa]">&gt;&gt;</a>&nbsp;&nbsp;&nbsp;Protocol_M1_RecData
</UL>
<BR>[Called By]<UL><LI><a href="#[1e]">&gt;&gt;</a>&nbsp;&nbsp;&nbsp;USB_LP_CAN1_RX0_IRQHandler
</UL>

<P><STRONG><a name="[ab]"></a>CAN_Rx_Object_Popup</STRONG> (Thumb, 54 bytes, Stack size 16 bytes, canbus.o(i.CAN_Rx_Object_Popup))
<BR><BR>[Stack]<UL><LI>Max Depth = 48<LI>Call Chain = CAN_Rx_Object_Popup &rArr; CAN_NVIC_Config &rArr; NVIC_Init
</UL>
<BR>[Calls]<UL><LI><a href="#[a8]">&gt;&gt;</a>&nbsp;&nbsp;&nbsp;CAN_NVIC_Config
<LI><a href="#[ad]">&gt;&gt;</a>&nbsp;&nbsp;&nbsp;Queue_Read
<LI><a href="#[ac]">&gt;&gt;</a>&nbsp;&nbsp;&nbsp;Queue_Is_Empty
</UL>
<BR>[Called By]<UL><LI><a href="#[bd]">&gt;&gt;</a>&nbsp;&nbsp;&nbsp;CanBus_Poll
</UL>

<P><STRONG><a name="[ae]"></a>CAN_Rx_Object_Push</STRONG> (Thumb, 30 bytes, Stack size 16 bytes, canbus.o(i.CAN_Rx_Object_Push))
<BR><BR>[Stack]<UL><LI>Max Depth = 60<LI>Call Chain = CAN_Rx_Object_Push &rArr; Queue_Write &rArr; malloc
</UL>
<BR>[Calls]<UL><LI><a href="#[af]">&gt;&gt;</a>&nbsp;&nbsp;&nbsp;Queue_Write
</UL>
<BR>[Called By]<UL><LI><a href="#[1e]">&gt;&gt;</a>&nbsp;&nbsp;&nbsp;USB_LP_CAN1_RX0_IRQHandler
</UL>

<P><STRONG><a name="[b0]"></a>CAN_Rx_Objects_Init</STRONG> (Thumb, 28 bytes, Stack size 8 bytes, canbus.o(i.CAN_Rx_Objects_Init))
<BR><BR>[Stack]<UL><LI>Max Depth = 44<LI>Call Chain = CAN_Rx_Objects_Init &rArr; Create_Queue &rArr; malloc
</UL>
<BR>[Calls]<UL><LI><a href="#[b1]">&gt;&gt;</a>&nbsp;&nbsp;&nbsp;Create_Queue
</UL>
<BR>[Called By]<UL><LI><a href="#[bc]">&gt;&gt;</a>&nbsp;&nbsp;&nbsp;CanBus_Init
</UL>

<P><STRONG><a name="[6d]"></a>CAN_StructInit</STRONG> (Thumb, 32 bytes, Stack size 0 bytes, stm32f10x_can.o(i.CAN_StructInit))
<BR><BR>[Called By]<UL><LI><a href="#[69]">&gt;&gt;</a>&nbsp;&nbsp;&nbsp;BSP_CAN_Init
</UL>

<P><STRONG><a name="[b7]"></a>CAN_TX_FIFO_Is_Empty</STRONG> (Thumb, 24 bytes, Stack size 0 bytes, bsp_can.o(i.CAN_TX_FIFO_Is_Empty))
<BR><BR>[Called By]<UL><LI><a href="#[b2]">&gt;&gt;</a>&nbsp;&nbsp;&nbsp;CAN_Tx_Object_Interrupt_Handler
</UL>

<P><STRONG><a name="[b6]"></a>CAN_Transmit</STRONG> (Thumb, 294 bytes, Stack size 8 bytes, stm32f10x_can.o(i.CAN_Transmit))
<BR><BR>[Stack]<UL><LI>Max Depth = 8<LI>Call Chain = CAN_Transmit
</UL>
<BR>[Called By]<UL><LI><a href="#[b2]">&gt;&gt;</a>&nbsp;&nbsp;&nbsp;CAN_Tx_Object_Interrupt_Handler
<LI><a href="#[b8]">&gt;&gt;</a>&nbsp;&nbsp;&nbsp;CAN_Tx_Object_Push
</UL>

<P><STRONG><a name="[b2]"></a>CAN_Tx_Object_Interrupt_Handler</STRONG> (Thumb, 74 bytes, Stack size 8 bytes, canbus.o(i.CAN_Tx_Object_Interrupt_Handler))
<BR><BR>[Stack]<UL><LI>Max Depth = 48<LI>Call Chain = CAN_Tx_Object_Interrupt_Handler &rArr; CAN_Tx_Object_Popup &rArr; Queue_Read &rArr; Copy_To_Item
</UL>
<BR>[Calls]<UL><LI><a href="#[a6]">&gt;&gt;</a>&nbsp;&nbsp;&nbsp;CAN_GetITStatus
<LI><a href="#[b6]">&gt;&gt;</a>&nbsp;&nbsp;&nbsp;CAN_Transmit
<LI><a href="#[b7]">&gt;&gt;</a>&nbsp;&nbsp;&nbsp;CAN_TX_FIFO_Is_Empty
<LI><a href="#[b5]">&gt;&gt;</a>&nbsp;&nbsp;&nbsp;CAN_Tx_Object_Popup
<LI><a href="#[b3]">&gt;&gt;</a>&nbsp;&nbsp;&nbsp;CAN_Tx_Object_Is_Empty
<LI><a href="#[b4]">&gt;&gt;</a>&nbsp;&nbsp;&nbsp;CAN_Tx_Object_Flag_Set
</UL>
<BR>[Called By]<UL><LI><a href="#[1d]">&gt;&gt;</a>&nbsp;&nbsp;&nbsp;USB_HP_CAN1_TX_IRQHandler
</UL>

<P><STRONG><a name="[b8]"></a>CAN_Tx_Object_Push</STRONG> (Thumb, 166 bytes, Stack size 32 bytes, canbus.o(i.CAN_Tx_Object_Push))
<BR><BR>[Stack]<UL><LI>Max Depth = 112<LI>Call Chain = CAN_Tx_Object_Push &rArr; BSP_CAN_Init &rArr; GPIO_Init
</UL>
<BR>[Calls]<UL><LI><a href="#[b6]">&gt;&gt;</a>&nbsp;&nbsp;&nbsp;CAN_Transmit
<LI><a href="#[a8]">&gt;&gt;</a>&nbsp;&nbsp;&nbsp;CAN_NVIC_Config
<LI><a href="#[69]">&gt;&gt;</a>&nbsp;&nbsp;&nbsp;BSP_CAN_Init
<LI><a href="#[af]">&gt;&gt;</a>&nbsp;&nbsp;&nbsp;Queue_Write
<LI><a href="#[ad]">&gt;&gt;</a>&nbsp;&nbsp;&nbsp;Queue_Read
<LI><a href="#[b9]">&gt;&gt;</a>&nbsp;&nbsp;&nbsp;Queue_Is_Full
<LI><a href="#[ba]">&gt;&gt;</a>&nbsp;&nbsp;&nbsp;Empty_Queue
<LI><a href="#[b4]">&gt;&gt;</a>&nbsp;&nbsp;&nbsp;CAN_Tx_Object_Flag_Set
</UL>
<BR>[Called By]<UL><LI><a href="#[10d]">&gt;&gt;</a>&nbsp;&nbsp;&nbsp;Protocol_M1_Send_Next
<LI><a href="#[c7]">&gt;&gt;</a>&nbsp;&nbsp;&nbsp;Protocol_M1_SendData
<LI><a href="#[3f]">&gt;&gt;</a>&nbsp;&nbsp;&nbsp;Protocol_M1_RecData_TimeOut
<LI><a href="#[aa]">&gt;&gt;</a>&nbsp;&nbsp;&nbsp;Protocol_M1_RecData
</UL>

<P><STRONG><a name="[bb]"></a>CAN_Tx_Objects_Init</STRONG> (Thumb, 28 bytes, Stack size 8 bytes, canbus.o(i.CAN_Tx_Objects_Init))
<BR><BR>[Stack]<UL><LI>Max Depth = 44<LI>Call Chain = CAN_Tx_Objects_Init &rArr; Create_Queue &rArr; malloc
</UL>
<BR>[Calls]<UL><LI><a href="#[b1]">&gt;&gt;</a>&nbsp;&nbsp;&nbsp;Create_Queue
</UL>
<BR>[Called By]<UL><LI><a href="#[bc]">&gt;&gt;</a>&nbsp;&nbsp;&nbsp;CanBus_Init
</UL>

<P><STRONG><a name="[f2]"></a>CRC_CalcBlockCRC</STRONG> (Thumb, 32 bytes, Stack size 8 bytes, stm32f10x_crc.o(i.CRC_CalcBlockCRC))
<BR><BR>[Stack]<UL><LI>Max Depth = 8<LI>Call Chain = CRC_CalcBlockCRC
</UL>
<BR>[Called By]<UL><LI><a href="#[ce]">&gt;&gt;</a>&nbsp;&nbsp;&nbsp;Mac_Init
</UL>

<P><STRONG><a name="[f1]"></a>CRC_ResetDR</STRONG> (Thumb, 8 bytes, Stack size 0 bytes, stm32f10x_crc.o(i.CRC_ResetDR))
<BR><BR>[Called By]<UL><LI><a href="#[ce]">&gt;&gt;</a>&nbsp;&nbsp;&nbsp;Mac_Init
</UL>

<P><STRONG><a name="[bc]"></a>CanBus_Init</STRONG> (Thumb, 34 bytes, Stack size 8 bytes, canbus.o(i.CanBus_Init))
<BR><BR>[Stack]<UL><LI>Max Depth = 88<LI>Call Chain = CanBus_Init &rArr; BSP_CAN_Init &rArr; GPIO_Init
</UL>
<BR>[Calls]<UL><LI><a href="#[a5]">&gt;&gt;</a>&nbsp;&nbsp;&nbsp;CAN_Filter_Init
<LI><a href="#[69]">&gt;&gt;</a>&nbsp;&nbsp;&nbsp;BSP_CAN_Init
<LI><a href="#[bb]">&gt;&gt;</a>&nbsp;&nbsp;&nbsp;CAN_Tx_Objects_Init
<LI><a href="#[b0]">&gt;&gt;</a>&nbsp;&nbsp;&nbsp;CAN_Rx_Objects_Init
</UL>
<BR>[Called By]<UL><LI><a href="#[35]">&gt;&gt;</a>&nbsp;&nbsp;&nbsp;main
</UL>

<P><STRONG><a name="[bd]"></a>CanBus_Poll</STRONG> (Thumb, 18 bytes, Stack size 8 bytes, canbus.o(i.CanBus_Poll))
<BR><BR>[Stack]<UL><LI>Max Depth = 368<LI>Call Chain = CanBus_Poll &rArr; Protocol_Can_Rec_M &rArr; Protocol_M1_RecData &rArr; Protocol_M1_Deal &rArr; operation_device &rArr; Protocol_M1_Operation &rArr; Protocol_M1_State_ACK &rArr; Protocol_M1_SendData &rArr; Protocol_M1_Send_Next &rArr; CAN_Tx_Object_Push &rArr; BSP_CAN_Init &rArr; GPIO_Init
</UL>
<BR>[Calls]<UL><LI><a href="#[be]">&gt;&gt;</a>&nbsp;&nbsp;&nbsp;Protocol_Can_Rec_M
<LI><a href="#[ab]">&gt;&gt;</a>&nbsp;&nbsp;&nbsp;CAN_Rx_Object_Popup
</UL>
<BR>[Called By]<UL><LI><a href="#[35]">&gt;&gt;</a>&nbsp;&nbsp;&nbsp;main
</UL>

<P><STRONG><a name="[bf]"></a>ChannelInfo_Init</STRONG> (Thumb, 48 bytes, Stack size 8 bytes, database.o(i.ChannelInfo_Init))
<BR><BR>[Stack]<UL><LI>Max Depth = 8<LI>Call Chain = ChannelInfo_Init
</UL>
<BR>[Calls]<UL><LI><a href="#[c0]">&gt;&gt;</a>&nbsp;&nbsp;&nbsp;__aeabi_memclr4
</UL>
<BR>[Called By]<UL><LI><a href="#[f9]">&gt;&gt;</a>&nbsp;&nbsp;&nbsp;clear_all_data
<LI><a href="#[cc]">&gt;&gt;</a>&nbsp;&nbsp;&nbsp;DataBase_Init
</UL>

<P><STRONG><a name="[c1]"></a>Check_Bus_lock_State</STRONG> (Thumb, 68 bytes, Stack size 8 bytes, protocol_m1.o(i.Check_Bus_lock_State))
<BR><BR>[Stack]<UL><LI>Max Depth = 72<LI>Call Chain = Check_Bus_lock_State &rArr; Set_Bus_lock_State &rArr; SetAlarm &rArr; setTimer
</UL>
<BR>[Calls]<UL><LI><a href="#[c2]">&gt;&gt;</a>&nbsp;&nbsp;&nbsp;Set_Bus_lock_State
</UL>
<BR>[Called By]<UL><LI><a href="#[3b]">&gt;&gt;</a>&nbsp;&nbsp;&nbsp;Key_Handle
</UL>

<P><STRONG><a name="[88]"></a>Clr_IIC_SCL</STRONG> (Thumb, 14 bytes, Stack size 8 bytes, bsp_iic.o(i.Clr_IIC_SCL))
<BR><BR>[Stack]<UL><LI>Max Depth = 8<LI>Call Chain = Clr_IIC_SCL
</UL>
<BR>[Calls]<UL><LI><a href="#[c3]">&gt;&gt;</a>&nbsp;&nbsp;&nbsp;GPIO_ResetBits
</UL>
<BR>[Called By]<UL><LI><a href="#[8f]">&gt;&gt;</a>&nbsp;&nbsp;&nbsp;BSP_IIC_NAck
<LI><a href="#[87]">&gt;&gt;</a>&nbsp;&nbsp;&nbsp;BSP_IIC_Ack
<LI><a href="#[63]">&gt;&gt;</a>&nbsp;&nbsp;&nbsp;BSP_IIC_WaitAck
<LI><a href="#[65]">&gt;&gt;</a>&nbsp;&nbsp;&nbsp;BSP_IIC_Stop
<LI><a href="#[61]">&gt;&gt;</a>&nbsp;&nbsp;&nbsp;BSP_IIC_Start
<LI><a href="#[62]">&gt;&gt;</a>&nbsp;&nbsp;&nbsp;BSP_IIC_SendByte
<LI><a href="#[64]">&gt;&gt;</a>&nbsp;&nbsp;&nbsp;BSP_IIC_ReadByte
</UL>

<P><STRONG><a name="[8a]"></a>Clr_IIC_SDA</STRONG> (Thumb, 14 bytes, Stack size 8 bytes, bsp_iic.o(i.Clr_IIC_SDA))
<BR><BR>[Stack]<UL><LI>Max Depth = 8<LI>Call Chain = Clr_IIC_SDA
</UL>
<BR>[Calls]<UL><LI><a href="#[c3]">&gt;&gt;</a>&nbsp;&nbsp;&nbsp;GPIO_ResetBits
</UL>
<BR>[Called By]<UL><LI><a href="#[87]">&gt;&gt;</a>&nbsp;&nbsp;&nbsp;BSP_IIC_Ack
<LI><a href="#[65]">&gt;&gt;</a>&nbsp;&nbsp;&nbsp;BSP_IIC_Stop
<LI><a href="#[61]">&gt;&gt;</a>&nbsp;&nbsp;&nbsp;BSP_IIC_Start
<LI><a href="#[62]">&gt;&gt;</a>&nbsp;&nbsp;&nbsp;BSP_IIC_SendByte
</UL>

<P><STRONG><a name="[8e]"></a>Clr_IIC_WP</STRONG> (Thumb, 12 bytes, Stack size 8 bytes, bsp_iic.o(i.Clr_IIC_WP))
<BR><BR>[Stack]<UL><LI>Max Depth = 8<LI>Call Chain = Clr_IIC_WP
</UL>
<BR>[Calls]<UL><LI><a href="#[c3]">&gt;&gt;</a>&nbsp;&nbsp;&nbsp;GPIO_ResetBits
</UL>
<BR>[Called By]<UL><LI><a href="#[8c]">&gt;&gt;</a>&nbsp;&nbsp;&nbsp;BSP_IIC_Init
</UL>

<P><STRONG><a name="[c4]"></a>ConfigMap_Init</STRONG> (Thumb, 262 bytes, Stack size 8 bytes, configmap.o(i.ConfigMap_Init))
<BR><BR>[Stack]<UL><LI>Max Depth = 8<LI>Call Chain = ConfigMap_Init
</UL>
<BR>[Calls]<UL><LI><a href="#[4a]">&gt;&gt;</a>&nbsp;&nbsp;&nbsp;__aeabi_memclr
<LI><a href="#[4b]">&gt;&gt;</a>&nbsp;&nbsp;&nbsp;__aeabi_memset
<LI><a href="#[c5]">&gt;&gt;</a>&nbsp;&nbsp;&nbsp;__aeabi_memcpy
</UL>
<BR>[Called By]<UL><LI><a href="#[35]">&gt;&gt;</a>&nbsp;&nbsp;&nbsp;main
<LI><a href="#[f7]">&gt;&gt;</a>&nbsp;&nbsp;&nbsp;Protocol_M1_Deal
<LI><a href="#[ec]">&gt;&gt;</a>&nbsp;&nbsp;&nbsp;key_Pool
</UL>

<P><STRONG><a name="[c6]"></a>ConfigMap_read</STRONG> (Thumb, 308 bytes, Stack size 56 bytes, configmap.o(i.ConfigMap_read))
<BR><BR>[Stack]<UL><LI>Max Depth = 232<LI>Call Chain = ConfigMap_read &rArr; Protocol_M1_SendData &rArr; Protocol_M1_Send_Next &rArr; CAN_Tx_Object_Push &rArr; BSP_CAN_Init &rArr; GPIO_Init
</UL>
<BR>[Calls]<UL><LI><a href="#[c7]">&gt;&gt;</a>&nbsp;&nbsp;&nbsp;Protocol_M1_SendData
<LI><a href="#[c5]">&gt;&gt;</a>&nbsp;&nbsp;&nbsp;__aeabi_memcpy
</UL>
<BR>[Called By]<UL><LI><a href="#[f7]">&gt;&gt;</a>&nbsp;&nbsp;&nbsp;Protocol_M1_Deal
</UL>

<P><STRONG><a name="[b1]"></a>Create_Queue</STRONG> (Thumb, 30 bytes, Stack size 16 bytes, queue_list.o(i.Create_Queue))
<BR><BR>[Stack]<UL><LI>Max Depth = 36<LI>Call Chain = Create_Queue &rArr; malloc
</UL>
<BR>[Calls]<UL><LI><a href="#[ca]">&gt;&gt;</a>&nbsp;&nbsp;&nbsp;malloc
<LI><a href="#[cb]">&gt;&gt;</a>&nbsp;&nbsp;&nbsp;Init_Queue
</UL>
<BR>[Called By]<UL><LI><a href="#[bb]">&gt;&gt;</a>&nbsp;&nbsp;&nbsp;CAN_Tx_Objects_Init
<LI><a href="#[b0]">&gt;&gt;</a>&nbsp;&nbsp;&nbsp;CAN_Rx_Objects_Init
</UL>

<P><STRONG><a name="[cc]"></a>DataBase_Init</STRONG> (Thumb, 294 bytes, Stack size 16 bytes, database.o(i.DataBase_Init))
<BR><BR>[Stack]<UL><LI>Max Depth = 176<LI>Call Chain = DataBase_Init &rArr; DataBase_SaveNowByIndex &rArr; DataBase_SaveNow &rArr; BSP_EEPROM_Save &rArr; BSP_24CXX_WriteMoreBytes &rArr; BSP_24CXX_SequentialWrite &rArr; BSP_IIC_WaitAck &rArr; BSP_IIC_Stop &rArr; SDA_OUT &rArr; GPIO_Init
</UL>
<BR>[Calls]<UL><LI><a href="#[d3]">&gt;&gt;</a>&nbsp;&nbsp;&nbsp;bsp_pled_brightness_adj
<LI><a href="#[d4]">&gt;&gt;</a>&nbsp;&nbsp;&nbsp;bsp_pled_LED_mode
<LI><a href="#[d2]">&gt;&gt;</a>&nbsp;&nbsp;&nbsp;bsp_SetLinghtMode
<LI><a href="#[d1]">&gt;&gt;</a>&nbsp;&nbsp;&nbsp;bsp_SetKeyMode
<LI><a href="#[ce]">&gt;&gt;</a>&nbsp;&nbsp;&nbsp;Mac_Init
<LI><a href="#[cf]">&gt;&gt;</a>&nbsp;&nbsp;&nbsp;Get_CRC8
<LI><a href="#[d0]">&gt;&gt;</a>&nbsp;&nbsp;&nbsp;DataBase_SaveNowByIndex
<LI><a href="#[cd]">&gt;&gt;</a>&nbsp;&nbsp;&nbsp;DataBase_Load
<LI><a href="#[bf]">&gt;&gt;</a>&nbsp;&nbsp;&nbsp;ChannelInfo_Init
<LI><a href="#[4a]">&gt;&gt;</a>&nbsp;&nbsp;&nbsp;__aeabi_memclr
</UL>
<BR>[Called By]<UL><LI><a href="#[35]">&gt;&gt;</a>&nbsp;&nbsp;&nbsp;main
</UL>

<P><STRONG><a name="[cd]"></a>DataBase_Load</STRONG> (Thumb, 68 bytes, Stack size 24 bytes, database.o(i.DataBase_Load))
<BR><BR>[Stack]<UL><LI>Max Depth = 128<LI>Call Chain = DataBase_Load &rArr; BSP_EEPROM_Load &rArr; BSP_24CXX_ReadMoreBytes &rArr; BSP_IIC_ReadByte &rArr; BSP_IIC_NAck &rArr; SDA_OUT &rArr; GPIO_Init
</UL>
<BR>[Calls]<UL><LI><a href="#[d5]">&gt;&gt;</a>&nbsp;&nbsp;&nbsp;GetChkSum
<LI><a href="#[73]">&gt;&gt;</a>&nbsp;&nbsp;&nbsp;BSP_EEPROM_Load
</UL>
<BR>[Called By]<UL><LI><a href="#[cc]">&gt;&gt;</a>&nbsp;&nbsp;&nbsp;DataBase_Init
</UL>

<P><STRONG><a name="[d6]"></a>DataBase_Load_Scenen</STRONG> (Thumb, 92 bytes, Stack size 24 bytes, database.o(i.DataBase_Load_Scenen))
<BR><BR>[Stack]<UL><LI>Max Depth = 128<LI>Call Chain = DataBase_Load_Scenen &rArr; BSP_EEPROM_Load &rArr; BSP_24CXX_ReadMoreBytes &rArr; BSP_IIC_ReadByte &rArr; BSP_IIC_NAck &rArr; SDA_OUT &rArr; GPIO_Init
</UL>
<BR>[Calls]<UL><LI><a href="#[d5]">&gt;&gt;</a>&nbsp;&nbsp;&nbsp;GetChkSum
<LI><a href="#[73]">&gt;&gt;</a>&nbsp;&nbsp;&nbsp;BSP_EEPROM_Load
</UL>
<BR>[Called By]<UL><LI><a href="#[108]">&gt;&gt;</a>&nbsp;&nbsp;&nbsp;Scene_Operation
</UL>

<P><STRONG><a name="[d7]"></a>DataBase_Poll</STRONG> (Thumb, 76 bytes, Stack size 8 bytes, database.o(i.DataBase_Poll))
<BR><BR>[Stack]<UL><LI>Max Depth = 168<LI>Call Chain = DataBase_Poll &rArr; DataBase_SaveNowByIndex &rArr; DataBase_SaveNow &rArr; BSP_EEPROM_Save &rArr; BSP_24CXX_WriteMoreBytes &rArr; BSP_24CXX_SequentialWrite &rArr; BSP_IIC_WaitAck &rArr; BSP_IIC_Stop &rArr; SDA_OUT &rArr; GPIO_Init
</UL>
<BR>[Calls]<UL><LI><a href="#[d0]">&gt;&gt;</a>&nbsp;&nbsp;&nbsp;DataBase_SaveNowByIndex
</UL>
<BR>[Called By]<UL><LI><a href="#[35]">&gt;&gt;</a>&nbsp;&nbsp;&nbsp;main
</UL>

<P><STRONG><a name="[e4]"></a>DataBase_Save</STRONG> (Thumb, 26 bytes, Stack size 0 bytes, database.o(i.DataBase_Save))
<BR><BR>[Called By]<UL><LI><a href="#[d4]">&gt;&gt;</a>&nbsp;&nbsp;&nbsp;bsp_pled_LED_mode
<LI><a href="#[d2]">&gt;&gt;</a>&nbsp;&nbsp;&nbsp;bsp_SetLinghtMode
<LI><a href="#[d1]">&gt;&gt;</a>&nbsp;&nbsp;&nbsp;bsp_SetKeyMode
<LI><a href="#[dc]">&gt;&gt;</a>&nbsp;&nbsp;&nbsp;Protocol_M1_Device_User_Set
<LI><a href="#[102]">&gt;&gt;</a>&nbsp;&nbsp;&nbsp;Protocol_M1_Device_Set
<LI><a href="#[100]">&gt;&gt;</a>&nbsp;&nbsp;&nbsp;Register_OK
<LI><a href="#[e3]">&gt;&gt;</a>&nbsp;&nbsp;&nbsp;Id_Set
<LI><a href="#[103]">&gt;&gt;</a>&nbsp;&nbsp;&nbsp;bsp_pled_brightness_set
</UL>

<P><STRONG><a name="[d8]"></a>DataBase_SaveNow</STRONG> (Thumb, 20 bytes, Stack size 16 bytes, database.o(i.DataBase_SaveNow))
<BR><BR>[Stack]<UL><LI>Max Depth = 144<LI>Call Chain = DataBase_SaveNow &rArr; BSP_EEPROM_Save &rArr; BSP_24CXX_WriteMoreBytes &rArr; BSP_24CXX_SequentialWrite &rArr; BSP_IIC_WaitAck &rArr; BSP_IIC_Stop &rArr; SDA_OUT &rArr; GPIO_Init
</UL>
<BR>[Calls]<UL><LI><a href="#[76]">&gt;&gt;</a>&nbsp;&nbsp;&nbsp;BSP_EEPROM_Save
</UL>
<BR>[Called By]<UL><LI><a href="#[d9]">&gt;&gt;</a>&nbsp;&nbsp;&nbsp;DataBase_SaveNow_ScenenList
<LI><a href="#[d0]">&gt;&gt;</a>&nbsp;&nbsp;&nbsp;DataBase_SaveNowByIndex
</UL>

<P><STRONG><a name="[d0]"></a>DataBase_SaveNowByIndex</STRONG> (Thumb, 66 bytes, Stack size 16 bytes, database.o(i.DataBase_SaveNowByIndex))
<BR><BR>[Stack]<UL><LI>Max Depth = 160<LI>Call Chain = DataBase_SaveNowByIndex &rArr; DataBase_SaveNow &rArr; BSP_EEPROM_Save &rArr; BSP_24CXX_WriteMoreBytes &rArr; BSP_24CXX_SequentialWrite &rArr; BSP_IIC_WaitAck &rArr; BSP_IIC_Stop &rArr; SDA_OUT &rArr; GPIO_Init
</UL>
<BR>[Calls]<UL><LI><a href="#[d5]">&gt;&gt;</a>&nbsp;&nbsp;&nbsp;GetChkSum
<LI><a href="#[d8]">&gt;&gt;</a>&nbsp;&nbsp;&nbsp;DataBase_SaveNow
</UL>
<BR>[Called By]<UL><LI><a href="#[f9]">&gt;&gt;</a>&nbsp;&nbsp;&nbsp;clear_all_data
<LI><a href="#[da]">&gt;&gt;</a>&nbsp;&nbsp;&nbsp;DataBase_Save_Scenen
<LI><a href="#[d7]">&gt;&gt;</a>&nbsp;&nbsp;&nbsp;DataBase_Poll
<LI><a href="#[cc]">&gt;&gt;</a>&nbsp;&nbsp;&nbsp;DataBase_Init
<LI><a href="#[102]">&gt;&gt;</a>&nbsp;&nbsp;&nbsp;Protocol_M1_Device_Set
</UL>

<P><STRONG><a name="[d9]"></a>DataBase_SaveNow_ScenenList</STRONG> (Thumb, 116 bytes, Stack size 24 bytes, database.o(i.DataBase_SaveNow_ScenenList))
<BR><BR>[Stack]<UL><LI>Max Depth = 168<LI>Call Chain = DataBase_SaveNow_ScenenList &rArr; DataBase_SaveNow &rArr; BSP_EEPROM_Save &rArr; BSP_24CXX_WriteMoreBytes &rArr; BSP_24CXX_SequentialWrite &rArr; BSP_IIC_WaitAck &rArr; BSP_IIC_Stop &rArr; SDA_OUT &rArr; GPIO_Init
</UL>
<BR>[Calls]<UL><LI><a href="#[d5]">&gt;&gt;</a>&nbsp;&nbsp;&nbsp;GetChkSum
<LI><a href="#[d8]">&gt;&gt;</a>&nbsp;&nbsp;&nbsp;DataBase_SaveNow
</UL>
<BR>[Called By]<UL><LI><a href="#[fb]">&gt;&gt;</a>&nbsp;&nbsp;&nbsp;scene_del
<LI><a href="#[ff]">&gt;&gt;</a>&nbsp;&nbsp;&nbsp;Scene_Set
</UL>

<P><STRONG><a name="[da]"></a>DataBase_Save_Scenen</STRONG> (Thumb, 70 bytes, Stack size 16 bytes, database.o(i.DataBase_Save_Scenen))
<BR><BR>[Stack]<UL><LI>Max Depth = 176<LI>Call Chain = DataBase_Save_Scenen &rArr; DataBase_SaveNowByIndex &rArr; DataBase_SaveNow &rArr; BSP_EEPROM_Save &rArr; BSP_24CXX_WriteMoreBytes &rArr; BSP_24CXX_SequentialWrite &rArr; BSP_IIC_WaitAck &rArr; BSP_IIC_Stop &rArr; SDA_OUT &rArr; GPIO_Init
</UL>
<BR>[Calls]<UL><LI><a href="#[d0]">&gt;&gt;</a>&nbsp;&nbsp;&nbsp;DataBase_SaveNowByIndex
</UL>
<BR>[Called By]<UL><LI><a href="#[ff]">&gt;&gt;</a>&nbsp;&nbsp;&nbsp;Scene_Set
</UL>

<P><STRONG><a name="[7]"></a>DebugMon_Handler</STRONG> (Thumb, 2 bytes, Stack size 0 bytes, stm32f10x_it.o(i.DebugMon_Handler))
<BR>[Address Reference Count : 1]<UL><LI> startup_stm32f10x_md.o(RESET)
</UL>
<P><STRONG><a name="[101]"></a>DelAlarm</STRONG> (Thumb, 46 bytes, Stack size 0 bytes, timer.o(i.DelAlarm))
<BR><BR>[Called By]<UL><LI><a href="#[116]">&gt;&gt;</a>&nbsp;&nbsp;&nbsp;Sys_Run_State
<LI><a href="#[108]">&gt;&gt;</a>&nbsp;&nbsp;&nbsp;Scene_Operation
<LI><a href="#[102]">&gt;&gt;</a>&nbsp;&nbsp;&nbsp;Protocol_M1_Device_Set
<LI><a href="#[c2]">&gt;&gt;</a>&nbsp;&nbsp;&nbsp;Set_Bus_lock_State
<LI><a href="#[38]">&gt;&gt;</a>&nbsp;&nbsp;&nbsp;Send_M1_Register
<LI><a href="#[100]">&gt;&gt;</a>&nbsp;&nbsp;&nbsp;Register_OK
<LI><a href="#[40]">&gt;&gt;</a>&nbsp;&nbsp;&nbsp;Protocol_M1_Send_TimeOut
<LI><a href="#[10d]">&gt;&gt;</a>&nbsp;&nbsp;&nbsp;Protocol_M1_Send_Next
<LI><a href="#[3f]">&gt;&gt;</a>&nbsp;&nbsp;&nbsp;Protocol_M1_RecData_TimeOut
<LI><a href="#[f7]">&gt;&gt;</a>&nbsp;&nbsp;&nbsp;Protocol_M1_Deal
<LI><a href="#[aa]">&gt;&gt;</a>&nbsp;&nbsp;&nbsp;Protocol_M1_RecData
<LI><a href="#[107]">&gt;&gt;</a>&nbsp;&nbsp;&nbsp;Protocol_M1_Operation
<LI><a href="#[df]">&gt;&gt;</a>&nbsp;&nbsp;&nbsp;bsp_pled_flash_run_mode
<LI><a href="#[131]">&gt;&gt;</a>&nbsp;&nbsp;&nbsp;bsp_pled_flash_lock_mode
</UL>

<P><STRONG><a name="[db]"></a>DeviceUser_Set</STRONG> (Thumb, 132 bytes, Stack size 48 bytes, protocol_m1.o(i.DeviceUser_Set))
<BR><BR>[Stack]<UL><LI>Max Depth = 224<LI>Call Chain = DeviceUser_Set &rArr; Protocol_M1_SendData &rArr; Protocol_M1_Send_Next &rArr; CAN_Tx_Object_Push &rArr; BSP_CAN_Init &rArr; GPIO_Init
</UL>
<BR>[Calls]<UL><LI><a href="#[dc]">&gt;&gt;</a>&nbsp;&nbsp;&nbsp;Protocol_M1_Device_User_Set
<LI><a href="#[c7]">&gt;&gt;</a>&nbsp;&nbsp;&nbsp;Protocol_M1_SendData
</UL>
<BR>[Called By]<UL><LI><a href="#[f7]">&gt;&gt;</a>&nbsp;&nbsp;&nbsp;Protocol_M1_Deal
</UL>

<P><STRONG><a name="[10c]"></a>Device_ID_Check</STRONG> (Thumb, 62 bytes, Stack size 12 bytes, protocol_m1.o(i.Device_ID_Check))
<BR><BR>[Stack]<UL><LI>Max Depth = 12<LI>Call Chain = Device_ID_Check
</UL>
<BR>[Called By]<UL><LI><a href="#[aa]">&gt;&gt;</a>&nbsp;&nbsp;&nbsp;Protocol_M1_RecData
<LI><a href="#[ec]">&gt;&gt;</a>&nbsp;&nbsp;&nbsp;key_Pool
</UL>

<P><STRONG><a name="[dd]"></a>Device_Init</STRONG> (Thumb, 98 bytes, Stack size 8 bytes, protocol_m1_device.o(i.Device_Init))
<BR><BR>[Stack]<UL><LI>Max Depth = 64<LI>Call Chain = Device_Init &rArr; bsp_pled_flash_run_mode &rArr; SetAlarm &rArr; setTimer
</UL>
<BR>[Calls]<UL><LI><a href="#[de]">&gt;&gt;</a>&nbsp;&nbsp;&nbsp;SetAlarm
<LI><a href="#[df]">&gt;&gt;</a>&nbsp;&nbsp;&nbsp;bsp_pled_flash_run_mode
</UL>
<BR>[Called By]<UL><LI><a href="#[35]">&gt;&gt;</a>&nbsp;&nbsp;&nbsp;main
</UL>

<P><STRONG><a name="[32]"></a>EXTI15_10_IRQHandler</STRONG> (Thumb, 200 bytes, Stack size 8 bytes, bsp_gpio.o(i.EXTI15_10_IRQHandler))
<BR><BR>[Stack]<UL><LI>Max Depth = 32<LI>Call Chain = EXTI15_10_IRQHandler &rArr; BSP_GPIO_STATE &rArr; OUT3_REST
</UL>
<BR>[Calls]<UL><LI><a href="#[e0]">&gt;&gt;</a>&nbsp;&nbsp;&nbsp;EXTI_GetITStatus
<LI><a href="#[e1]">&gt;&gt;</a>&nbsp;&nbsp;&nbsp;EXTI_ClearITPendingBit
<LI><a href="#[92]">&gt;&gt;</a>&nbsp;&nbsp;&nbsp;delay_ms
<LI><a href="#[7d]">&gt;&gt;</a>&nbsp;&nbsp;&nbsp;BSP_GPIO_STATE
</UL>
<BR>[Address Reference Count : 1]<UL><LI> startup_stm32f10x_md.o(RESET)
</UL>
<P><STRONG><a name="[e1]"></a>EXTI_ClearITPendingBit</STRONG> (Thumb, 6 bytes, Stack size 0 bytes, stm32f10x_exti.o(i.EXTI_ClearITPendingBit))
<BR><BR>[Called By]<UL><LI><a href="#[32]">&gt;&gt;</a>&nbsp;&nbsp;&nbsp;EXTI15_10_IRQHandler
</UL>

<P><STRONG><a name="[e0]"></a>EXTI_GetITStatus</STRONG> (Thumb, 34 bytes, Stack size 0 bytes, stm32f10x_exti.o(i.EXTI_GetITStatus))
<BR><BR>[Called By]<UL><LI><a href="#[32]">&gt;&gt;</a>&nbsp;&nbsp;&nbsp;EXTI15_10_IRQHandler
</UL>

<P><STRONG><a name="[ba]"></a>Empty_Queue</STRONG> (Thumb, 60 bytes, Stack size 16 bytes, queue_list.o(i.Empty_Queue))
<BR><BR>[Stack]<UL><LI>Max Depth = 48<LI>Call Chain = Empty_Queue &rArr; Queue_Read &rArr; Copy_To_Item
</UL>
<BR>[Calls]<UL><LI><a href="#[ad]">&gt;&gt;</a>&nbsp;&nbsp;&nbsp;Queue_Read
<LI><a href="#[ac]">&gt;&gt;</a>&nbsp;&nbsp;&nbsp;Queue_Is_Empty
<LI><a href="#[ca]">&gt;&gt;</a>&nbsp;&nbsp;&nbsp;malloc
<LI><a href="#[e2]">&gt;&gt;</a>&nbsp;&nbsp;&nbsp;free
</UL>
<BR>[Called By]<UL><LI><a href="#[b8]">&gt;&gt;</a>&nbsp;&nbsp;&nbsp;CAN_Tx_Object_Push
</UL>

<P><STRONG><a name="[50]"></a>GPIO_Init</STRONG> (Thumb, 278 bytes, Stack size 24 bytes, stm32f10x_gpio.o(i.GPIO_Init))
<BR><BR>[Stack]<UL><LI>Max Depth = 24<LI>Call Chain = GPIO_Init
</UL>
<BR>[Called By]<UL><LI><a href="#[89]">&gt;&gt;</a>&nbsp;&nbsp;&nbsp;SDA_OUT
<LI><a href="#[90]">&gt;&gt;</a>&nbsp;&nbsp;&nbsp;SDA_IN
<LI><a href="#[69]">&gt;&gt;</a>&nbsp;&nbsp;&nbsp;BSP_CAN_Init
<LI><a href="#[99]">&gt;&gt;</a>&nbsp;&nbsp;&nbsp;bsp_InitLed
<LI><a href="#[8c]">&gt;&gt;</a>&nbsp;&nbsp;&nbsp;BSP_IIC_Init
<LI><a href="#[5d]">&gt;&gt;</a>&nbsp;&nbsp;&nbsp;BEEP_InitHard
<LI><a href="#[77]">&gt;&gt;</a>&nbsp;&nbsp;&nbsp;BSP_GPIO_Init
<LI><a href="#[5a]">&gt;&gt;</a>&nbsp;&nbsp;&nbsp;ADC2_Configuration
<LI><a href="#[4e]">&gt;&gt;</a>&nbsp;&nbsp;&nbsp;ADC1_Configuration
<LI><a href="#[9d]">&gt;&gt;</a>&nbsp;&nbsp;&nbsp;bsp_InitKeyHard
<LI><a href="#[123]">&gt;&gt;</a>&nbsp;&nbsp;&nbsp;TLC59108_I2C_SDA_IO_SET
</UL>

<P><STRONG><a name="[78]"></a>GPIO_PinRemapConfig</STRONG> (Thumb, 138 bytes, Stack size 20 bytes, stm32f10x_gpio.o(i.GPIO_PinRemapConfig))
<BR><BR>[Stack]<UL><LI>Max Depth = 20<LI>Call Chain = GPIO_PinRemapConfig
</UL>
<BR>[Called By]<UL><LI><a href="#[77]">&gt;&gt;</a>&nbsp;&nbsp;&nbsp;BSP_GPIO_Init
<LI><a href="#[9d]">&gt;&gt;</a>&nbsp;&nbsp;&nbsp;bsp_InitKeyHard
</UL>

<P><STRONG><a name="[79]"></a>GPIO_ReadInputDataBit</STRONG> (Thumb, 18 bytes, Stack size 0 bytes, stm32f10x_gpio.o(i.GPIO_ReadInputDataBit))
<BR><BR>[Called By]<UL><LI><a href="#[91]">&gt;&gt;</a>&nbsp;&nbsp;&nbsp;READ_SDA
<LI><a href="#[7f]">&gt;&gt;</a>&nbsp;&nbsp;&nbsp;BSP_PdCheck
<LI><a href="#[77]">&gt;&gt;</a>&nbsp;&nbsp;&nbsp;BSP_GPIO_Init
<LI><a href="#[46]">&gt;&gt;</a>&nbsp;&nbsp;&nbsp;IsKeyDown3
<LI><a href="#[45]">&gt;&gt;</a>&nbsp;&nbsp;&nbsp;IsKeyDown2
<LI><a href="#[44]">&gt;&gt;</a>&nbsp;&nbsp;&nbsp;IsKeyDown1
<LI><a href="#[121]">&gt;&gt;</a>&nbsp;&nbsp;&nbsp;TLC59108_I2C_RecAck
</UL>

<P><STRONG><a name="[ed]"></a>GPIO_ReadOutputDataBit</STRONG> (Thumb, 18 bytes, Stack size 0 bytes, stm32f10x_gpio.o(i.GPIO_ReadOutputDataBit))
<BR><BR>[Called By]<UL><LI><a href="#[43]">&gt;&gt;</a>&nbsp;&nbsp;&nbsp;LED1_Reversal
</UL>

<P><STRONG><a name="[c3]"></a>GPIO_ResetBits</STRONG> (Thumb, 4 bytes, Stack size 0 bytes, stm32f10x_gpio.o(i.GPIO_ResetBits))
<BR><BR>[Called By]<UL><LI><a href="#[8e]">&gt;&gt;</a>&nbsp;&nbsp;&nbsp;Clr_IIC_WP
<LI><a href="#[8a]">&gt;&gt;</a>&nbsp;&nbsp;&nbsp;Clr_IIC_SDA
<LI><a href="#[88]">&gt;&gt;</a>&nbsp;&nbsp;&nbsp;Clr_IIC_SCL
<LI><a href="#[80]">&gt;&gt;</a>&nbsp;&nbsp;&nbsp;TLC59108_reset
<LI><a href="#[7c]">&gt;&gt;</a>&nbsp;&nbsp;&nbsp;OUT3_REST
<LI><a href="#[83]">&gt;&gt;</a>&nbsp;&nbsp;&nbsp;OUT3_ON
<LI><a href="#[86]">&gt;&gt;</a>&nbsp;&nbsp;&nbsp;OUT3_OFF
<LI><a href="#[7b]">&gt;&gt;</a>&nbsp;&nbsp;&nbsp;OUT2_REST
<LI><a href="#[82]">&gt;&gt;</a>&nbsp;&nbsp;&nbsp;OUT2_ON
<LI><a href="#[85]">&gt;&gt;</a>&nbsp;&nbsp;&nbsp;OUT2_OFF
<LI><a href="#[7a]">&gt;&gt;</a>&nbsp;&nbsp;&nbsp;OUT1_REST
<LI><a href="#[81]">&gt;&gt;</a>&nbsp;&nbsp;&nbsp;OUT1_ON
<LI><a href="#[84]">&gt;&gt;</a>&nbsp;&nbsp;&nbsp;OUT1_OFF
<LI><a href="#[126]">&gt;&gt;</a>&nbsp;&nbsp;&nbsp;TLC59108_I2C_wbyte
<LI><a href="#[125]">&gt;&gt;</a>&nbsp;&nbsp;&nbsp;TLC59108_I2C_Stop
<LI><a href="#[124]">&gt;&gt;</a>&nbsp;&nbsp;&nbsp;TLC59108_I2C_Start
<LI><a href="#[121]">&gt;&gt;</a>&nbsp;&nbsp;&nbsp;TLC59108_I2C_RecAck
</UL>

<P><STRONG><a name="[f4]"></a>GPIO_SetBits</STRONG> (Thumb, 4 bytes, Stack size 0 bytes, stm32f10x_gpio.o(i.GPIO_SetBits))
<BR><BR>[Called By]<UL><LI><a href="#[8d]">&gt;&gt;</a>&nbsp;&nbsp;&nbsp;Set_IIC_SDA
<LI><a href="#[8b]">&gt;&gt;</a>&nbsp;&nbsp;&nbsp;Set_IIC_SCL
<LI><a href="#[80]">&gt;&gt;</a>&nbsp;&nbsp;&nbsp;TLC59108_reset
[...]
</UL>
<BR>[Called By]<UL><LI><a href="#[f7]">&gt;&gt;</a>&nbsp;&nbsp;&nbsp;Protocol_M1_Deal
</UL>

<P><STRONG><a name="[fd]"></a>check_type</STRONG> (Thumb, 132 bytes, Stack size 40 bytes, protocol_m1.o(i.check_type))
<BR><BR>[Stack]<UL><LI>Max Depth = 216<LI>Call Chain = check_type &rArr; Protocol_M1_SendData &rArr; Protocol_M1_Send_Next &rArr; CAN_Tx_Object_Push &rArr; BSP_CAN_Init &rArr; GPIO_Init
</UL>
<BR>[Calls]<UL><LI><a href="#[c7]">&gt;&gt;</a>&nbsp;&nbsp;&nbsp;Protocol_M1_SendData
</UL>
<BR>[Called By]<UL><LI><a href="#[f7]">&gt;&gt;</a>&nbsp;&nbsp;&nbsp;Protocol_M1_Deal
</UL>

<P><STRONG><a name="[f9]"></a>clear_all_data</STRONG> (Thumb, 144 bytes, Stack size 8 bytes, database.o(i.clear_all_data))
<BR><BR>[Stack]<UL><LI>Max Depth = 168<LI>Call Chain = clear_all_data &rArr; DataBase_SaveNowByIndex &rArr; DataBase_SaveNow &rArr; BSP_EEPROM_Save &rArr; BSP_24CXX_WriteMoreBytes &rArr; BSP_24CXX_SequentialWrite &rArr; BSP_IIC_WaitAck &rArr; BSP_IIC_Stop &rArr; SDA_OUT &rArr; GPIO_Init
</UL>
<BR>[Calls]<UL><LI><a href="#[ce]">&gt;&gt;</a>&nbsp;&nbsp;&nbsp;Mac_Init
<LI><a href="#[e5]">&gt;&gt;</a>&nbsp;&nbsp;&nbsp;JumpToApplication
<LI><a href="#[cf]">&gt;&gt;</a>&nbsp;&nbsp;&nbsp;Get_CRC8
<LI><a href="#[d0]">&gt;&gt;</a>&nbsp;&nbsp;&nbsp;DataBase_SaveNowByIndex
<LI><a href="#[bf]">&gt;&gt;</a>&nbsp;&nbsp;&nbsp;ChannelInfo_Init
<LI><a href="#[4a]">&gt;&gt;</a>&nbsp;&nbsp;&nbsp;__aeabi_memclr
</UL>
<BR>[Called By]<UL><LI><a href="#[f7]">&gt;&gt;</a>&nbsp;&nbsp;&nbsp;Protocol_M1_Deal
</UL>

<P><STRONG><a name="[92]"></a>delay_ms</STRONG> (Thumb, 24 bytes, Stack size 12 bytes, lib_blockdelay.o(i.delay_ms))
<BR><BR>[Stack]<UL><LI>Max Depth = 20<LI>Call Chain = delay_ms &rArr; delay_us
</UL>
<BR>[Calls]<UL><LI><a href="#[68]">&gt;&gt;</a>&nbsp;&nbsp;&nbsp;delay_us
</UL>
<BR>[Called By]<UL><LI><a href="#[65]">&gt;&gt;</a>&nbsp;&nbsp;&nbsp;BSP_IIC_Stop
<LI><a href="#[32]">&gt;&gt;</a>&nbsp;&nbsp;&nbsp;EXTI15_10_IRQHandler
<LI><a href="#[47]">&gt;&gt;</a>&nbsp;&nbsp;&nbsp;bsp_pled_run
</UL>

<P><STRONG><a name="[68]"></a>delay_us</STRONG> (Thumb, 34 bytes, Stack size 8 bytes, lib_blockdelay.o(i.delay_us))
<BR><BR>[Stack]<UL><LI>Max Depth = 8<LI>Call Chain = delay_us
</UL>
<BR>[Called By]<UL><LI><a href="#[8f]">&gt;&gt;</a>&nbsp;&nbsp;&nbsp;BSP_IIC_NAck
<LI><a href="#[87]">&gt;&gt;</a>&nbsp;&nbsp;&nbsp;BSP_IIC_Ack
<LI><a href="#[63]">&gt;&gt;</a>&nbsp;&nbsp;&nbsp;BSP_IIC_WaitAck
<LI><a href="#[65]">&gt;&gt;</a>&nbsp;&nbsp;&nbsp;BSP_IIC_Stop
<LI><a href="#[61]">&gt;&gt;</a>&nbsp;&nbsp;&nbsp;BSP_IIC_Start
<LI><a href="#[62]">&gt;&gt;</a>&nbsp;&nbsp;&nbsp;BSP_IIC_SendByte
<LI><a href="#[64]">&gt;&gt;</a>&nbsp;&nbsp;&nbsp;BSP_IIC_ReadByte
<LI><a href="#[67]">&gt;&gt;</a>&nbsp;&nbsp;&nbsp;BSP_24CXX_WriteMoreBytes
<LI><a href="#[92]">&gt;&gt;</a>&nbsp;&nbsp;&nbsp;delay_ms
</UL>

<P><STRONG><a name="[fe]"></a>device_set</STRONG> (Thumb, 132 bytes, Stack size 48 bytes, protocol_m1.o(i.device_set))
<BR><BR>[Stack]<UL><LI>Max Depth = 240<LI>Call Chain = device_set &rArr; Protocol_M1_Device_Set &rArr; DataBase_SaveNowByIndex &rArr; DataBase_SaveNow &rArr; BSP_EEPROM_Save &rArr; BSP_24CXX_WriteMoreBytes &rArr; BSP_24CXX_SequentialWrite &rArr; BSP_IIC_WaitAck &rArr; BSP_IIC_Stop &rArr; SDA_OUT &rArr; GPIO_Init
</UL>
<BR>[Calls]<UL><LI><a href="#[102]">&gt;&gt;</a>&nbsp;&nbsp;&nbsp;Protocol_M1_Device_Set
<LI><a href="#[c7]">&gt;&gt;</a>&nbsp;&nbsp;&nbsp;Protocol_M1_SendData
</UL>
<BR>[Called By]<UL><LI><a href="#[f7]">&gt;&gt;</a>&nbsp;&nbsp;&nbsp;Protocol_M1_Deal
</UL>

<P><STRONG><a name="[e2]"></a>free</STRONG> (Thumb, 76 bytes, Stack size 8 bytes, malloc.o(i.free))
<BR><BR>[Stack]<UL><LI>Max Depth = 8<LI>Call Chain = free
</UL>
<BR>[Called By]<UL><LI><a href="#[af]">&gt;&gt;</a>&nbsp;&nbsp;&nbsp;Queue_Write
<LI><a href="#[ad]">&gt;&gt;</a>&nbsp;&nbsp;&nbsp;Queue_Read
<LI><a href="#[ba]">&gt;&gt;</a>&nbsp;&nbsp;&nbsp;Empty_Queue
</UL>

<P><STRONG><a name="[111]"></a>getElapsedTime</STRONG> (Thumb, 14 bytes, Stack size 8 bytes, bsp_timer.o(i.getElapsedTime))
<BR><BR>[Stack]<UL><LI>Max Depth = 8<LI>Call Chain = getElapsedTime
</UL>
<BR>[Calls]<UL><LI><a href="#[11e]">&gt;&gt;</a>&nbsp;&nbsp;&nbsp;TIM_GetCounter
</UL>
<BR>[Called By]<UL><LI><a href="#[de]">&gt;&gt;</a>&nbsp;&nbsp;&nbsp;SetAlarm
</UL>

<P><STRONG><a name="[ec]"></a>key_Pool</STRONG> (Thumb, 1520 bytes, Stack size 32 bytes, bsp_key.o(i.key_Pool))
<BR><BR>[Stack]<UL><LI>Max Depth = 288<LI>Call Chain = key_Pool &rArr; Protocol_M1_Operation &rArr; Protocol_M1_State_ACK &rArr; Protocol_M1_SendData &rArr; Protocol_M1_Send_Next &rArr; CAN_Tx_Object_Push &rArr; BSP_CAN_Init &rArr; GPIO_Init
</UL>
<BR>[Calls]<UL><LI><a href="#[c4]">&gt;&gt;</a>&nbsp;&nbsp;&nbsp;ConfigMap_Init
<LI><a href="#[d3]">&gt;&gt;</a>&nbsp;&nbsp;&nbsp;bsp_pled_brightness_adj
<LI><a href="#[d4]">&gt;&gt;</a>&nbsp;&nbsp;&nbsp;bsp_pled_LED_mode
<LI><a href="#[d2]">&gt;&gt;</a>&nbsp;&nbsp;&nbsp;bsp_SetLinghtMode
<LI><a href="#[d1]">&gt;&gt;</a>&nbsp;&nbsp;&nbsp;bsp_SetKeyMode
<LI><a href="#[109]">&gt;&gt;</a>&nbsp;&nbsp;&nbsp;BSP_OUT
<LI><a href="#[10a]">&gt;&gt;</a>&nbsp;&nbsp;&nbsp;Protocol_M1_State_ACK
<LI><a href="#[107]">&gt;&gt;</a>&nbsp;&nbsp;&nbsp;Protocol_M1_Operation
<LI><a href="#[106]">&gt;&gt;</a>&nbsp;&nbsp;&nbsp;Protocol_M1_Key_Send_Number
<LI><a href="#[105]">&gt;&gt;</a>&nbsp;&nbsp;&nbsp;Protocol_M1_Key_Send
<LI><a href="#[10c]">&gt;&gt;</a>&nbsp;&nbsp;&nbsp;Device_ID_Check
<LI><a href="#[5e]">&gt;&gt;</a>&nbsp;&nbsp;&nbsp;BEEP_KeyTone
<LI><a href="#[df]">&gt;&gt;</a>&nbsp;&nbsp;&nbsp;bsp_pled_flash_run_mode
<LI><a href="#[131]">&gt;&gt;</a>&nbsp;&nbsp;&nbsp;bsp_pled_flash_lock_mode
<LI><a href="#[103]">&gt;&gt;</a>&nbsp;&nbsp;&nbsp;bsp_pled_brightness_set
</UL>
<BR>[Called By]<UL><LI><a href="#[3b]">&gt;&gt;</a>&nbsp;&nbsp;&nbsp;Key_Handle
</UL>

<P><STRONG><a name="[35]"></a>main</STRONG> (Thumb, 52 bytes, Stack size 0 bytes, main.o(i.main))
<BR><BR>[Stack]<UL><LI>Max Depth = 368<LI>Call Chain = main &rArr; CanBus_Poll &rArr; Protocol_Can_Rec_M &rArr; Protocol_M1_RecData &rArr; Protocol_M1_Deal &rArr; operation_device &rArr; Protocol_M1_Operation &rArr; Protocol_M1_State_ACK &rArr; Protocol_M1_SendData &rArr; Protocol_M1_Send_Next &rArr; CAN_Tx_Object_Push &rArr; BSP_CAN_Init &rArr; GPIO_Init
</UL>
<BR>[Calls]<UL><LI><a href="#[116]">&gt;&gt;</a>&nbsp;&nbsp;&nbsp;Sys_Run_State
<LI><a href="#[104]">&gt;&gt;</a>&nbsp;&nbsp;&nbsp;Protocol_M1_Init
<LI><a href="#[dd]">&gt;&gt;</a>&nbsp;&nbsp;&nbsp;Device_Init
<LI><a href="#[c4]">&gt;&gt;</a>&nbsp;&nbsp;&nbsp;ConfigMap_Init
<LI><a href="#[bd]">&gt;&gt;</a>&nbsp;&nbsp;&nbsp;CanBus_Poll
<LI><a href="#[bc]">&gt;&gt;</a>&nbsp;&nbsp;&nbsp;CanBus_Init
<LI><a href="#[74]">&gt;&gt;</a>&nbsp;&nbsp;&nbsp;BSP_WatchDog_Reset
<LI><a href="#[94]">&gt;&gt;</a>&nbsp;&nbsp;&nbsp;BSP_Init
<LI><a href="#[7e]">&gt;&gt;</a>&nbsp;&nbsp;&nbsp;BSP_GPIO_Rest
<LI><a href="#[d7]">&gt;&gt;</a>&nbsp;&nbsp;&nbsp;DataBase_Poll
<LI><a href="#[cc]">&gt;&gt;</a>&nbsp;&nbsp;&nbsp;DataBase_Init
</UL>
<BR>[Address Reference Count : 1]<UL><LI> entry9a.o(.ARM.Collect$$$$0000000B)
</UL>
<P><STRONG><a name="[ca]"></a>malloc</STRONG> (Thumb, 92 bytes, Stack size 20 bytes, malloc.o(i.malloc))
<BR><BR>[Stack]<UL><LI>Max Depth = 20<LI>Call Chain = malloc
</UL>
<BR>[Called By]<UL><LI><a href="#[af]">&gt;&gt;</a>&nbsp;&nbsp;&nbsp;Queue_Write
<LI><a href="#[ba]">&gt;&gt;</a>&nbsp;&nbsp;&nbsp;Empty_Queue
<LI><a href="#[b1]">&gt;&gt;</a>&nbsp;&nbsp;&nbsp;Create_Queue
</UL>

<P><STRONG><a name="[fc]"></a>operation_device</STRONG> (Thumb, 142 bytes, Stack size 40 bytes, protocol_m1.o(i.operation_device))
<BR><BR>[Stack]<UL><LI>Max Depth = 296<LI>Call Chain = operation_device &rArr; Protocol_M1_Operation &rArr; Protocol_M1_State_ACK &rArr; Protocol_M1_SendData &rArr; Protocol_M1_Send_Next &rArr; CAN_Tx_Object_Push &rArr; BSP_CAN_Init &rArr; GPIO_Init
</UL>
<BR>[Calls]<UL><LI><a href="#[c7]">&gt;&gt;</a>&nbsp;&nbsp;&nbsp;Protocol_M1_SendData
<LI><a href="#[107]">&gt;&gt;</a>&nbsp;&nbsp;&nbsp;Protocol_M1_Operation
</UL>
<BR>[Called By]<UL><LI><a href="#[f7]">&gt;&gt;</a>&nbsp;&nbsp;&nbsp;Protocol_M1_Deal
</UL>

<P><STRONG><a name="[f8]"></a>run_to_boot</STRONG> (Thumb, 14 bytes, Stack size 8 bytes, protocol_m1.o(i.run_to_boot))
<BR><BR>[Stack]<UL><LI>Max Depth = 24<LI>Call Chain = run_to_boot &rArr; JumpToApplication
</UL>
<BR>[Calls]<UL><LI><a href="#[e5]">&gt;&gt;</a>&nbsp;&nbsp;&nbsp;JumpToApplication
</UL>
<BR>[Called By]<UL><LI><a href="#[f7]">&gt;&gt;</a>&nbsp;&nbsp;&nbsp;Protocol_M1_Deal
</UL>

<P><STRONG><a name="[fb]"></a>scene_del</STRONG> (Thumb, 106 bytes, Stack size 24 bytes, protocol_m1.o(i.scene_del))
<BR><BR>[Stack]<UL><LI>Max Depth = 192<LI>Call Chain = scene_del &rArr; DataBase_SaveNow_ScenenList &rArr; DataBase_SaveNow &rArr; BSP_EEPROM_Save &rArr; BSP_24CXX_WriteMoreBytes &rArr; BSP_24CXX_SequentialWrite &rArr; BSP_IIC_WaitAck &rArr; BSP_IIC_Stop &rArr; SDA_OUT &rArr; GPIO_Init
</UL>
<BR>[Calls]<UL><LI><a href="#[d9]">&gt;&gt;</a>&nbsp;&nbsp;&nbsp;DataBase_SaveNow_ScenenList
</UL>
<BR>[Called By]<UL><LI><a href="#[f7]">&gt;&gt;</a>&nbsp;&nbsp;&nbsp;Protocol_M1_Deal
</UL>

<P><STRONG><a name="[112]"></a>setTimer</STRONG> (Thumb, 38 bytes, Stack size 8 bytes, bsp_timer.o(i.setTimer))
<BR><BR>[Stack]<UL><LI>Max Depth = 8<LI>Call Chain = setTimer
</UL>
<BR>[Calls]<UL><LI><a href="#[11e]">&gt;&gt;</a>&nbsp;&nbsp;&nbsp;TIM_GetCounter
<LI><a href="#[132]">&gt;&gt;</a>&nbsp;&nbsp;&nbsp;TIM_SetAutoreload
</UL>
<BR>[Called By]<UL><LI><a href="#[11f]">&gt;&gt;</a>&nbsp;&nbsp;&nbsp;TimeDispatch
<LI><a href="#[de]">&gt;&gt;</a>&nbsp;&nbsp;&nbsp;SetAlarm
</UL>
<P>
<H3>
Local Symbols
</H3>
<P><STRONG><a name="[a7]"></a>CheckITStatus</STRONG> (Thumb, 18 bytes, Stack size 0 bytes, stm32f10x_can.o(i.CheckITStatus))
<BR><BR>[Called By]<UL><LI><a href="#[a6]">&gt;&gt;</a>&nbsp;&nbsp;&nbsp;CAN_GetITStatus
</UL>

<P><STRONG><a name="[113]"></a>SetSysClock</STRONG> (Thumb, 8 bytes, Stack size 8 bytes, system_stm32f10x.o(i.SetSysClock))
<BR><BR>[Stack]<UL><LI>Max Depth = 20<LI>Call Chain = SetSysClock &rArr; SetSysClockTo72
</UL>
<BR>[Calls]<UL><LI><a href="#[114]">&gt;&gt;</a>&nbsp;&nbsp;&nbsp;SetSysClockTo72
</UL>
<BR>[Called By]<UL><LI><a href="#[36]">&gt;&gt;</a>&nbsp;&nbsp;&nbsp;SystemInit
</UL>

<P><STRONG><a name="[114]"></a>SetSysClockTo72</STRONG> (Thumb, 214 bytes, Stack size 12 bytes, system_stm32f10x.o(i.SetSysClockTo72))
<BR><BR>[Stack]<UL><LI>Max Depth = 12<LI>Call Chain = SetSysClockTo72
</UL>
<BR>[Called By]<UL><LI><a href="#[113]">&gt;&gt;</a>&nbsp;&nbsp;&nbsp;SetSysClock
</UL>

<P><STRONG><a name="[f3]"></a>NVIC_Configuration</STRONG> (Thumb, 42 bytes, Stack size 8 bytes, bsp_timer.o(i.NVIC_Configuration))
<BR><BR>[Stack]<UL><LI>Max Depth = 24<LI>Call Chain = NVIC_Configuration &rArr; NVIC_Init
</UL>
<BR>[Calls]<UL><LI><a href="#[71]">&gt;&gt;</a>&nbsp;&nbsp;&nbsp;NVIC_PriorityGroupConfig
<LI><a href="#[72]">&gt;&gt;</a>&nbsp;&nbsp;&nbsp;NVIC_Init
</UL>
<BR>[Called By]<UL><LI><a href="#[9e]">&gt;&gt;</a>&nbsp;&nbsp;&nbsp;TIM4_start
</UL>

<P><STRONG><a name="[110]"></a>RCC_Configuration</STRONG> (Thumb, 12 bytes, Stack size 8 bytes, bsp_timer.o(i.RCC_Configuration))
<BR><BR>[Stack]<UL><LI>Max Depth = 8<LI>Call Chain = RCC_Configuration
</UL>
<BR>[Calls]<UL><LI><a href="#[6a]">&gt;&gt;</a>&nbsp;&nbsp;&nbsp;RCC_APB1PeriphClockCmd
</UL>
<BR>[Called By]<UL><LI><a href="#[9e]">&gt;&gt;</a>&nbsp;&nbsp;&nbsp;TIM4_start
</UL>

<P><STRONG><a name="[117]"></a>TIM4_Configuration</STRONG> (Thumb, 88 bytes, Stack size 16 bytes, bsp_timer.o(i.TIM4_Configuration))
<BR><BR>[Stack]<UL><LI>Max Depth = 24<LI>Call Chain = TIM4_Configuration &rArr; TIM_DeInit
</UL>
<BR>[Calls]<UL><LI><a href="#[11b]">&gt;&gt;</a>&nbsp;&nbsp;&nbsp;TIM_ITConfig
<LI><a href="#[118]">&gt;&gt;</a>&nbsp;&nbsp;&nbsp;TIM_DeInit
<LI><a href="#[75]">&gt;&gt;</a>&nbsp;&nbsp;&nbsp;TIM_Cmd
<LI><a href="#[11a]">&gt;&gt;</a>&nbsp;&nbsp;&nbsp;TIM_ClearFlag
<LI><a href="#[119]">&gt;&gt;</a>&nbsp;&nbsp;&nbsp;TIM_TimeBaseInit
</UL>
<BR>[Called By]<UL><LI><a href="#[9e]">&gt;&gt;</a>&nbsp;&nbsp;&nbsp;TIM4_start
</UL>

<P><STRONG><a name="[121]"></a>TLC59108_I2C_RecAck</STRONG> (Thumb, 82 bytes, Stack size 8 bytes, bsp_tlc59108.o(i.TLC59108_I2C_RecAck))
<BR><BR>[Stack]<UL><LI>Max Depth = 48<LI>Call Chain = TLC59108_I2C_RecAck &rArr; TLC59108_I2C_SDA_IO_SET &rArr; GPIO_Init
</UL>
<BR>[Calls]<UL><LI><a href="#[f4]">&gt;&gt;</a>&nbsp;&nbsp;&nbsp;GPIO_SetBits
<LI><a href="#[c3]">&gt;&gt;</a>&nbsp;&nbsp;&nbsp;GPIO_ResetBits
<LI><a href="#[79]">&gt;&gt;</a>&nbsp;&nbsp;&nbsp;GPIO_ReadInputDataBit
<LI><a href="#[123]">&gt;&gt;</a>&nbsp;&nbsp;&nbsp;TLC59108_I2C_SDA_IO_SET
<LI><a href="#[122]">&gt;&gt;</a>&nbsp;&nbsp;&nbsp;TLC59108_delay_nop
</UL>
<BR>[Called By]<UL><LI><a href="#[80]">&gt;&gt;</a>&nbsp;&nbsp;&nbsp;TLC59108_reset
<LI><a href="#[128]">&gt;&gt;</a>&nbsp;&nbsp;&nbsp;TLC59108_SetAllLed_Brightness
<LI><a href="#[127]">&gt;&gt;</a>&nbsp;&nbsp;&nbsp;TLC59108_OutRefresh
</UL>

<P><STRONG><a name="[124]"></a>TLC59108_I2C_Start</STRONG> (Thumb, 52 bytes, Stack size 8 bytes, bsp_tlc59108.o(i.TLC59108_I2C_Start))
<BR><BR>[Stack]<UL><LI>Max Depth = 8<LI>Call Chain = TLC59108_I2C_Start
</UL>
<BR>[Calls]<UL><LI><a href="#[f4]">&gt;&gt;</a>&nbsp;&nbsp;&nbsp;GPIO_SetBits
<LI><a href="#[c3]">&gt;&gt;</a>&nbsp;&nbsp;&nbsp;GPIO_ResetBits
<LI><a href="#[122]">&gt;&gt;</a>&nbsp;&nbsp;&nbsp;TLC59108_delay_nop
</UL>
<BR>[Called By]<UL><LI><a href="#[80]">&gt;&gt;</a>&nbsp;&nbsp;&nbsp;TLC59108_reset
<LI><a href="#[128]">&gt;&gt;</a>&nbsp;&nbsp;&nbsp;TLC59108_SetAllLed_Brightness
<LI><a href="#[127]">&gt;&gt;</a>&nbsp;&nbsp;&nbsp;TLC59108_OutRefresh
</UL>

<P><STRONG><a name="[125]"></a>TLC59108_I2C_Stop</STRONG> (Thumb, 52 bytes, Stack size 8 bytes, bsp_tlc59108.o(i.TLC59108_I2C_Stop))
<BR><BR>[Stack]<UL><LI>Max Depth = 8<LI>Call Chain = TLC59108_I2C_Stop
</UL>
<BR>[Calls]<UL><LI><a href="#[f4]">&gt;&gt;</a>&nbsp;&nbsp;&nbsp;GPIO_SetBits
<LI><a href="#[c3]">&gt;&gt;</a>&nbsp;&nbsp;&nbsp;GPIO_ResetBits
<LI><a href="#[122]">&gt;&gt;</a>&nbsp;&nbsp;&nbsp;TLC59108_delay_nop
</UL>
<BR>[Called By]<UL><LI><a href="#[80]">&gt;&gt;</a>&nbsp;&nbsp;&nbsp;TLC59108_reset
<LI><a href="#[128]">&gt;&gt;</a>&nbsp;&nbsp;&nbsp;TLC59108_SetAllLed_Brightness
<LI><a href="#[127]">&gt;&gt;</a>&nbsp;&nbsp;&nbsp;TLC59108_OutRefresh
</UL>

<P><STRONG><a name="[126]"></a>TLC59108_I2C_wbyte</STRONG> (Thumb, 74 bytes, Stack size 16 bytes, bsp_tlc59108.o(i.TLC59108_I2C_wbyte))
<BR><BR>[Stack]<UL><LI>Max Depth = 16<LI>Call Chain = TLC59108_I2C_wbyte
</UL>
<BR>[Calls]<UL><LI><a href="#[f4]">&gt;&gt;</a>&nbsp;&nbsp;&nbsp;GPIO_SetBits
<LI><a href="#[c3]">&gt;&gt;</a>&nbsp;&nbsp;&nbsp;GPIO_ResetBits
<LI><a href="#[122]">&gt;&gt;</a>&nbsp;&nbsp;&nbsp;TLC59108_delay_nop
</UL>
<BR>[Called By]<UL><LI><a href="#[80]">&gt;&gt;</a>&nbsp;&nbsp;&nbsp;TLC59108_reset
<LI><a href="#[128]">&gt;&gt;</a>&nbsp;&nbsp;&nbsp;TLC59108_SetAllLed_Brightness
<LI><a href="#[127]">&gt;&gt;</a>&nbsp;&nbsp;&nbsp;TLC59108_OutRefresh
</UL>

<P><STRONG><a name="[122]"></a>TLC59108_delay_nop</STRONG> (Thumb, 16 bytes, Stack size 0 bytes, bsp_tlc59108.o(i.TLC59108_delay_nop))
<BR><BR>[Called By]<UL><LI><a href="#[80]">&gt;&gt;</a>&nbsp;&nbsp;&nbsp;TLC59108_reset
<LI><a href="#[126]">&gt;&gt;</a>&nbsp;&nbsp;&nbsp;TLC59108_I2C_wbyte
<LI><a href="#[125]">&gt;&gt;</a>&nbsp;&nbsp;&nbsp;TLC59108_I2C_Stop
<LI><a href="#[124]">&gt;&gt;</a>&nbsp;&nbsp;&nbsp;TLC59108_I2C_Start
<LI><a href="#[121]">&gt;&gt;</a>&nbsp;&nbsp;&nbsp;TLC59108_I2C_RecAck
</UL>

<P><STRONG><a name="[44]"></a>IsKeyDown1</STRONG> (Thumb, 20 bytes, Stack size 8 bytes, bsp_key.o(i.IsKeyDown1))
<BR><BR>[Stack]<UL><LI>Max Depth = 8<LI>Call Chain = IsKeyDown1
</UL>
<BR>[Calls]<UL><LI><a href="#[79]">&gt;&gt;</a>&nbsp;&nbsp;&nbsp;GPIO_ReadInputDataBit
</UL>
<BR>[Address Reference Count : 1]<UL><LI> bsp_key.o(i.bsp_InitKeyVar)
</UL>
<P><STRONG><a name="[45]"></a>IsKeyDown2</STRONG> (Thumb, 20 bytes, Stack size 8 bytes, bsp_key.o(i.IsKeyDown2))
<BR><BR>[Stack]<UL><LI>Max Depth = 8<LI>Call Chain = IsKeyDown2
</UL>
<BR>[Calls]<UL><LI><a href="#[79]">&gt;&gt;</a>&nbsp;&nbsp;&nbsp;GPIO_ReadInputDataBit
</UL>
<BR>[Address Reference Count : 1]<UL><LI> bsp_key.o(i.bsp_InitKeyVar)
</UL>
<P><STRONG><a name="[46]"></a>IsKeyDown3</STRONG> (Thumb, 20 bytes, Stack size 8 bytes, bsp_key.o(i.IsKeyDown3))
<BR><BR>[Stack]<UL><LI>Max Depth = 8<LI>Call Chain = IsKeyDown3
</UL>
<BR>[Calls]<UL><LI><a href="#[79]">&gt;&gt;</a>&nbsp;&nbsp;&nbsp;GPIO_ReadInputDataBit
</UL>
<BR>[Address Reference Count : 1]<UL><LI> bsp_key.o(i.bsp_InitKeyVar)
</UL>
<P><STRONG><a name="[12b]"></a>bsp_DetectKey</STRONG> (Thumb, 212 bytes, Stack size 16 bytes, bsp_key.o(i.bsp_DetectKey))
<BR><BR>[Stack]<UL><LI>Max Depth = 16<LI>Call Chain = bsp_DetectKey
</UL>
<BR>[Calls]<UL><LI><a href="#[12c]">&gt;&gt;</a>&nbsp;&nbsp;&nbsp;bsp_PutKey
</UL>
<BR>[Called By]<UL><LI><a href="#[e7]">&gt;&gt;</a>&nbsp;&nbsp;&nbsp;bsp_KeyScan
</UL>

<P><STRONG><a name="[9d]"></a>bsp_InitKeyHard</STRONG> (Thumb, 108 bytes, Stack size 8 bytes, bsp_key.o(i.bsp_InitKeyHard))
<BR><BR>[Stack]<UL><LI>Max Depth = 32<LI>Call Chain = bsp_InitKeyHard &rArr; GPIO_Init
</UL>
<BR>[Calls]<UL><LI><a href="#[78]">&gt;&gt;</a>&nbsp;&nbsp;&nbsp;GPIO_PinRemapConfig
<LI><a href="#[50]">&gt;&gt;</a>&nbsp;&nbsp;&nbsp;GPIO_Init
<LI><a href="#[12e]">&gt;&gt;</a>&nbsp;&nbsp;&nbsp;RCC_LSEConfig
<LI><a href="#[4f]">&gt;&gt;</a>&nbsp;&nbsp;&nbsp;RCC_APB2PeriphClockCmd
<LI><a href="#[12f]">&gt;&gt;</a>&nbsp;&nbsp;&nbsp;BKP_TamperPinCmd
<LI><a href="#[12d]">&gt;&gt;</a>&nbsp;&nbsp;&nbsp;PWR_BackupAccessCmd
</UL>
<BR>[Called By]<UL><LI><a href="#[9a]">&gt;&gt;</a>&nbsp;&nbsp;&nbsp;BSP_InitKey
</UL>

<P><STRONG><a name="[9c]"></a>bsp_InitKeyVar</STRONG> (Thumb, 84 bytes, Stack size 0 bytes, bsp_key.o(i.bsp_InitKeyVar))
<BR><BR>[Called By]<UL><LI><a href="#[9a]">&gt;&gt;</a>&nbsp;&nbsp;&nbsp;BSP_InitKey
</UL>

<P><STRONG><a name="[b4]"></a>CAN_Tx_Object_Flag_Set</STRONG> (Thumb, 6 bytes, Stack size 0 bytes, canbus.o(i.CAN_Tx_Object_Flag_Set))
<BR><BR>[Called By]<UL><LI><a href="#[b2]">&gt;&gt;</a>&nbsp;&nbsp;&nbsp;CAN_Tx_Object_Interrupt_Handler
<LI><a href="#[b8]">&gt;&gt;</a>&nbsp;&nbsp;&nbsp;CAN_Tx_Object_Push
</UL>

<P><STRONG><a name="[b3]"></a>CAN_Tx_Object_Is_Empty</STRONG> (Thumb, 12 bytes, Stack size 8 bytes, canbus.o(i.CAN_Tx_Object_Is_Empty))
<BR><BR>[Stack]<UL><LI>Max Depth = 8<LI>Call Chain = CAN_Tx_Object_Is_Empty
</UL>
<BR>[Calls]<UL><LI><a href="#[ac]">&gt;&gt;</a>&nbsp;&nbsp;&nbsp;Queue_Is_Empty
</UL>
<BR>[Called By]<UL><LI><a href="#[b2]">&gt;&gt;</a>&nbsp;&nbsp;&nbsp;CAN_Tx_Object_Interrupt_Handler
</UL>

<P><STRONG><a name="[b5]"></a>CAN_Tx_Object_Popup</STRONG> (Thumb, 34 bytes, Stack size 8 bytes, canbus.o(i.CAN_Tx_Object_Popup))
<BR><BR>[Stack]<UL><LI>Max Depth = 40<LI>Call Chain = CAN_Tx_Object_Popup &rArr; Queue_Read &rArr; Copy_To_Item
</UL>
<BR>[Calls]<UL><LI><a href="#[ad]">&gt;&gt;</a>&nbsp;&nbsp;&nbsp;Queue_Read
</UL>
<BR>[Called By]<UL><LI><a href="#[b2]">&gt;&gt;</a>&nbsp;&nbsp;&nbsp;CAN_Tx_Object_Interrupt_Handler
</UL>

<P><STRONG><a name="[c8]"></a>Copy_To_Item</STRONG> (Thumb, 20 bytes, Stack size 16 bytes, queue_list.o(i.Copy_To_Item))
<BR><BR>[Stack]<UL><LI>Max Depth = 16<LI>Call Chain = Copy_To_Item
</UL>
<BR>[Calls]<UL><LI><a href="#[c5]">&gt;&gt;</a>&nbsp;&nbsp;&nbsp;__aeabi_memcpy
</UL>
<BR>[Called By]<UL><LI><a href="#[ad]">&gt;&gt;</a>&nbsp;&nbsp;&nbsp;Queue_Read
</UL>

<P><STRONG><a name="[c9]"></a>Copy_To_Node</STRONG> (Thumb, 20 bytes, Stack size 16 bytes, queue_list.o(i.Copy_To_Node))
<BR><BR>[Stack]<UL><LI>Max Depth = 16<LI>Call Chain = Copy_To_Node
</UL>
<BR>[Calls]<UL><LI><a href="#[c5]">&gt;&gt;</a>&nbsp;&nbsp;&nbsp;__aeabi_memcpy
</UL>
<BR>[Called By]<UL><LI><a href="#[af]">&gt;&gt;</a>&nbsp;&nbsp;&nbsp;Queue_Write
</UL>

<P><STRONG><a name="[cb]"></a>Init_Queue</STRONG> (Thumb, 20 bytes, Stack size 0 bytes, queue_list.o(i.Init_Queue))
<BR><BR>[Called By]<UL><LI><a href="#[b1]">&gt;&gt;</a>&nbsp;&nbsp;&nbsp;Create_Queue
</UL>
<P>
<H3>
Undefined Global Symbols
</H3><HR></body></html>
