Component: ARM Compiler 5.05 update 1 (build 106) Tool: armlink [4d0efa]

==============================================================================

Section Cross References

    database.o(i.ChannelInfo_Init) refers to memseta.o(.text) for __aeabi_memclr4
    database.o(i.ChannelInfo_Init) refers to protocol_m1_device.o(.bss) for g_ChannelInfo
    database.o(i.DataBase_Init) refers to database.o(i.DataBase_Load) for DataBase_Load
    database.o(i.DataBase_Init) refers to memseta.o(.text) for __aeabi_memclr
    database.o(i.DataBase_Init) refers to protocol_m1_device.o(i.Mac_Init) for Mac_Init
    database.o(i.DataBase_Init) refers to lib_userglobal.o(i.Get_CRC8) for Get_CRC8
    database.o(i.DataBase_Init) refers to database.o(i.DataBase_SaveNowByIndex) for DataBase_SaveNowByIndex
    database.o(i.DataBase_Init) refers to database.o(i.ChannelInfo_Init) for ChannelInfo_Init
    database.o(i.DataBase_Init) refers to bsp_key.o(i.bsp_SetKeyMode) for bsp_SetKeyMode
    database.o(i.DataBase_Init) refers to bsp_key.o(i.bsp_SetLinghtMode) for bsp_SetLinghtMode
    database.o(i.DataBase_Init) refers to bsp_tlc59108.o(i.bsp_pled_brightness_adj) for bsp_pled_brightness_adj
    database.o(i.DataBase_Init) refers to bsp_tlc59108.o(i.bsp_pled_LED_mode) for bsp_pled_LED_mode
    database.o(i.DataBase_Init) refers to database.o(.data) for DataBase
    database.o(i.DataBase_Init) refers to protocol_m1_device.o(.bss) for g_DeviceInfo
    database.o(i.DataBase_Init) refers to protocol_m1_scene.o(.bss) for g_SceneList
    database.o(i.DataBase_Init) refers to bsp_key.o(.bss) for g_KeySet
    database.o(i.DataBase_Init) refers to protocol_m1_scene.o(.data) for g_SceneExe
    database.o(i.DataBase_Load) refers to bsp_eeprom.o(i.BSP_EEPROM_Load) for BSP_EEPROM_Load
    database.o(i.DataBase_Load) refers to lib_userglobal.o(i.GetChkSum) for GetChkSum
    database.o(i.DataBase_Load) refers to database.o(.data) for DataBase
    database.o(i.DataBase_Load_Scenen) refers to bsp_eeprom.o(i.BSP_EEPROM_Load) for BSP_EEPROM_Load
    database.o(i.DataBase_Load_Scenen) refers to lib_userglobal.o(i.GetChkSum) for GetChkSum
    database.o(i.DataBase_Load_Scenen) refers to database.o(.data) for DataBase
    database.o(i.DataBase_Poll) refers to database.o(i.DataBase_SaveNowByIndex) for DataBase_SaveNowByIndex
    database.o(i.DataBase_Poll) refers to database.o(.data) for g_SafeTime
    database.o(i.DataBase_Save) refers to database.o(.data) for DataBase
    database.o(i.DataBase_SaveNow) refers to bsp_eeprom.o(i.BSP_EEPROM_Save) for BSP_EEPROM_Save
    database.o(i.DataBase_SaveNowByIndex) refers to lib_userglobal.o(i.GetChkSum) for GetChkSum
    database.o(i.DataBase_SaveNowByIndex) refers to database.o(i.DataBase_SaveNow) for DataBase_SaveNow
    database.o(i.DataBase_SaveNowByIndex) refers to database.o(.data) for DataBase
    database.o(i.DataBase_SaveNow_ScenenList) refers to lib_userglobal.o(i.GetChkSum) for GetChkSum
    database.o(i.DataBase_SaveNow_ScenenList) refers to database.o(i.DataBase_SaveNow) for DataBase_SaveNow
    database.o(i.DataBase_SaveNow_ScenenList) refers to database.o(.data) for DataBase
    database.o(i.DataBase_SaveNow_ScenenList) refers to protocol_m1_scene.o(.bss) for g_SceneList
    database.o(i.DataBase_Save_Scenen) refers to database.o(i.DataBase_SaveNowByIndex) for DataBase_SaveNowByIndex
    database.o(i.DataBase_Save_Scenen) refers to database.o(.data) for g_SafeTime
    database.o(i.clear_all_data) refers to memseta.o(.text) for __aeabi_memclr
    database.o(i.clear_all_data) refers to protocol_m1_device.o(i.Mac_Init) for Mac_Init
    database.o(i.clear_all_data) refers to lib_userglobal.o(i.Get_CRC8) for Get_CRC8
    database.o(i.clear_all_data) refers to database.o(i.DataBase_SaveNowByIndex) for DataBase_SaveNowByIndex
    database.o(i.clear_all_data) refers to database.o(i.ChannelInfo_Init) for ChannelInfo_Init
    database.o(i.clear_all_data) refers to bsp.o(i.JumpToApplication) for JumpToApplication
    database.o(i.clear_all_data) refers to database.o(.data) for DataBase
    database.o(i.clear_all_data) refers to protocol_m1_device.o(.bss) for g_DeviceInfo
    database.o(i.clear_all_data) refers to protocol_m1_scene.o(.bss) for g_SceneList
    database.o(i.clear_all_data) refers to bsp_key.o(.bss) for g_KeySet
    database.o(.data) refers to protocol_m1_device.o(.bss) for g_DeviceInfo
    database.o(.data) refers to bsp_key.o(.bss) for g_KeySet
    database.o(.data) refers to protocol_m1_scene.o(.bss) for g_SceneList
    stm32f10x_it.o(i.USB_HP_CAN1_TX_IRQHandler) refers to stm32f10x_can.o(i.CAN_GetITStatus) for CAN_GetITStatus
    stm32f10x_it.o(i.USB_HP_CAN1_TX_IRQHandler) refers to canbus.o(i.CAN_Tx_Object_Interrupt_Handler) for CAN_Tx_Object_Interrupt_Handler
    stm32f10x_it.o(i.USB_HP_CAN1_TX_IRQHandler) refers to stm32f10x_can.o(i.CAN_ClearITPendingBit) for CAN_ClearITPendingBit
[...]
    i.PendSV_Handler                         0x08006fe0   Section        0  stm32f10x_it.o(i.PendSV_Handler)
    i.Protocol_Can_Rec_M                     0x08006fe4   Section        0  protocol_m1.o(i.Protocol_Can_Rec_M)
    i.Protocol_M1_Deal                       0x08007048   Section        0  protocol_m1.o(i.Protocol_M1_Deal)
    i.Protocol_M1_Device_Set                 0x08007280   Section        0  protocol_m1_device.o(i.Protocol_M1_Device_Set)
    i.Protocol_M1_Device_User_Set            0x08007474   Section        0  protocol_m1_device.o(i.Protocol_M1_Device_User_Set)
    i.Protocol_M1_Init                       0x0800756c   Section        0  protocol_m1.o(i.Protocol_M1_Init)
    i.Protocol_M1_Key_Send                   0x08007588   Section        0  protocol_m1_device.o(i.Protocol_M1_Key_Send)
    i.Protocol_M1_Key_Send_Number            0x080075f8   Section        0  protocol_m1_device.o(i.Protocol_M1_Key_Send_Number)
    i.Protocol_M1_Operation                  0x0800764c   Section        0  protocol_m1_device.o(i.Protocol_M1_Operation)
    i.Protocol_M1_RecData                    0x0800789c   Section        0  protocol_m1.o(i.Protocol_M1_RecData)
    i.Protocol_M1_RecData_TimeOut            0x08007be8   Section        0  protocol_m1.o(i.Protocol_M1_RecData_TimeOut)
    i.Protocol_M1_SendData                   0x08007c48   Section        0  protocol_m1.o(i.Protocol_M1_SendData)
    i.Protocol_M1_Send_Next                  0x08007ce4   Section        0  protocol_m1.o(i.Protocol_M1_Send_Next)
    i.Protocol_M1_Send_TimeOut               0x08007ef0   Section        0  protocol_m1.o(i.Protocol_M1_Send_TimeOut)
    i.Protocol_M1_State_ACK                  0x08007f34   Section        0  protocol_m1_device.o(i.Protocol_M1_State_ACK)
    i.Queue_Is_Empty                         0x08007fbc   Section        0  queue_list.o(i.Queue_Is_Empty)
    i.Queue_Is_Full                          0x08007fca   Section        0  queue_list.o(i.Queue_Is_Full)
    i.Queue_Read                             0x08007fdc   Section        0  queue_list.o(i.Queue_Read)
    i.Queue_Write                            0x08008042   Section        0  queue_list.o(i.Queue_Write)
    i.RCC_AHBPeriphClockCmd                  0x080080d0   Section        0  stm32f10x_rcc.o(i.RCC_AHBPeriphClockCmd)
    i.RCC_APB1PeriphClockCmd                 0x080080f0   Section        0  stm32f10x_rcc.o(i.RCC_APB1PeriphClockCmd)
    i.RCC_APB1PeriphResetCmd                 0x08008110   Section        0  stm32f10x_rcc.o(i.RCC_APB1PeriphResetCmd)
    i.RCC_APB2PeriphClockCmd                 0x08008130   Section        0  stm32f10x_rcc.o(i.RCC_APB2PeriphClockCmd)
    i.RCC_APB2PeriphResetCmd                 0x08008150   Section        0  stm32f10x_rcc.o(i.RCC_APB2PeriphResetCmd)
    i.RCC_Configuration                      0x08008170   Section        0  bsp_timer.o(i.RCC_Configuration)
    RCC_Configuration                        0x08008171   Thumb Code    12  bsp_timer.o(i.RCC_Configuration)
    i.RCC_LSEConfig                          0x0800817c   Section        0  stm32f10x_rcc.o(i.RCC_LSEConfig)
    i.READ_SDA                               0x080081b0   Section        0  bsp_iic.o(i.READ_SDA)
    i.Register_OK                            0x080081c4   Section        0  protocol_m1.o(i.Register_OK)
    i.ResetAlarm                             0x08008278   Section        0  timer.o(i.ResetAlarm)
    i.RunDevice_ON                           0x080082a0   Section        0  protocol_m1_device.o(i.RunDevice_ON)
    i.RunScene_ON                            0x080082bc   Section        0  protocol_m1_device.o(i.RunScene_ON)
    i.SDA_IN                                 0x080082d8   Section        0  bsp_iic.o(i.SDA_IN)
    i.SDA_OUT                                0x080082f8   Section        0  bsp_iic.o(i.SDA_OUT)
    i.SVC_Handler                            0x0800831c   Section        0  stm32f10x_it.o(i.SVC_Handler)
    i.Scene_Exe_Channel                      0x08008320   Section        0  protocol_m1_scene.o(i.Scene_Exe_Channel)
    i.Scene_Operation                        0x08008354   Section        0  protocol_m1_scene.o(i.Scene_Operation)
    i.Scene_Set                              0x0800848c   Section        0  protocol_m1.o(i.Scene_Set)
    i.Send_M1_HeartBeat                      0x08008678   Section        0  protocol_m1.o(i.Send_M1_HeartBeat)
    i.Send_M1_Register                       0x080086d4   Section        0  protocol_m1.o(i.Send_M1_Register)
    i.SetAlarm                               0x08008750   Section        0  timer.o(i.SetAlarm)
    i.SetSysClock                            0x08008818   Section        0  system_stm32f10x.o(i.SetSysClock)
    SetSysClock                              0x08008819   Thumb Code     8  system_stm32f10x.o(i.SetSysClock)
    i.SetSysClockTo72                        0x08008820   Section        0  system_stm32f10x.o(i.SetSysClockTo72)
    SetSysClockTo72                          0x08008821   Thumb Code   214  system_stm32f10x.o(i.SetSysClockTo72)
    i.Set_Bus_lock_State                     0x08008900   Section        0  protocol_m1.o(i.Set_Bus_lock_State)
    i.Set_IIC_SCL                            0x08008968   Section        0  bsp_iic.o(i.Set_IIC_SCL)
    i.Set_IIC_SDA                            0x0800897c   Section        0  bsp_iic.o(i.Set_IIC_SDA)
    i.SysTick_Handler                        0x08008990   Section        0  bsp_systick.o(i.SysTick_Handler)
    i.Sys_Run_State                          0x080089c8   Section        0  protocol_m1_device.o(i.Sys_Run_State)
    i.SystemInit                             0x08008a04   Section        0  system_stm32f10x.o(i.SystemInit)
    i.TIM4_Configuration                     0x08008a64   Section        0  bsp_timer.o(i.TIM4_Configuration)
    TIM4_Configuration                       0x08008a65   Thumb Code    88  bsp_timer.o(i.TIM4_Configuration)
    i.TIM4_IRQHandler                        0x08008ac4   Section        0  bsp_timer.o(i.TIM4_IRQHandler)
    i.TIM4_start                             0x08008b1c   Section        0  bsp_timer.o(i.TIM4_start)
    i.TIM_ClearFlag                          0x08008b2c   Section        0  stm32f10x_tim.o(i.TIM_ClearFlag)
    i.TIM_ClearITPendingBit                  0x08008b32   Section        0  stm32f10x_tim.o(i.TIM_ClearITPendingBit)
    i.TIM_Cmd                                0x08008b38   Section        0  stm32f10x_tim.o(i.TIM_Cmd)
    i.TIM_DeInit                             0x08008b50   Section        0  stm32f10x_tim.o(i.TIM_DeInit)
    i.TIM_GetCounter                         0x08008d38   Section        0  stm32f10x_tim.o(i.TIM_GetCounter)
    i.TIM_GetITStatus                        0x08008d3e   Section        0  stm32f10x_tim.o(i.TIM_GetITStatus)
    i.TIM_ITConfig                           0x08008d60   Section        0  stm32f10x_tim.o(i.TIM_ITConfig)
    i.TIM_SetAutoreload                      0x08008d72   Section        0  stm32f10x_tim.o(i.TIM_SetAutoreload)
    i.TIM_TimeBaseInit                       0x08008d78   Section        0  stm32f10x_tim.o(i.TIM_TimeBaseInit)
    i.TLC59108_I2C_RecAck                    0x08008e1c   Section        0  bsp_tlc59108.o(i.TLC59108_I2C_RecAck)
    TLC59108_I2C_RecAck                      0x08008e1d   Thumb Code    82  bsp_tlc59108.o(i.TLC59108_I2C_RecAck)
    i.TLC59108_I2C_SDA_IO_SET                0x08008e78   Section        0  bsp_tlc59108.o(i.TLC59108_I2C_SDA_IO_SET)
    i.TLC59108_I2C_Start                     0x08008eb8   Section        0  bsp_tlc59108.o(i.TLC59108_I2C_Start)
    TLC59108_I2C_Start                       0x08008eb9   Thumb Code    52  bsp_tlc59108.o(i.TLC59108_I2C_Start)
    i.TLC59108_I2C_Stop                      0x08008ef0   Section        0  bsp_tlc59108.o(i.TLC59108_I2C_Stop)
    TLC59108_I2C_Stop                        0x08008ef1   Thumb Code    52  bsp_tlc59108.o(i.TLC59108_I2C_Stop)
    i.TLC59108_I2C_wbyte                     0x08008f28   Section        0  bsp_tlc59108.o(i.TLC59108_I2C_wbyte)
    TLC59108_I2C_wbyte                       0x08008f29   Thumb Code    74  bsp_tlc59108.o(i.TLC59108_I2C_wbyte)
    i.TLC59108_OutRefresh                    0x08008f78   Section        0  bsp_tlc59108.o(i.TLC59108_OutRefresh)
    i.TLC59108_SetAllLed_Brightness          0x08008fc0   Section        0  bsp_tlc59108.o(i.TLC59108_SetAllLed_Brightness)
    i.TLC59108_delay_nop                     0x08008fec   Section        0  bsp_tlc59108.o(i.TLC59108_delay_nop)
    TLC59108_delay_nop                       0x08008fed   Thumb Code    16  bsp_tlc59108.o(i.TLC59108_delay_nop)
    i.TLC59108_reset                         0x08008ffc   Section        0  bsp_tlc59108.o(i.TLC59108_reset)
    i.TimeDispatch                           0x0800909c   Section        0  timer.o(i.TimeDispatch)
    i.USB_HP_CAN1_TX_IRQHandler              0x0800916c   Section        0  stm32f10x_it.o(i.USB_HP_CAN1_TX_IRQHandler)
    i.USB_LP_CAN1_RX0_IRQHandler             0x0800918c   Section        0  stm32f10x_it.o(i.USB_LP_CAN1_RX0_IRQHandler)
    i.UsageFault_Handler                     0x080091dc   Section        0  stm32f10x_it.o(i.UsageFault_Handler)
    i.__scatterload_copy                     0x080091e0   Section       14  handlers.o(i.__scatterload_copy)
    i.__scatterload_null                     0x080091ee   Section        2  handlers.o(i.__scatterload_null)
    i.__scatterload_zeroinit                 0x080091f0   Section       14  handlers.o(i.__scatterload_zeroinit)
    i.bsp_ClearKey                           0x08009200   Section        0  bsp_key.o(i.bsp_ClearKey)
    i.bsp_DetectKey                          0x08009210   Section        0  bsp_key.o(i.bsp_DetectKey)
    bsp_DetectKey                            0x08009211   Thumb Code   212  bsp_key.o(i.bsp_DetectKey)
    i.bsp_GetKey                             0x080092e8   Section        0  bsp_key.o(i.bsp_GetKey)
    i.bsp_InitAnalog                         0x0800931c   Section        0  bsp_analog.o(i.bsp_InitAnalog)
    i.bsp_InitKeyHard                        0x0800934c   Section        0  bsp_key.o(i.bsp_InitKeyHard)
    bsp_InitKeyHard                          0x0800934d   Thumb Code   108  bsp_key.o(i.bsp_InitKeyHard)
    i.bsp_InitKeyVar                         0x080093c4   Section        0  bsp_key.o(i.bsp_InitKeyVar)
    bsp_InitKeyVar                           0x080093c5   Thumb Code    84  bsp_key.o(i.bsp_InitKeyVar)
    i.bsp_InitLed                            0x0800942c   Section        0  bsp_led.o(i.bsp_InitLed)
    i.bsp_KeyScan                            0x080094a8   Section        0  bsp_key.o(i.bsp_KeyScan)
    i.bsp_LedOn                              0x080094c0   Section        0  bsp_led.o(i.bsp_LedOn)
    i.bsp_PutKey                             0x080094d4   Section        0  bsp_key.o(i.bsp_PutKey)
    i.bsp_SetKeyMode                         0x080094f4   Section        0  bsp_key.o(i.bsp_SetKeyMode)
    i.bsp_SetLinghtMode                      0x08009510   Section        0  bsp_key.o(i.bsp_SetLinghtMode)
    i.bsp_pled_LED_mode                      0x08009554   Section        0  bsp_tlc59108.o(i.bsp_pled_LED_mode)
    i.bsp_pled_brightness_adj                0x08009584   Section        0  bsp_tlc59108.o(i.bsp_pled_brightness_adj)
    i.bsp_pled_brightness_set                0x08009598   Section        0  bsp_tlc59108.o(i.bsp_pled_brightness_set)
    i.bsp_pled_flash                         0x080095bc   Section        0  bsp_tlc59108.o(i.bsp_pled_flash)
    i.bsp_pled_flash_lock_mode               0x0800960c   Section        0  bsp_tlc59108.o(i.bsp_pled_flash_lock_mode)
    i.bsp_pled_flash_run_mode                0x0800967c   Section        0  bsp_tlc59108.o(i.bsp_pled_flash_run_mode)
    i.bsp_pled_run                           0x080096f0   Section        0  bsp_tlc59108.o(i.bsp_pled_run)
    i.check_state                            0x080098ac   Section        0  protocol_m1.o(i.check_state)
    i.check_type                             0x080098e0   Section        0  protocol_m1.o(i.check_type)
    i.clear_all_data                         0x0800996c   Section        0  database.o(i.clear_all_data)
    i.delay_ms                               0x08009a10   Section        0  lib_blockdelay.o(i.delay_ms)
    i.delay_us                               0x08009a28   Section        0  lib_blockdelay.o(i.delay_us)
    i.device_set                             0x08009a54   Section        0  protocol_m1.o(i.device_set)
    i.free                                   0x08009ae0   Section        0  malloc.o(i.free)
    i.getElapsedTime                         0x08009b30   Section        0  bsp_timer.o(i.getElapsedTime)
    i.key_Pool                               0x08009b44   Section        0  bsp_key.o(i.key_Pool)
    i.main                                   0x0800a144   Section        0  main.o(i.main)
    i.malloc                                 0x0800a178   Section        0  malloc.o(i.malloc)
    i.operation_device                       0x0800a1e4   Section        0  protocol_m1.o(i.operation_device)
    i.run_to_boot                            0x0800a27c   Section        0  protocol_m1.o(i.run_to_boot)
    i.scene_del                              0x0800a28c   Section        0  protocol_m1.o(i.scene_del)
    i.setTimer                               0x0800a300   Section        0  bsp_timer.o(i.setTimer)
    .constdata                               0x0800a32c   Section       32  bsp_tlc59108.o(.constdata)
    .constdata                               0x0800a34c   Section       80  protocol_m1.o(.constdata)
    .data                                    0x20000000   Section       64  database.o(.data)
    g_SafeTime                               0x20000000   Data           2  database.o(.data)
    .data                                    0x20000040   Section       20  system_stm32f10x.o(.data)
    .data                                    0x20000054   Section       14  bsp_gpio.o(.data)
    .data                                    0x20000064   Section        4  bsp_systick.o(.data)
    .data                                    0x20000068   Section        8  bsp_timer.o(.data)
    .data                                    0x20000070   Section       12  bsp_tlc59108.o(.data)
    tlc59108_out                             0x20000070   Data           2  bsp_tlc59108.o(.data)
    light_val                                0x20000072   Data           1  bsp_tlc59108.o(.data)
    EEP_flag                                 0x20000078   Data           1  bsp_tlc59108.o(.data)
    flag                                     0x20000079   Data           1  bsp_tlc59108.o(.data)
    first                                    0x2000007a   Data           1  bsp_tlc59108.o(.data)
    count                                    0x2000007b   Data           1  bsp_tlc59108.o(.data)
    .data                                    0x2000007c   Section        9  bsp_key.o(.data)
    lightCount                               0x20000084   Data           1  bsp_key.o(.data)
    .data                                    0x20000088   Section       20  bsp_analog.o(.data)
    write                                    0x2000008c   Data           1  bsp_analog.o(.data)
    g_usAdcValue                             0x2000008e   Data           2  bsp_analog.o(.data)
    DPval                                    0x20000090   Data           4  bsp_analog.o(.data)
    i                                        0x20000094   Data           4  bsp_analog.o(.data)
    count                                    0x20000098   Data           4  bsp_analog.o(.data)
    .data                                    0x2000009c   Section        8  bsp_led.o(.data)
    .data                                    0x200000a4   Section       20  protocol_xmodem.o(.data)
    p                                        0x200000a8   Data           4  protocol_xmodem.o(.data)
    Flash_Addr                               0x200000ac   Data           4  protocol_xmodem.o(.data)
    Pack_Count                               0x200000b0   Data           1  protocol_xmodem.o(.data)
    checkSum                                 0x200000b2   Data           2  protocol_xmodem.o(.data)
    Flash_Addr_Last                          0x200000b4   Data           4  protocol_xmodem.o(.data)
    .data                                    0x200000b8   Section       16  canbus.o(.data)
    CAN_Tx_Object                            0x200000b8   Data           8  canbus.o(.data)
    CAN_Rx_Object                            0x200000c0   Data           8  canbus.o(.data)
    .data                                    0x200000c8   Section       16  protocol_m1.o(.data)
    count                                    0x200000d4   Data           1  protocol_m1.o(.data)
    time                                     0x200000d5   Data           1  protocol_m1.o(.data)
    state                                    0x200000d6   Data           1  protocol_m1.o(.data)
    time                                     0x200000d7   Data           1  protocol_m1.o(.data)
    .data                                    0x200000d8   Section        8  protocol_m1_device.o(.data)
    .data                                    0x200000e0   Section       24  protocol_m1_scene.o(.data)
    .data                                    0x200000f8   Section       12  timer.o(.data)
    .data                                    0x20000104   Section        4  mvars.o(.data)
    .data                                    0x20000108   Section        4  mvars.o(.data)
    .bss                                     0x2000010c   Section       20  stm32f10x_it.o(.bss)
    CAN_Rx_Msg_Buf                           0x2000010c   Data          20  stm32f10x_it.o(.bss)
    .bss                                     0x20000120   Section       24  bsp_tlc59108.o(.bss)
    PLED                                     0x20000120   Data          24  bsp_tlc59108.o(.bss)
    .bss                                     0x20000138   Section       12  bsp_beep.o(.bss)
    g_tBeep                                  0x20000138   Data          12  bsp_beep.o(.bss)
    .bss                                     0x20000144   Section      303  bsp_key.o(.bss)
    s_tBtn                                   0x2000022c   Data          48  bsp_key.o(.bss)
    s_tKey                                   0x2000025c   Data          11  bsp_key.o(.bss)
    .bss                                     0x20000274   Section       60  bsp_analog.o(.bss)
    buf                                      0x20000274   Data          20  bsp_analog.o(.bss)
    DPvalp                                   0x20000288   Data          40  bsp_analog.o(.bss)
    .bss                                     0x200002b0   Section       40  canbus.o(.bss)
    CAN_TX_Obj_Msg                           0x200002b0   Data          20  canbus.o(.bss)
    msg                                      0x200002c4   Data          20  canbus.o(.bss)
    .bss                                     0x200002d8   Section     2118  protocol_m1.o(.bss)
    msg                                      0x2000070c   Data          20  protocol_m1.o(.bss)
    Buf                                      0x20000720   Data        1022  protocol_m1.o(.bss)
    .bss                                     0x20000b20   Section      274  protocol_m1_device.o(.bss)
    .bss                                     0x20000c32   Section     2420  protocol_m1_scene.o(.bss)
    .bss                                     0x200015a6   Section      256  configmap.o(.bss)
    .bss                                     0x200016a8   Section      800  timer.o(.bss)
    HEAP                                     0x200019c8   Section     4096  startup_stm32f10x_md.o(HEAP)
    STACK                                    0x200029c8   Section     2560  startup_stm32f10x_md.o(STACK)

    Global Symbols

    Symbol Name                              Value     Ov Type        Size  Object(Section)

    BuildAttributes$$THM_ISAv4$P$D$K$B$S$PE$A:L22UL41UL21$X:L11$S22US41US21$IEEE1$IW$USESV6$~STKCKD$USESV7$~SHL$OSPACE$EBA8$MICROLIB$REQ8$PRES8$EABIv2 0x00000000   Number         0  anon$$obj.o ABSOLUTE
    __ARM_use_no_argv                        0x00000000   Number         0  main.o ABSOLUTE
    __cpp_initialize__aeabi_                  - Undefined Weak Reference
    __cxa_finalize                            - Undefined Weak Reference
    __decompress                              - Undefined Weak Reference
    _clock_init                               - Undefined Weak Reference
    _microlib_exit                            - Undefined Weak Reference
    __Vectors_Size                           0x000000ec   Number         0  startup_stm32f10x_md.o ABSOLUTE
    __Vectors                                0x08004000   Data           4  startup_stm32f10x_md.o(RESET)
    __Vectors_End                            0x080040ec   Data           0  startup_stm32f10x_md.o(RESET)
    __main                                   0x080040ed   Thumb Code     0  entry.o(.ARM.Collect$$$$00000000)
    _main_stk                                0x080040ed   Thumb Code     0  entry2.o(.ARM.Collect$$$$00000001)
    _main_scatterload                        0x080040f1   Thumb Code     0  entry5.o(.ARM.Collect$$$$00000004)
    __main_after_scatterload                 0x080040f5   Thumb Code     0  entry5.o(.ARM.Collect$$$$00000004)
    _main_clock                              0x080040f5   Thumb Code     0  entry7b.o(.ARM.Collect$$$$00000008)
    _main_cpp_init                           0x080040f5   Thumb Code     0  entry8b.o(.ARM.Collect$$$$0000000A)
    _main_init                               0x080040f5   Thumb Code     0  entry9a.o(.ARM.Collect$$$$0000000B)
    __rt_final_cpp                           0x080040fd   Thumb Code     0  entry10a.o(.ARM.Collect$$$$0000000D)
    __rt_final_exit                          0x080040fd   Thumb Code     0  entry11a.o(.ARM.Collect$$$$0000000F)
    __get_PSP                                0x08004101   Thumb Code     6  core_cm3.o(.emb_text)
    __set_PSP                                0x08004107   Thumb Code     6  core_cm3.o(.emb_text)
    __get_MSP                                0x0800410d   Thumb Code     6  core_cm3.o(.emb_text)
    __set_MSP                                0x08004113   Thumb Code     6  core_cm3.o(.emb_text)
    __REV16                                  0x08004119   Thumb Code     4  core_cm3.o(.emb_text)
    __REVSH                                  0x0800411d   Thumb Code     4  core_cm3.o(.emb_text)
    Reset_Handler                            0x08004121   Thumb Code     8  startup_stm32f10x_md.o(.text)
    ADC1_2_IRQHandler                        0x0800413b   Thumb Code     0  startup_stm32f10x_md.o(.text)
    CAN1_RX1_IRQHandler                      0x0800413b   Thumb Code     0  startup_stm32f10x_md.o(.text)
    CAN1_SCE_IRQHandler                      0x0800413b   Thumb Code     0  startup_stm32f10x_md.o(.text)
    DMA1_Channel1_IRQHandler                 0x0800413b   Thumb Code     0  startup_stm32f10x_md.o(.text)
    DMA1_Channel2_IRQHandler                 0x0800413b   Thumb Code     0  startup_stm32f10x_md.o(.text)
    DMA1_Channel3_IRQHandler                 0x0800413b   Thumb Code     0  startup_stm32f10x_md.o(.text)
    DMA1_Channel4_IRQHandler                 0x0800413b   Thumb Code     0  startup_stm32f10x_md.o(.text)
    DMA1_Channel5_IRQHandler                 0x0800413b   Thumb Code     0  startup_stm32f10x_md.o(.text)
    DMA1_Channel6_IRQHandler                 0x0800413b   Thumb Code     0  startup_stm32f10x_md.o(.text)
    DMA1_Channel7_IRQHandler                 0x0800413b   Thumb Code     0  startup_stm32f10x_md.o(.text)
    EXTI0_IRQHandler                         0x0800413b   Thumb Code     0  startup_stm32f10x_md.o(.text)
    EXTI1_IRQHandler                         0x0800413b   Thumb Code     0  startup_stm32f10x_md.o(.text)
    EXTI2_IRQHandler                         0x0800413b   Thumb Code     0  startup_stm32f10x_md.o(.text)
    EXTI3_IRQHandler                         0x0800413b   Thumb Code     0  startup_stm32f10x_md.o(.text)
    EXTI4_IRQHandler                         0x0800413b   Thumb Code     0  startup_stm32f10x_md.o(.text)
    EXTI9_5_IRQHandler                       0x0800413b   Thumb Code     0  startup_stm32f10x_md.o(.text)
    FLASH_IRQHandler                         0x0800413b   Thumb Code     0  startup_stm32f10x_md.o(.text)
    I2C1_ER_IRQHandler                       0x0800413b   Thumb Code     0  startup_stm32f10x_md.o(.text)
    I2C1_EV_IRQHandler                       0x0800413b   Thumb Code     0  startup_stm32f10x_md.o(.text)
    I2C2_ER_IRQHandler                       0x0800413b   Thumb Code     0  startup_stm32f10x_md.o(.text)
    I2C2_EV_IRQHandler                       0x0800413b   Thumb Code     0  startup_stm32f10x_md.o(.text)
    PVD_IRQHandler                           0x0800413b   Thumb Code     0  startup_stm32f10x_md.o(.text)
    RCC_IRQHandler                           0x0800413b   Thumb Code     0  startup_stm32f10x_md.o(.text)
    RTCAlarm_IRQHandler                      0x0800413b   Thumb Code     0  startup_stm32f10x_md.o(.text)
    RTC_IRQHandler                           0x0800413b   Thumb Code     0  startup_stm32f10x_md.o(.text)
    SPI1_IRQHandler                          0x0800413b   Thumb Code     0  startup_stm32f10x_md.o(.text)
    SPI2_IRQHandler                          0x0800413b   Thumb Code     0  startup_stm32f10x_md.o(.text)
    TAMPER_IRQHandler                        0x0800413b   Thumb Code     0  startup_stm32f10x_md.o(.text)
    TIM1_BRK_IRQHandler                      0x0800413b   Thumb Code     0  startup_stm32f10x_md.o(.text)
    TIM1_CC_IRQHandler                       0x0800413b   Thumb Code     0  startup_stm32f10x_md.o(.text)
    TIM1_TRG_COM_IRQHandler                  0x0800413b   Thumb Code     0  startup_stm32f10x_md.o(.text)
    TIM1_UP_IRQHandler                       0x0800413b   Thumb Code     0  startup_stm32f10x_md.o(.text)
    TIM2_IRQHandler                          0x0800413b   Thumb Code     0  startup_stm32f10x_md.o(.text)
    TIM3_IRQHandler                          0x0800413b   Thumb Code     0  startup_stm32f10x_md.o(.text)
    USART1_IRQHandler                        0x0800413b   Thumb Code     0  startup_stm32f10x_md.o(.text)
    USART2_IRQHandler                        0x0800413b   Thumb Code     0  startup_stm32f10x_md.o(.text)
    USART3_IRQHandler                        0x0800413b   Thumb Code     0  startup_stm32f10x_md.o(.text)
    USBWakeUp_IRQHandler                     0x0800413b   Thumb Code     0  startup_stm32f10x_md.o(.text)
    WWDG_IRQHandler                          0x0800413b   Thumb Code     0  startup_stm32f10x_md.o(.text)
    __aeabi_memcpy                           0x08004145   Thumb Code    36  memcpya.o(.text)
    __aeabi_memcpy4                          0x08004145   Thumb Code     0  memcpya.o(.text)
    __aeabi_memcpy8                          0x08004145   Thumb Code     0  memcpya.o(.text)
    __aeabi_memset                           0x08004169   Thumb Code    14  memseta.o(.text)
    __aeabi_memset4                          0x08004169   Thumb Code     0  memseta.o(.text)
    __aeabi_memset8                          0x08004169   Thumb Code     0  memseta.o(.text)
    __aeabi_memclr                           0x08004177   Thumb Code     4  memseta.o(.text)
    __aeabi_memclr4                          0x08004177   Thumb Code     0  memseta.o(.text)
    __aeabi_memclr8                          0x08004177   Thumb Code     0  memseta.o(.text)
    _memset$wrapper                          0x0800417b   Thumb Code    18  memseta.o(.text)
    __scatterload                            0x0800418d   Thumb Code    28  init.o(.text)
    __scatterload_rt2                        0x0800418d   Thumb Code     0  init.o(.text)
    ADC1_Configuration                       0x080041b1   Thumb Code   148  bsp_analog.o(i.ADC1_Configuration)
    ADC2_Configuration                       0x0800424d   Thumb Code   148  bsp_analog.o(i.ADC2_Configuration)
    ADC_Cmd                                  0x080042e9   Thumb Code    22  stm32f10x_adc.o(i.ADC_Cmd)
    ADC_DMACmd                               0x080042ff   Thumb Code    22  stm32f10x_adc.o(i.ADC_DMACmd)
    ADC_GetCalibrationStatus                 0x08004315   Thumb Code    20  stm32f10x_adc.o(i.ADC_GetCalibrationStatus)
    ADC_GetConversionValue                   0x08004329   Thumb Code     8  stm32f10x_adc.o(i.ADC_GetConversionValue)
    ADC_GetResetCalibrationStatus            0x08004331   Thumb Code    20  stm32f10x_adc.o(i.ADC_GetResetCalibrationStatus)
    ADC_Init                                 0x08004345   Thumb Code    70  stm32f10x_adc.o(i.ADC_Init)
    ADC_RegularChannelConfig                 0x08004395   Thumb Code   184  stm32f10x_adc.o(i.ADC_RegularChannelConfig)
    ADC_ResetCalibration                     0x0800444d   Thumb Code    10  stm32f10x_adc.o(i.ADC_ResetCalibration)
    ADC_SoftwareStartConvCmd                 0x08004457   Thumb Code    22  stm32f10x_adc.o(i.ADC_SoftwareStartConvCmd)
    ADC_StartCalibration                     0x0800446d   Thumb Code    10  stm32f10x_adc.o(i.ADC_StartCalibration)
    AdcPro                                   0x08004479   Thumb Code    80  bsp_analog.o(i.AdcPro)
    BEEP_InitHard                            0x080044d9   Thumb Code    92  bsp_beep.o(i.BEEP_InitHard)
    BEEP_KeyTone                             0x08004539   Thumb Code    24  bsp_beep.o(i.BEEP_KeyTone)
    BEEP_Pro                                 0x08004551   Thumb Code   204  bsp_beep.o(i.BEEP_Pro)
    BEEP_Start                               0x08004625   Thumb Code    42  bsp_beep.o(i.BEEP_Start)
    BKP_TamperPinCmd                         0x08004659   Thumb Code     6  stm32f10x_bkp.o(i.BKP_TamperPinCmd)
    BSP_24CXX_ReadMoreBytes                  0x08004665   Thumb Code   114  bsp_24cxx.o(i.BSP_24CXX_ReadMoreBytes)
    BSP_24CXX_SequentialWrite                0x080046d7   Thumb Code    90  bsp_24cxx.o(i.BSP_24CXX_SequentialWrite)
    BSP_24CXX_WriteMoreBytes                 0x08004731   Thumb Code   324  bsp_24cxx.o(i.BSP_24CXX_WriteMoreBytes)
    BSP_CAN_Init                             0x08004875   Thumb Code   496  bsp_can.o(i.BSP_CAN_Init)
    BSP_EEPROM_Load                          0x08004a71   Thumb Code    52  bsp_eeprom.o(i.BSP_EEPROM_Load)
    BSP_EEPROM_Save                          0x08004aa9   Thumb Code    26  bsp_eeprom.o(i.BSP_EEPROM_Save)
    BSP_GPIO_Init                            0x08004ac5   Thumb Code   370  bsp_gpio.o(i.BSP_GPIO_Init)
    BSP_GPIO_Rest                            0x08004c4d   Thumb Code    44  bsp_gpio.o(i.BSP_GPIO_Rest)
    BSP_GPIO_STATE                           0x08004c79   Thumb Code   112  bsp_gpio.o(i.BSP_GPIO_STATE)
    BSP_GpioZoroCount                        0x08004ce9   Thumb Code    20  bsp_gpio.o(i.BSP_GpioZoroCount)
    BSP_IIC_Ack                              0x08004d01   Thumb Code    36  bsp_iic.o(i.BSP_IIC_Ack)
    BSP_IIC_Init                             0x08004d25   Thumb Code   122  bsp_iic.o(i.BSP_IIC_Init)
    BSP_IIC_NAck                             0x08004da5   Thumb Code    36  bsp_iic.o(i.BSP_IIC_NAck)
    BSP_IIC_ReadByte                         0x08004dc9   Thumb Code    72  bsp_iic.o(i.BSP_IIC_ReadByte)
    BSP_IIC_SendByte                         0x08004e11   Thumb Code    70  bsp_iic.o(i.BSP_IIC_SendByte)
    BSP_IIC_Start                            0x08004e57   Thumb Code    36  bsp_iic.o(i.BSP_IIC_Start)
    BSP_IIC_Stop                             0x08004e7b   Thumb Code    42  bsp_iic.o(i.BSP_IIC_Stop)
    BSP_IIC_WaitAck                          0x08004ea5   Thumb Code    62  bsp_iic.o(i.BSP_IIC_WaitAck)
    BSP_IO_Poll                              0x08004ee5   Thumb Code   176  bsp_gpio.o(i.BSP_IO_Poll)
    BSP_Init                                 0x08004fa9   Thumb Code    50  bsp.o(i.BSP_Init)
    BSP_InitKey                              0x08004fe1   Thumb Code    12  bsp_key.o(i.BSP_InitKey)
    BSP_OUT                                  0x08004fed   Thumb Code   184  bsp_gpio.o(i.BSP_OUT)
    BSP_PdCheck                              0x080050b1   Thumb Code    54  bsp_gpio.o(i.BSP_PdCheck)
    BSP_SysTick_Init                         0x080050f5   Thumb Code   108  bsp_systick.o(i.BSP_SysTick_Init)
    BSP_TimerInit                            0x0800516d   Thumb Code     8  bsp_timer.o(i.BSP_TimerInit)
    BSP_WatchDog_Init                        0x08005175   Thumb Code    30  bsp.o(i.BSP_WatchDog_Init)
    BSP_WatchDog_Reset                       0x08005193   Thumb Code     8  bsp.o(i.BSP_WatchDog_Reset)
    BusFault_Handler                         0x0800519b   Thumb Code     4  stm32f10x_it.o(i.BusFault_Handler)
    CAN_ClearITPendingBit                    0x080051a1   Thumb Code   162  stm32f10x_can.o(i.CAN_ClearITPendingBit)
    CAN_DBGFreeze                            0x08005249   Thumb Code    22  stm32f10x_can.o(i.CAN_DBGFreeze)
    CAN_DeInit                               0x08005261   Thumb Code    50  stm32f10x_can.o(i.CAN_DeInit)
    CAN_FilterInit                           0x08005299   Thumb Code   258  stm32f10x_can.o(i.CAN_FilterInit)
    CAN_Filter_Init                          0x080053a1   Thumb Code    74  bsp_can.o(i.CAN_Filter_Init)
    CAN_GetITStatus                          0x080053ed   Thumb Code   284  stm32f10x_can.o(i.CAN_GetITStatus)
    CAN_ITConfig                             0x0800550d   Thumb Code    18  stm32f10x_can.o(i.CAN_ITConfig)
    CAN_Init                                 0x0800551f   Thumb Code   276  stm32f10x_can.o(i.CAN_Init)
    CAN_MSG_TO_USN32                         0x08005633   Thumb Code    24  protocol_m1.o(i.CAN_MSG_TO_USN32)
    CAN_NVIC_Config                          0x0800564b   Thumb Code    62  bsp_can.o(i.CAN_NVIC_Config)
    CAN_Receive                              0x08005689   Thumb Code   240  stm32f10x_can.o(i.CAN_Receive)
    CAN_Rx_Fast_Poll                         0x08005779   Thumb Code   104  canbus.o(i.CAN_Rx_Fast_Poll)
    CAN_Rx_Object_Popup                      0x080057e5   Thumb Code    54  canbus.o(i.CAN_Rx_Object_Popup)
    CAN_Rx_Object_Push                       0x08005821   Thumb Code    30  canbus.o(i.CAN_Rx_Object_Push)
    CAN_Rx_Objects_Init                      0x08005845   Thumb Code    28  canbus.o(i.CAN_Rx_Objects_Init)
    CAN_StructInit                           0x08005865   Thumb Code    32  stm32f10x_can.o(i.CAN_StructInit)
    CAN_TX_FIFO_Is_Empty                     0x08005885   Thumb Code    24  bsp_can.o(i.CAN_TX_FIFO_Is_Empty)
    CAN_Transmit                             0x0800589d   Thumb Code   294  stm32f10x_can.o(i.CAN_Transmit)
    CAN_Tx_Object_Interrupt_Handler          0x080059d1   Thumb Code    74  canbus.o(i.CAN_Tx_Object_Interrupt_Handler)
    CAN_Tx_Object_Push                       0x08005a5d   Thumb Code   166  canbus.o(i.CAN_Tx_Object_Push)
    CAN_Tx_Objects_Init                      0x08005b0d   Thumb Code    28  canbus.o(i.CAN_Tx_Objects_Init)
    CRC_CalcBlockCRC                         0x08005b2d   Thumb Code    32  stm32f10x_crc.o(i.CRC_CalcBlockCRC)
    CRC_ResetDR                              0x08005b51   Thumb Code     8  stm32f10x_crc.o(i.CRC_ResetDR)
    CanBus_Init                              0x08005b5d   Thumb Code    34  canbus.o(i.CanBus_Init)
    CanBus_Poll                              0x08005b89   Thumb Code    18  canbus.o(i.CanBus_Poll)
    ChannelInfo_Init                         0x08005ba1   Thumb Code    48  database.o(i.ChannelInfo_Init)
    Check_Bus_lock_State                     0x08005be9   Thumb Code    68  protocol_m1.o(i.Check_Bus_lock_State)
    Clr_IIC_SCL                              0x08005c39   Thumb Code    14  bsp_iic.o(i.Clr_IIC_SCL)
    Clr_IIC_SDA                              0x08005c4d   Thumb Code    14  bsp_iic.o(i.Clr_IIC_SDA)
    Clr_IIC_WP                               0x08005c61   Thumb Code    12  bsp_iic.o(i.Clr_IIC_WP)
    ConfigMap_Init                           0x08005c71   Thumb Code   262  configmap.o(i.ConfigMap_Init)
    ConfigMap_read                           0x08005dc9   Thumb Code   308  configmap.o(i.ConfigMap_read)
    Create_Queue                             0x08005f31   Thumb Code    30  queue_list.o(i.Create_Queue)
    DataBase_Init                            0x08005f51   Thumb Code   294  database.o(i.DataBase_Init)
    DataBase_Load                            0x08006095   Thumb Code    68  database.o(i.DataBase_Load)
    DataBase_Load_Scenen                     0x080060dd   Thumb Code    92  database.o(i.DataBase_Load_Scenen)
    DataBase_Poll                            0x0800613d   Thumb Code    76  database.o(i.DataBase_Poll)
    DataBase_Save                            0x08006191   Thumb Code    26  database.o(i.DataBase_Save)
    DataBase_SaveNow                         0x080061b5   Thumb Code    20  database.o(i.DataBase_SaveNow)
    DataBase_SaveNowByIndex                  0x080061c9   Thumb Code    66  database.o(i.DataBase_SaveNowByIndex)
    DataBase_SaveNow_ScenenList              0x08006211   Thumb Code   116  database.o(i.DataBase_SaveNow_ScenenList)
    DataBase_Save_Scenen                     0x0800628d   Thumb Code    70  database.o(i.DataBase_Save_Scenen)
    DebugMon_Handler                         0x080062dd   Thumb Code     2  stm32f10x_it.o(i.DebugMon_Handler)
    DelAlarm                                 0x080062e1   Thumb Code    46  timer.o(i.DelAlarm)
    DeviceUser_Set                           0x08006319   Thumb Code   132  protocol_m1.o(i.DeviceUser_Set)
    Device_ID_Check                          0x080063a5   Thumb Code    62  protocol_m1.o(i.Device_ID_Check)
    Device_Init                              0x080063e9   Thumb Code    98  protocol_m1_device.o(i.Device_Init)
    EXTI15_10_IRQHandler                     0x0800646d   Thumb Code   200  bsp_gpio.o(i.EXTI15_10_IRQHandler)
    EXTI_ClearITPendingBit                   0x08006549   Thumb Code     6  stm32f10x_exti.o(i.EXTI_ClearITPendingBit)
    EXTI_GetITStatus                         0x08006555   Thumb Code    34  stm32f10x_exti.o(i.EXTI_GetITStatus)
    Empty_Queue                              0x0800657d   Thumb Code    60  queue_list.o(i.Empty_Queue)
    GPIO_Init                                0x080065b9   Thumb Code   278  stm32f10x_gpio.o(i.GPIO_Init)
    GPIO_PinRemapConfig                      0x080066d1   Thumb Code   138  stm32f10x_gpio.o(i.GPIO_PinRemapConfig)
    GPIO_ReadInputDataBit                    0x08006761   Thumb Code    18  stm32f10x_gpio.o(i.GPIO_ReadInputDataBit)
    GPIO_ReadOutputDataBit                   0x08006773   Thumb Code    18  stm32f10x_gpio.o(i.GPIO_ReadOutputDataBit)
    GPIO_ResetBits                           0x08006785   Thumb Code     4  stm32f10x_gpio.o(i.GPIO_ResetBits)
    GPIO_SetBits                             0x08006789   Thumb Code     4  stm32f10x_gpio.o(i.GPIO_SetBits)
    GPIO_WriteBit                            0x0800678d   Thumb Code    10  stm32f10x_gpio.o(i.GPIO_WriteBit)
    GetADC                                   0x08006799   Thumb Code     6  bsp_analog.o(i.GetADC)
    GetChkSum                                0x080067a5   Thumb Code    28  lib_userglobal.o(i.GetChkSum)
    Get_CRC8                                 0x080067c1   Thumb Code    64  lib_userglobal.o(i.Get_CRC8)
    HardFault_Handler                        0x08006801   Thumb Code     4  stm32f10x_it.o(i.HardFault_Handler)
    IWDG_Enable                              0x08006805   Thumb Code    10  stm32f10x_iwdg.o(i.IWDG_Enable)
    IWDG_ReloadCounter                       0x08006815   Thumb Code    10  stm32f10x_iwdg.o(i.IWDG_ReloadCounter)
    IWDG_SetPrescaler                        0x08006825   Thumb Code     6  stm32f10x_iwdg.o(i.IWDG_SetPrescaler)
    IWDG_SetReload                           0x08006831   Thumb Code     6  stm32f10x_iwdg.o(i.IWDG_SetReload)
    IWDG_WriteAccessCmd                      0x0800683d   Thumb Code     6  stm32f10x_iwdg.o(i.IWDG_WriteAccessCmd)
    Id_Set                                   0x08006849   Thumb Code   152  protocol_m1.o(i.Id_Set)
    JumpToApplication                        0x08006945   Thumb Code    34  bsp.o(i.JumpToApplication)
    Key_Handle                               0x0800696d   Thumb Code   514  bsp_key.o(i.Key_Handle)
    LED1_Reversal                            0x08006b89   Thumb Code    38  bsp_gpio.o(i.LED1_Reversal)
    Light_Auto                               0x08006bb5   Thumb Code   112  bsp_analog.o(i.Light_Auto)
    M1_HeartBeatErro                         0x08006c29   Thumb Code    38  protocol_m1.o(i.M1_HeartBeatErro)
    Mac_Init                                 0x08006c5d   Thumb Code    82  protocol_m1_device.o(i.Mac_Init)
    MemManage_Handler                        0x08006cb9   Thumb Code     4  stm32f10x_it.o(i.MemManage_Handler)
    NMI_Handler                              0x08006cbd   Thumb Code     2  stm32f10x_it.o(i.NMI_Handler)
    NVIC_Init                                0x08006ce9   Thumb Code   100  misc.o(i.NVIC_Init)
    NVIC_PriorityGroupConfig                 0x08006d59   Thumb Code    10  misc.o(i.NVIC_PriorityGroupConfig)
    NVIC_SetVectorTable                      0x08006d6d   Thumb Code    12  misc.o(i.NVIC_SetVectorTable)
    OUT1_OFF                                 0x08006d81   Thumb Code    20  bsp_gpio.o(i.OUT1_OFF)
    OUT1_ON                                  0x08006d99   Thumb Code    20  bsp_gpio.o(i.OUT1_ON)
    OUT1_REST                                0x08006db1   Thumb Code    20  bsp_gpio.o(i.OUT1_REST)
    OUT2_OFF                                 0x08006dc9   Thumb Code    22  bsp_gpio.o(i.OUT2_OFF)
    OUT2_ON                                  0x08006de5   Thumb Code    22  bsp_gpio.o(i.OUT2_ON)
    OUT2_REST                                0x08006e01   Thumb Code    22  bsp_gpio.o(i.OUT2_REST)
    OUT3_OFF                                 0x08006e1d   Thumb Code    22  bsp_gpio.o(i.OUT3_OFF)
    OUT3_ON                                  0x08006e39   Thumb Code    22  bsp_gpio.o(i.OUT3_ON)
    OUT3_REST                                0x08006e55   Thumb Code    22  bsp_gpio.o(i.OUT3_REST)
    Online_Check                             0x08006e71   Thumb Code   152  protocol_m1.o(i.Online_Check)
    Out_Handle                               0x08006f15   Thumb Code    54  bsp_gpio.o(i.Out_Handle)
    PWR_BackupAccessCmd                      0x08006f51   Thumb Code     6  stm32f10x_pwr.o(i.PWR_BackupAccessCmd)
    Panel_Online_Check                       0x08006f5d   Thumb Code   122  protocol_m1.o(i.Panel_Online_Check)
    PendSV_Handler                           0x08006fe1   Thumb Code     2  stm32f10x_it.o(i.PendSV_Handler)
    Protocol_Can_Rec_M                       0x08006fe5   Thumb Code    94  protocol_m1.o(i.Protocol_Can_Rec_M)
    Protocol_M1_Deal                         0x08007049   Thumb Code   550  protocol_m1.o(i.Protocol_M1_Deal)
    Protocol_M1_Device_Set                   0x08007281   Thumb Code   480  protocol_m1_device.o(i.Protocol_M1_Device_Set)
    Protocol_M1_Device_User_Set              0x08007475   Thumb Code   244  protocol_m1_device.o(i.Protocol_M1_Device_User_Set)
    Protocol_M1_Init                         0x0800756d   Thumb Code    18  protocol_m1.o(i.Protocol_M1_Init)
    Protocol_M1_Key_Send                     0x08007589   Thumb Code   112  protocol_m1_device.o(i.Protocol_M1_Key_Send)
    Protocol_M1_Key_Send_Number              0x080075f9   Thumb Code    80  protocol_m1_device.o(i.Protocol_M1_Key_Send_Number)
    Protocol_M1_Operation                    0x0800764d   Thumb Code   574  protocol_m1_device.o(i.Protocol_M1_Operation)
    Protocol_M1_RecData                      0x0800789d   Thumb Code   806  protocol_m1.o(i.Protocol_M1_RecData)
    Protocol_M1_RecData_TimeOut              0x08007be9   Thumb Code    88  protocol_m1.o(i.Protocol_M1_RecData_TimeOut)
    Protocol_M1_SendData                     0x08007c49   Thumb Code   140  protocol_m1.o(i.Protocol_M1_SendData)
    Protocol_M1_Send_Next                    0x08007ce5   Thumb Code   496  protocol_m1.o(i.Protocol_M1_Send_Next)
    Protocol_M1_Send_TimeOut                 0x08007ef1   Thumb Code    56  protocol_m1.o(i.Protocol_M1_Send_TimeOut)
    Protocol_M1_State_ACK                    0x08007f35   Thumb Code   126  protocol_m1_device.o(i.Protocol_M1_State_ACK)
    Queue_Is_Empty                           0x08007fbd   Thumb Code    14  queue_list.o(i.Queue_Is_Empty)
    Queue_Is_Full                            0x08007fcb   Thumb Code    18  queue_list.o(i.Queue_Is_Full)
    Queue_Read                               0x08007fdd   Thumb Code   102  queue_list.o(i.Queue_Read)
    Queue_Write                              0x08008043   Thumb Code   140  queue_list.o(i.Queue_Write)
    RCC_AHBPeriphClockCmd                    0x080080d1   Thumb Code    26  stm32f10x_rcc.o(i.RCC_AHBPeriphClockCmd)
    RCC_APB1PeriphClockCmd                   0x080080f1   Thumb Code    26  stm32f10x_rcc.o(i.RCC_APB1PeriphClockCmd)
    RCC_APB1PeriphResetCmd                   0x08008111   Thumb Code    26  stm32f10x_rcc.o(i.RCC_APB1PeriphResetCmd)
    RCC_APB2PeriphClockCmd                   0x08008131   Thumb Code    26  stm32f10x_rcc.o(i.RCC_APB2PeriphClockCmd)
    RCC_APB2PeriphResetCmd                   0x08008151   Thumb Code    26  stm32f10x_rcc.o(i.RCC_APB2PeriphResetCmd)
    RCC_LSEConfig                            0x0800817d   Thumb Code    46  stm32f10x_rcc.o(i.RCC_LSEConfig)
    READ_SDA                                 0x080081b1   Thumb Code    14  bsp_iic.o(i.READ_SDA)
    Register_OK                              0x080081c5   Thumb Code   158  protocol_m1.o(i.Register_OK)
    ResetAlarm                               0x08008279   Thumb Code    36  timer.o(i.ResetAlarm)
    RunDevice_ON                             0x080082a1   Thumb Code    22  protocol_m1_device.o(i.RunDevice_ON)
    RunScene_ON                              0x080082bd   Thumb Code    24  protocol_m1_device.o(i.RunScene_ON)
    SDA_IN                                   0x080082d9   Thumb Code    26  bsp_iic.o(i.SDA_IN)
    SDA_OUT                                  0x080082f9   Thumb Code    32  bsp_iic.o(i.SDA_OUT)
    SVC_Handler                              0x0800831d   Thumb Code     2  stm32f10x_it.o(i.SVC_Handler)
    Scene_Exe_Channel                        0x08008321   Thumb Code    46  protocol_m1_scene.o(i.Scene_Exe_Channel)
    Scene_Operation                          0x08008355   Thumb Code   296  protocol_m1_scene.o(i.Scene_Operation)
    Scene_Set                                0x0800848d   Thumb Code   474  protocol_m1.o(i.Scene_Set)
    Send_M1_HeartBeat                        0x08008679   Thumb Code    78  protocol_m1.o(i.Send_M1_HeartBeat)
    Send_M1_Register                         0x080086d5   Thumb Code   110  protocol_m1.o(i.Send_M1_Register)
    SetAlarm                                 0x08008751   Thumb Code   188  timer.o(i.SetAlarm)
    Set_Bus_lock_State                       0x08008901   Thumb Code    88  protocol_m1.o(i.Set_Bus_lock_State)
    Set_IIC_SCL                              0x08008969   Thumb Code    14  bsp_iic.o(i.Set_IIC_SCL)
    Set_IIC_SDA                              0x0800897d   Thumb Code    14  bsp_iic.o(i.Set_IIC_SDA)
    SysTick_Handler                          0x08008991   Thumb Code    42  bsp_systick.o(i.SysTick_Handler)
    Sys_Run_State                            0x080089c9   Thumb Code    50  protocol_m1_device.o(i.Sys_Run_State)
    SystemInit                               0x08008a05   Thumb Code    78  system_stm32f10x.o(i.SystemInit)
    TIM4_IRQHandler                          0x08008ac5   Thumb Code    76  bsp_timer.o(i.TIM4_IRQHandler)
    TIM4_start                               0x08008b1d   Thumb Code    16  bsp_timer.o(i.TIM4_start)
    TIM_ClearFlag                            0x08008b2d   Thumb Code     6  stm32f10x_tim.o(i.TIM_ClearFlag)
    TIM_ClearITPendingBit                    0x08008b33   Thumb Code     6  stm32f10x_tim.o(i.TIM_ClearITPendingBit)
    TIM_Cmd                                  0x08008b39   Thumb Code    24  stm32f10x_tim.o(i.TIM_Cmd)
    TIM_DeInit                               0x08008b51   Thumb Code   424  stm32f10x_tim.o(i.TIM_DeInit)
    TIM_GetCounter                           0x08008d39   Thumb Code     6  stm32f10x_tim.o(i.TIM_GetCounter)
    TIM_GetITStatus                          0x08008d3f   Thumb Code    34  stm32f10x_tim.o(i.TIM_GetITStatus)
    TIM_ITConfig                             0x08008d61   Thumb Code    18  stm32f10x_tim.o(i.TIM_ITConfig)
    TIM_SetAutoreload                        0x08008d73   Thumb Code     4  stm32f10x_tim.o(i.TIM_SetAutoreload)
    TIM_TimeBaseInit                         0x08008d79   Thumb Code   122  stm32f10x_tim.o(i.TIM_TimeBaseInit)
    TLC59108_I2C_SDA_IO_SET                  0x08008e79   Thumb Code    60  bsp_tlc59108.o(i.TLC59108_I2C_SDA_IO_SET)
    TLC59108_OutRefresh                      0x08008f79   Thumb Code    66  bsp_tlc59108.o(i.TLC59108_OutRefresh)
    TLC59108_SetAllLed_Brightness            0x08008fc1   Thumb Code    44  bsp_tlc59108.o(i.TLC59108_SetAllLed_Brightness)
    TLC59108_reset                           0x08008ffd   Thumb Code   152  bsp_tlc59108.o(i.TLC59108_reset)
    TimeDispatch                             0x0800909d   Thumb Code   194  timer.o(i.TimeDispatch)
    USB_HP_CAN1_TX_IRQHandler                0x0800916d   Thumb Code    28  stm32f10x_it.o(i.USB_HP_CAN1_TX_IRQHandler)
    USB_LP_CAN1_RX0_IRQHandler               0x0800918d   Thumb Code    72  stm32f10x_it.o(i.USB_LP_CAN1_RX0_IRQHandler)
    UsageFault_Handler                       0x080091dd   Thumb Code     4  stm32f10x_it.o(i.UsageFault_Handler)
    __scatterload_copy                       0x080091e1   Thumb Code    14  handlers.o(i.__scatterload_copy)
    __scatterload_null                       0x080091ef   Thumb Code     2  handlers.o(i.__scatterload_null)
    __scatterload_zeroinit                   0x080091f1   Thumb Code    14  handlers.o(i.__scatterload_zeroinit)
    bsp_ClearKey                             0x08009201   Thumb Code    10  bsp_key.o(i.bsp_ClearKey)
    bsp_GetKey                               0x080092e9   Thumb Code    46  bsp_key.o(i.bsp_GetKey)
    bsp_InitAnalog                           0x0800931d   Thumb Code    40  bsp_analog.o(i.bsp_InitAnalog)
    bsp_InitLed                              0x0800942d   Thumb Code   114  bsp_led.o(i.bsp_InitLed)
    bsp_KeyScan                              0x080094a9   Thumb Code    22  bsp_key.o(i.bsp_KeyScan)
    bsp_LedOn                                0x080094c1   Thumb Code    16  bsp_led.o(i.bsp_LedOn)
    bsp_PutKey                               0x080094d5   Thumb Code    28  bsp_key.o(i.bsp_PutKey)
    bsp_SetKeyMode                           0x080094f5   Thumb Code    20  bsp_key.o(i.bsp_SetKeyMode)
    bsp_SetLinghtMode                        0x08009511   Thumb Code    56  bsp_key.o(i.bsp_SetLinghtMode)
    bsp_pled_LED_mode                        0x08009555   Thumb Code    36  bsp_tlc59108.o(i.bsp_pled_LED_mode)
    bsp_pled_brightness_adj                  0x08009585   Thumb Code    16  bsp_tlc59108.o(i.bsp_pled_brightness_adj)
    bsp_pled_brightness_set                  0x08009599   Thumb Code    26  bsp_tlc59108.o(i.bsp_pled_brightness_set)
    bsp_pled_flash                           0x080095bd   Thumb Code    74  bsp_tlc59108.o(i.bsp_pled_flash)
    bsp_pled_flash_lock_mode                 0x0800960d   Thumb Code    92  bsp_tlc59108.o(i.bsp_pled_flash_lock_mode)
    bsp_pled_flash_run_mode                  0x0800967d   Thumb Code    94  bsp_tlc59108.o(i.bsp_pled_flash_run_mode)
    bsp_pled_run                             0x080096f1   Thumb Code   398  bsp_tlc59108.o(i.bsp_pled_run)
    check_state                              0x080098ad   Thumb Code    48  protocol_m1.o(i.check_state)
    check_type                               0x080098e1   Thumb Code   132  protocol_m1.o(i.check_type)
    clear_all_data                           0x0800996d   Thumb Code   144  database.o(i.clear_all_data)
    delay_ms                                 0x08009a11   Thumb Code    24  lib_blockdelay.o(i.delay_ms)
    delay_us                                 0x08009a29   Thumb Code    34  lib_blockdelay.o(i.delay_us)
    device_set                               0x08009a55   Thumb Code   132  protocol_m1.o(i.device_set)
    free                                     0x08009ae1   Thumb Code    76  malloc.o(i.free)
    getElapsedTime                           0x08009b31   Thumb Code    14  bsp_timer.o(i.getElapsedTime)
    key_Pool                                 0x08009b45   Thumb Code  1520  bsp_key.o(i.key_Pool)
    main                                     0x0800a145   Thumb Code    52  main.o(i.main)
    malloc                                   0x0800a179   Thumb Code    92  malloc.o(i.malloc)
    operation_device                         0x0800a1e5   Thumb Code   142  protocol_m1.o(i.operation_device)
    run_to_boot                              0x0800a27d   Thumb Code    14  protocol_m1.o(i.run_to_boot)
    scene_del                                0x0800a28d   Thumb Code   106  protocol_m1.o(i.scene_del)
    setTimer                                 0x0800a301   Thumb Code    38  bsp_timer.o(i.setTimer)
    tlc59108_ONbuf                           0x0800a32c   Data          16  bsp_tlc59108.o(.constdata)
    tlc59108_OFFbuf                          0x0800a33c   Data          16  bsp_tlc59108.o(.constdata)
    Region$$Table$$Base                      0x0800a39c   Number         0  anon$$obj.o(Region$$Table)
    Region$$Table$$Limit                     0x0800a3bc   Number         0  anon$$obj.o(Region$$Table)
    DataBase                                 0x20000004   Data          60  database.o(.data)
    SystemCoreClock                          0x20000040   Data           4  system_stm32f10x.o(.data)
    AHBPrescTable                            0x20000044   Data          16  system_stm32f10x.o(.data)
    g_zeroErrTime                            0x20000054   Data           4  bsp_gpio.o(.data)
    g_pdErrTime                              0x20000058   Data           4  bsp_gpio.o(.data)
    g_OutChange                              0x2000005c   Data           1  bsp_gpio.o(.data)
    g_OutState                               0x2000005d   Data           1  bsp_gpio.o(.data)
    g_OutSet                                 0x2000005e   Data           1  bsp_gpio.o(.data)
    g_OutTime                                0x2000005f   Data           3  bsp_gpio.o(.data)
    SysTick_Count                            0x20000064   Data           4  bsp_systick.o(.data)
    last_time_set                            0x20000068   Data           4  bsp_timer.o(.data)
    timeRead                                 0x2000006c   Data           4  bsp_timer.o(.data)
    g_bspPledRunTask                         0x20000074   Data           2  bsp_tlc59108.o(.data)
    g_pledLockFlag                           0x20000076   Data           1  bsp_tlc59108.o(.data)
    g_pledLEDFlag                            0x20000077   Data           1  bsp_tlc59108.o(.data)
    g_keyModeFlag                            0x2000007c   Data           1  bsp_key.o(.data)
    g_LinghtFlage                            0x2000007d   Data           1  bsp_key.o(.data)
    g_shakeVal                               0x2000007e   Data           1  bsp_key.o(.data)
    g_IntervalTime                           0x20000080   Data           4  bsp_key.o(.data)
    Light                                    0x20000088   Data           4  bsp_analog.o(.data)
    LED                                      0x2000009c   Data           8  bsp_led.o(.data)
    ReBoot_OverTime                          0x200000a4   Data           2  protocol_xmodem.o(.data)
    g_updateFlag                             0x200000a6   Data           1  protocol_xmodem.o(.data)
    MY_ADDR                                  0x200000a7   Data           1  protocol_xmodem.o(.data)
    g_TxTimerID                              0x200000c8   Data           2  protocol_m1.o(.data)
    g_TxPacketCount                          0x200000ca   Data           2  protocol_m1.o(.data)
    g_TxErroCount                            0x200000cc   Data           2  protocol_m1.o(.data)
    g_HeartBeatErroTimer                     0x200000ce   Data           2  protocol_m1.o(.data)
    g_BusLockTime                            0x200000d0   Data           4  protocol_m1.o(.data)
    g_DeviceLineState                        0x200000d8   Data           1  protocol_m1_device.o(.data)
    g_Led1Timer                              0x200000da   Data           2  protocol_m1_device.o(.data)
    g_RegisterTimer                          0x200000dc   Data           2  protocol_m1_device.o(.data)
    g_HeartBeatTimer                         0x200000de   Data           2  protocol_m1_device.o(.data)
    g_SceneExe                               0x200000e0   Data          24  protocol_m1_scene.o(.data)
    total_sleep_time                         0x200000f8   Data           4  timer.o(.data)
    last_timer_raw                           0x200000fc   Data           2  timer.o(.data)
    tdcount                                  0x20000100   Data           4  timer.o(.data)
    __microlib_freelist                      0x20000104   Data           4  mvars.o(.data)
    __microlib_freelist_initialised          0x20000108   Data           4  mvars.o(.data)
    g_KeySet                                 0x20000144   Data         232  bsp_key.o(.bss)
    Pannel                                   0x20000267   Data          12  bsp_key.o(.bss)
    g_RcvMpacket                             0x200002d8   Data        1056  protocol_m1.o(.bss)
    g_TxMpacket                              0x200006f8   Data          20  protocol_m1.o(.bss)
    g_DeviceInfo                             0x20000b20   Data          20  protocol_m1_device.o(.bss)
    g_ChannelInfo                            0x20000b34   Data         212  protocol_m1_device.o(.bss)
    g_ChannelState                           0x20000c08   Data          18  protocol_m1_device.o(.bss)
    g_ChannelRunMode                         0x20000c1a   Data          24  protocol_m1_device.o(.bss)
    g_SceneList                              0x20000c32   Data        2410  protocol_m1_scene.o(.bss)
    g_SceneDataHead                          0x2000159c   Data          10  protocol_m1_scene.o(.bss)
    g_ConfigMApData                          0x200015a6   Data         256  configmap.o(.bss)
    timers                                   0x200016a8   Data         800  timer.o(.bss)
    __heap_base                              0x200019c8   Data           0  startup_stm32f10x_md.o(HEAP)
    __heap_limit                             0x200029c8   Data           0  startup_stm32f10x_md.o(HEAP)
    __initial_sp                             0x200033c8   Data           0  startup_stm32f10x_md.o(STACK)



==============================================================================

Memory Map of the image

  Image Entry point : 0x080040ed

  Load Region LR_IROM1 (Base: 0x08004000, Size: 0x000064c8, Max: 0x00010000, ABSOLUTE)

    Execution Region ER_IROM1 (Base: 0x08004000, Size: 0x000063bc, Max: 0x00010000, ABSOLUTE)

    Base Addr    Size         Type   Attr      Idx    E Section Name        Object

    0x08004000   0x000000ec   Data   RO         3485    RESET               startup_stm32f10x_md.o
    0x080040ec   0x00000000   Code   RO         5158  * .ARM.Collect$$$$00000000  mc_w.l(entry.o)
    0x080040ec   0x00000004   Code   RO         5195    .ARM.Collect$$$$00000001  mc_w.l(entry2.o)
    0x080040f0   0x00000004   Code   RO         5198    .ARM.Collect$$$$00000004  mc_w.l(entry5.o)
    0x080040f4   0x00000000   Code   RO         5200    .ARM.Collect$$$$00000008  mc_w.l(entry7b.o)
    0x080040f4   0x00000000   Code   RO         5202    .ARM.Collect$$$$0000000A  mc_w.l(entry8b.o)
    0x080040f4   0x00000008   Code   RO         5203    .ARM.Collect$$$$0000000B  mc_w.l(entry9a.o)
    0x080040fc   0x00000000   Code   RO         5205    .ARM.Collect$$$$0000000D  mc_w.l(entry10a.o)
    0x080040fc   0x00000000   Code   RO         5207    .ARM.Collect$$$$0000000F  mc_w.l(entry11a.o)
    0x080040fc   0x00000004   Code   RO         5196    .ARM.Collect$$$$00002712  mc_w.l(entry2.o)
    0x08004100   0x00000020   Code   RO         3426    .emb_text           core_cm3.o
    0x08004120   0x00000024   Code   RO         3486    .text               startup_stm32f10x_md.o
    0x08004144   0x00000024   Code   RO         5161    .text               mc_w.l(memcpya.o)
    0x08004168   0x00000024   Code   RO         5163    .text               mc_w.l(memseta.o)
    0x0800418c   0x00000024   Code   RO         5211    .text               mc_w.l(init.o)
    0x080041b0   0x0000009c   Code   RO         4336    i.ADC1_Configuration  bsp_analog.o
    0x0800424c   0x0000009c   Code   RO         4337    i.ADC2_Configuration  bsp_analog.o
    0x080042e8   0x00000016   Code   RO         1757    i.ADC_Cmd           stm32f10x_adc.o
    0x080042fe   0x00000016   Code   RO         1758    i.ADC_DMACmd        stm32f10x_adc.o
    0x08004314   0x00000014   Code   RO         1765    i.ADC_GetCalibrationStatus  stm32f10x_adc.o
    0x08004328   0x00000008   Code   RO         1766    i.ADC_GetConversionValue  stm32f10x_adc.o
    0x08004330   0x00000014   Code   RO         1771    i.ADC_GetResetCalibrationStatus  stm32f10x_adc.o
    0x08004344   0x00000050   Code   RO         1775    i.ADC_Init          stm32f10x_adc.o
    0x08004394   0x000000b8   Code   RO         1779    i.ADC_RegularChannelConfig  stm32f10x_adc.o
    0x0800444c   0x0000000a   Code   RO         1780    i.ADC_ResetCalibration  stm32f10x_adc.o
    0x08004456   0x00000016   Code   RO         1782    i.ADC_SoftwareStartConvCmd  stm32f10x_adc.o
    0x0800446c   0x0000000a   Code   RO         1784    i.ADC_StartCalibration  stm32f10x_adc.o
    0x08004476   0x00000002   PAD
    0x08004478   0x00000060   Code   RO         4339    i.AdcPro            bsp_analog.o
    0x080044d8   0x00000060   Code   RO         4177    i.BEEP_InitHard     bsp_beep.o
    0x08004538   0x00000018   Code   RO         4178    i.BEEP_KeyTone      bsp_beep.o
    0x08004550   0x000000d4   Code   RO         4179    i.BEEP_Pro          bsp_beep.o
    0x08004624   0x00000034   Code   RO         4180    i.BEEP_Start        bsp_beep.o
    0x08004658   0x0000000c   Code   RO         1985    i.BKP_TamperPinCmd  stm32f10x_bkp.o
    0x08004664   0x00000072   Code   RO         3860    i.BSP_24CXX_ReadMoreBytes  bsp_24cxx.o
    0x080046d6   0x0000005a   Code   RO         3862    i.BSP_24CXX_SequentialWrite  bsp_24cxx.o
    0x08004730   0x00000144   Code   RO         3863    i.BSP_24CXX_WriteMoreBytes  bsp_24cxx.o
    0x08004874   0x000001fc   Code   RO         3734    i.BSP_CAN_Init      bsp_can.o
    0x08004a70   0x00000038   Code   RO         3904    i.BSP_EEPROM_Load   bsp_eeprom.o
    0x08004aa8   0x0000001a   Code   RO         3905    i.BSP_EEPROM_Save   bsp_eeprom.o
    0x08004ac2   0x00000002   PAD
    0x08004ac4   0x00000188   Code   RO         3539    i.BSP_GPIO_Init     bsp_gpio.o
    0x08004c4c   0x0000002c   Code   RO         3540    i.BSP_GPIO_Rest     bsp_gpio.o
    0x08004c78   0x00000070   Code   RO         3541    i.BSP_GPIO_STATE    bsp_gpio.o
    0x08004ce8   0x00000018   Code   RO         3542    i.BSP_GpioZoroCount  bsp_gpio.o
    0x08004d00   0x00000024   Code   RO         3925    i.BSP_IIC_Ack       bsp_iic.o
    0x08004d24   0x00000080   Code   RO         3926    i.BSP_IIC_Init      bsp_iic.o
    0x08004da4   0x00000024   Code   RO         3927    i.BSP_IIC_NAck      bsp_iic.o
    0x08004dc8   0x00000048   Code   RO         3928    i.BSP_IIC_ReadByte  bsp_iic.o
    0x08004e10   0x00000046   Code   RO         3929    i.BSP_IIC_SendByte  bsp_iic.o
    0x08004e56   0x00000024   Code   RO         3930    i.BSP_IIC_Start     bsp_iic.o
    0x08004e7a   0x0000002a   Code   RO         3931    i.BSP_IIC_Stop      bsp_iic.o
    0x08004ea4   0x0000003e   Code   RO         3932    i.BSP_IIC_WaitAck   bsp_iic.o
    0x08004ee2   0x00000002   PAD
    0x08004ee4   0x000000c4   Code   RO         3543    i.BSP_IO_Poll       bsp_gpio.o
    0x08004fa8   0x00000038   Code   RO         3704    i.BSP_Init          bsp.o
    0x08004fe0   0x0000000c   Code   RO         4218    i.BSP_InitKey       bsp_key.o
    0x08004fec   0x000000c4   Code   RO         3544    i.BSP_OUT           bsp_gpio.o
    0x080050b0   0x00000044   Code   RO         3545    i.BSP_PdCheck       bsp_gpio.o
    0x080050f4   0x00000078   Code   RO         3767    i.BSP_SysTick_Init  bsp_systick.o
    0x0800516c   0x00000008   Code   RO         3805    i.BSP_TimerInit     bsp_timer.o
    0x08005174   0x0000001e   Code   RO         3705    i.BSP_WatchDog_Init  bsp.o
    0x08005192   0x00000008   Code   RO         3706    i.BSP_WatchDog_Reset  bsp.o
    0x0800519a   0x00000004   Code   RO          233    i.BusFault_Handler  stm32f10x_it.o
    0x0800519e   0x00000002   PAD
    0x080051a0   0x000000a8   Code   RO         2056    i.CAN_ClearITPendingBit  stm32f10x_can.o
    0x08005248   0x00000016   Code   RO         2057    i.CAN_DBGFreeze     stm32f10x_can.o
    0x0800525e   0x00000002   PAD
    0x08005260   0x00000038   Code   RO         2058    i.CAN_DeInit        stm32f10x_can.o
    0x08005298   0x00000108   Code   RO         2060    i.CAN_FilterInit    stm32f10x_can.o
    0x080053a0   0x0000004a   Code   RO         3735    i.CAN_Filter_Init   bsp_can.o
    0x080053ea   0x00000002   PAD
    0x080053ec   0x00000120   Code   RO         2062    i.CAN_GetITStatus   stm32f10x_can.o
    0x0800550c   0x00000012   Code   RO         2066    i.CAN_ITConfig      stm32f10x_can.o
    0x0800551e   0x00000114   Code   RO         2067    i.CAN_Init          stm32f10x_can.o
    0x08005632   0x00000018   Code   RO         4599    i.CAN_MSG_TO_USN32  protocol_m1.o
    0x0800564a   0x0000003e   Code   RO         3736    i.CAN_NVIC_Config   bsp_can.o
    0x08005688   0x000000f0   Code   RO         2070    i.CAN_Receive       stm32f10x_can.o
    0x08005778   0x0000006c   Code   RO         4494    i.CAN_Rx_Fast_Poll  canbus.o
    0x080057e4   0x0000003c   Code   RO         4495    i.CAN_Rx_Object_Popup  canbus.o
    0x08005820   0x00000024   Code   RO         4496    i.CAN_Rx_Object_Push  canbus.o
    0x08005844   0x00000020   Code   RO         4497    i.CAN_Rx_Objects_Init  canbus.o
    0x08005864   0x00000020   Code   RO         2073    i.CAN_StructInit    stm32f10x_can.o
    0x08005884   0x00000018   Code   RO         3737    i.CAN_TX_FIFO_Is_Empty  bsp_can.o
    0x0800589c   0x00000126   Code   RO         2075    i.CAN_Transmit      stm32f10x_can.o
    0x080059c2   0x00000002   PAD
    0x080059c4   0x0000000c   Code   RO         4498    i.CAN_Tx_Object_Flag_Set  canbus.o
    0x080059d0   0x00000054   Code   RO         4499    i.CAN_Tx_Object_Interrupt_Handler  canbus.o
    0x08005a24   0x00000010   Code   RO         4500    i.CAN_Tx_Object_Is_Empty  canbus.o
    0x08005a34   0x00000028   Code   RO         4501    i.CAN_Tx_Object_Popup  canbus.o
    0x08005a5c   0x000000b0   Code   RO         4502    i.CAN_Tx_Object_Push  canbus.o
    0x08005b0c   0x00000020   Code   RO         4503    i.CAN_Tx_Objects_Init  canbus.o
    0x08005b2c   0x00000024   Code   RO         2305    i.CRC_CalcBlockCRC  stm32f10x_crc.o
    0x08005b50   0x0000000c   Code   RO         2309    i.CRC_ResetDR       stm32f10x_crc.o
    0x08005b5c   0x0000002c   Code   RO         4504    i.CanBus_Init       canbus.o
    0x08005b88   0x00000018   Code   RO         4505    i.CanBus_Poll       canbus.o
    0x08005ba0   0x00000034   Code   RO            1    i.ChannelInfo_Init  database.o
    0x08005bd4   0x00000012   Code   RO         2078    i.CheckITStatus     stm32f10x_can.o
    0x08005be6   0x00000002   PAD
    0x08005be8   0x00000050   Code   RO         4600    i.Check_Bus_lock_State  protocol_m1.o
    0x08005c38   0x00000014   Code   RO         3933    i.Clr_IIC_SCL       bsp_iic.o
    0x08005c4c   0x00000014   Code   RO         3934    i.Clr_IIC_SDA       bsp_iic.o
    0x08005c60   0x00000010   Code   RO         3935    i.Clr_IIC_WP        bsp_iic.o
    0x08005c70   0x00000158   Code   RO         4898    i.ConfigMap_Init    configmap.o
    0x08005dc8   0x00000140   Code   RO         4899    i.ConfigMap_read    configmap.o
    0x08005f08   0x00000014   Code   RO         5015    i.Copy_To_Item      queue_list.o
    0x08005f1c   0x00000014   Code   RO         5016    i.Copy_To_Node      queue_list.o
    0x08005f30   0x0000001e   Code   RO         5017    i.Create_Queue      queue_list.o
    0x08005f4e   0x00000002   PAD
    0x08005f50   0x00000144   Code   RO            2    i.DataBase_Init     database.o
    0x08006094   0x00000048   Code   RO            3    i.DataBase_Load     database.o
    0x080060dc   0x00000060   Code   RO            4    i.DataBase_Load_Scenen  database.o
    0x0800613c   0x00000054   Code   RO            5    i.DataBase_Poll     database.o
    0x08006190   0x00000024   Code   RO            6    i.DataBase_Save     database.o
    0x080061b4   0x00000014   Code   RO            7    i.DataBase_SaveNow  database.o
    0x080061c8   0x00000048   Code   RO            8    i.DataBase_SaveNowByIndex  database.o
    0x08006210   0x0000007c   Code   RO            9    i.DataBase_SaveNow_ScenenList  database.o
    0x0800628c   0x00000050   Code   RO           10    i.DataBase_Save_Scenen  database.o
    0x080062dc   0x00000002   Code   RO          234    i.DebugMon_Handler  stm32f10x_it.o
    0x080062de   0x00000002   PAD
    0x080062e0   0x00000038   Code   RO         5115    i.DelAlarm          timer.o
    0x08006318   0x0000008c   Code   RO         4601    i.DeviceUser_Set    protocol_m1.o
    0x080063a4   0x00000044   Code   RO         4602    i.Device_ID_Check   protocol_m1.o
    0x080063e8   0x00000084   Code   RO         4784    i.Device_Init       protocol_m1_device.o
    0x0800646c   0x000000dc   Code   RO         3546    i.EXTI15_10_IRQHandler  bsp_gpio.o
    0x08006548   0x0000000c   Code   RO          771    i.EXTI_ClearITPendingBit  stm32f10x_exti.o
    0x08006554   0x00000028   Code   RO          775    i.EXTI_GetITStatus  stm32f10x_exti.o
    0x0800657c   0x0000003c   Code   RO         5019    i.Empty_Queue       queue_list.o
    0x080065b8   0x00000116   Code   RO          617    i.GPIO_Init         stm32f10x_gpio.o
    0x080066ce   0x00000002   PAD
    0x080066d0   0x00000090   Code   RO          619    i.GPIO_PinRemapConfig  stm32f10x_gpio.o
    0x08006760   0x00000012   Code   RO          621    i.GPIO_ReadInputDataBit  stm32f10x_gpio.o
    0x08006772   0x00000012   Code   RO          623    i.GPIO_ReadOutputDataBit  stm32f10x_gpio.o
    0x08006784   0x00000004   Code   RO          624    i.GPIO_ResetBits    stm32f10x_gpio.o
    0x08006788   0x00000004   Code   RO          625    i.GPIO_SetBits      stm32f10x_gpio.o
    0x0800678c   0x0000000a   Code   RO          628    i.GPIO_WriteBit     stm32f10x_gpio.o
    0x08006796   0x00000002   PAD
    0x08006798   0x0000000c   Code   RO         4340    i.GetADC            bsp_analog.o
    0x080067a4   0x0000001c   Code   RO         4959    i.GetChkSum         lib_userglobal.o
    0x080067c0   0x00000040   Code   RO         4961    i.Get_CRC8          lib_userglobal.o
    0x08006800   0x00000004   Code   RO          235    i.HardFault_Handler  stm32f10x_it.o
    0x08006804   0x00000010   Code   RO         2629    i.IWDG_Enable       stm32f10x_iwdg.o
    0x08006814   0x00000010   Code   RO         2631    i.IWDG_ReloadCounter  stm32f10x_iwdg.o
    0x08006824   0x0000000c   Code   RO         2632    i.IWDG_SetPrescaler  stm32f10x_iwdg.o
    0x08006830   0x0000000c   Code   RO         2633    i.IWDG_SetReload    stm32f10x_iwdg.o
    0x0800683c   0x0000000c   Code   RO         2634    i.IWDG_WriteAccessCmd  stm32f10x_iwdg.o
    0x08006848   0x000000a0   Code   RO         4603    i.Id_Set            protocol_m1.o
    0x080068e8   0x00000014   Code   RO         5020    i.Init_Queue        queue_list.o
    0x080068fc   0x00000018   Code   RO         4219    i.IsKeyDown1        bsp_key.o
    0x08006914   0x00000018   Code   RO         4220    i.IsKeyDown2        bsp_key.o
    0x0800692c   0x00000018   Code   RO         4221    i.IsKeyDown3        bsp_key.o
    0x08006944   0x00000028   Code   RO         3707    i.JumpToApplication  bsp.o
    0x0800696c   0x0000021c   Code   RO         4222    i.Key_Handle        bsp_key.o
    0x08006b88   0x0000002c   Code   RO         3549    i.LED1_Reversal     bsp_gpio.o
    0x08006bb4   0x00000074   Code   RO         4341    i.Light_Auto        bsp_analog.o
    0x08006c28   0x00000034   Code   RO         4604    i.M1_HeartBeatErro  protocol_m1.o
    0x08006c5c   0x0000005c   Code   RO         4785    i.Mac_Init          protocol_m1_device.o
    0x08006cb8   0x00000004   Code   RO          236    i.MemManage_Handler  stm32f10x_it.o
    0x08006cbc   0x00000002   Code   RO          237    i.NMI_Handler       stm32f10x_it.o
    0x08006cbe   0x0000002a   Code   RO         3806    i.NVIC_Configuration  bsp_timer.o
    0x08006ce8   0x00000070   Code   RO          731    i.NVIC_Init         misc.o
    0x08006d58   0x00000014   Code   RO          732    i.NVIC_PriorityGroupConfig  misc.o
    0x08006d6c   0x00000014   Code   RO          733    i.NVIC_SetVectorTable  misc.o
    0x08006d80   0x00000018   Code   RO         3550    i.OUT1_OFF          bsp_gpio.o
    0x08006d98   0x00000018   Code   RO         3551    i.OUT1_ON           bsp_gpio.o
    0x08006db0   0x00000018   Code   RO         3552    i.OUT1_REST         bsp_gpio.o
    0x08006dc8   0x0000001c   Code   RO         3553    i.OUT2_OFF          bsp_gpio.o
    0x08006de4   0x0000001c   Code   RO         3554    i.OUT2_ON           bsp_gpio.o
    0x08006e00   0x0000001c   Code   RO         3555    i.OUT2_REST         bsp_gpio.o
    0x08006e1c   0x0000001c   Code   RO         3556    i.OUT3_OFF          bsp_gpio.o
    0x08006e38   0x0000001c   Code   RO         3557    i.OUT3_ON           bsp_gpio.o
    0x08006e54   0x0000001c   Code   RO         3558    i.OUT3_REST         bsp_gpio.o
    0x08006e70   0x000000a4   Code   RO         4605    i.Online_Check      protocol_m1.o
    0x08006f14   0x0000003c   Code   RO         3559    i.Out_Handle        bsp_gpio.o
    0x08006f50   0x0000000c   Code   RO         2671    i.PWR_BackupAccessCmd  stm32f10x_pwr.o
    0x08006f5c   0x00000084   Code   RO         4607    i.Panel_Online_Check  protocol_m1.o
    0x08006fe0   0x00000002   Code   RO          238    i.PendSV_Handler    stm32f10x_it.o
    0x08006fe2   0x00000002   PAD
    0x08006fe4   0x00000064   Code   RO         4608    i.Protocol_Can_Rec_M  protocol_m1.o
    0x08007048   0x00000238   Code   RO         4609    i.Protocol_M1_Deal  protocol_m1.o
    0x08007280   0x000001f4   Code   RO         4786    i.Protocol_M1_Device_Set  protocol_m1_device.o
    0x08007474   0x000000f8   Code   RO         4787    i.Protocol_M1_Device_User_Set  protocol_m1_device.o
    0x0800756c   0x0000001c   Code   RO         4610    i.Protocol_M1_Init  protocol_m1.o
    0x08007588   0x00000070   Code   RO         4788    i.Protocol_M1_Key_Send  protocol_m1_device.o
    0x080075f8   0x00000054   Code   RO         4789    i.Protocol_M1_Key_Send_Number  protocol_m1_device.o
    0x0800764c   0x00000250   Code   RO         4790    i.Protocol_M1_Operation  protocol_m1_device.o
    0x0800789c   0x0000034c   Code   RO         4611    i.Protocol_M1_RecData  protocol_m1.o
    0x08007be8   0x00000060   Code   RO         4612    i.Protocol_M1_RecData_TimeOut  protocol_m1.o
    0x08007c48   0x0000009c   Code   RO         4613    i.Protocol_M1_SendData  protocol_m1.o
    0x08007ce4   0x0000020c   Code   RO         4614    i.Protocol_M1_Send_Next  protocol_m1.o
    0x08007ef0   0x00000044   Code   RO         4615    i.Protocol_M1_Send_TimeOut  protocol_m1.o
    0x08007f34   0x00000088   Code   RO         4791    i.Protocol_M1_State_ACK  protocol_m1_device.o
    0x08007fbc   0x0000000e   Code   RO         5024    i.Queue_Is_Empty    queue_list.o
    0x08007fca   0x00000012   Code   RO         5025    i.Queue_Is_Full     queue_list.o
    0x08007fdc   0x00000066   Code   RO         5026    i.Queue_Read        queue_list.o
    0x08008042   0x0000008c   Code   RO         5028    i.Queue_Write       queue_list.o
    0x080080ce   0x00000002   PAD
    0x080080d0   0x00000020   Code   RO          336    i.RCC_AHBPeriphClockCmd  stm32f10x_rcc.o
    0x080080f0   0x00000020   Code   RO          337    i.RCC_APB1PeriphClockCmd  stm32f10x_rcc.o
    0x08008110   0x00000020   Code   RO          338    i.RCC_APB1PeriphResetCmd  stm32f10x_rcc.o
    0x08008130   0x00000020   Code   RO          339    i.RCC_APB2PeriphClockCmd  stm32f10x_rcc.o
    0x08008150   0x00000020   Code   RO          340    i.RCC_APB2PeriphResetCmd  stm32f10x_rcc.o
    0x08008170   0x0000000c   Code   RO         3807    i.RCC_Configuration  bsp_timer.o
    0x0800817c   0x00000034   Code   RO          355    i.RCC_LSEConfig     stm32f10x_rcc.o
    0x080081b0   0x00000014   Code   RO         3936    i.READ_SDA          bsp_iic.o
    0x080081c4   0x000000b4   Code   RO         4616    i.Register_OK       protocol_m1.o
    0x08008278   0x00000028   Code   RO         5116    i.ResetAlarm        timer.o
    0x080082a0   0x0000001c   Code   RO         4792    i.RunDevice_ON      protocol_m1_device.o
    0x080082bc   0x0000001c   Code   RO         4793    i.RunScene_ON       protocol_m1_device.o
    0x080082d8   0x00000020   Code   RO         3937    i.SDA_IN            bsp_iic.o
    0x080082f8   0x00000024   Code   RO         3938    i.SDA_OUT           bsp_iic.o
    0x0800831c   0x00000002   Code   RO          239    i.SVC_Handler       stm32f10x_it.o
    0x0800831e   0x00000002   PAD
    0x08008320   0x00000034   Code   RO         4872    i.Scene_Exe_Channel  protocol_m1_scene.o
    0x08008354   0x00000138   Code   RO         4873    i.Scene_Operation   protocol_m1_scene.o
    0x0800848c   0x000001ec   Code   RO         4617    i.Scene_Set         protocol_m1.o
    0x08008678   0x0000005c   Code   RO         4618    i.Send_M1_HeartBeat  protocol_m1.o
    0x080086d4   0x0000007c   Code   RO         4619    i.Send_M1_Register  protocol_m1.o
    0x08008750   0x000000c8   Code   RO         5117    i.SetAlarm          timer.o
    0x08008818   0x00000008   Code   RO         3437    i.SetSysClock       system_stm32f10x.o
    0x08008820   0x000000e0   Code   RO         3438    i.SetSysClockTo72   system_stm32f10x.o
    0x08008900   0x00000068   Code   RO         4620    i.Set_Bus_lock_State  protocol_m1.o
    0x08008968   0x00000014   Code   RO         3939    i.Set_IIC_SCL       bsp_iic.o
    0x0800897c   0x00000014   Code   RO         3940    i.Set_IIC_SDA       bsp_iic.o
    0x08008990   0x00000038   Code   RO         3770    i.SysTick_Handler   bsp_systick.o
    0x080089c8   0x0000003c   Code   RO         4794    i.Sys_Run_State     protocol_m1_device.o
    0x08008a04   0x00000060   Code   RO         3440    i.SystemInit        system_stm32f10x.o
    0x08008a64   0x00000060   Code   RO         3808    i.TIM4_Configuration  bsp_timer.o
    0x08008ac4   0x00000058   Code   RO         3809    i.TIM4_IRQHandler   bsp_timer.o
    0x08008b1c   0x00000010   Code   RO         3810    i.TIM4_start        bsp_timer.o
    0x08008b2c   0x00000006   Code   RO         2831    i.TIM_ClearFlag     stm32f10x_tim.o
    0x08008b32   0x00000006   Code   RO         2832    i.TIM_ClearITPendingBit  stm32f10x_tim.o
    0x08008b38   0x00000018   Code   RO         2837    i.TIM_Cmd           stm32f10x_tim.o
    0x08008b50   0x000001e8   Code   RO         2842    i.TIM_DeInit        stm32f10x_tim.o
    0x08008d38   0x00000006   Code   RO         2856    i.TIM_GetCounter    stm32f10x_tim.o
    0x08008d3e   0x00000022   Code   RO         2858    i.TIM_GetITStatus   stm32f10x_tim.o
    0x08008d60   0x00000012   Code   RO         2862    i.TIM_ITConfig      stm32f10x_tim.o
    0x08008d72   0x00000004   Code   RO         2896    i.TIM_SetAutoreload  stm32f10x_tim.o
    0x08008d76   0x00000002   PAD
    0x08008d78   0x000000a4   Code   RO         2908    i.TIM_TimeBaseInit  stm32f10x_tim.o
    0x08008e1c   0x0000005c   Code   RO         4034    i.TLC59108_I2C_RecAck  bsp_tlc59108.o
    0x08008e78   0x00000040   Code   RO         4035    i.TLC59108_I2C_SDA_IO_SET  bsp_tlc59108.o
    0x08008eb8   0x00000038   Code   RO         4036    i.TLC59108_I2C_Start  bsp_tlc59108.o
    0x08008ef0   0x00000038   Code   RO         4037    i.TLC59108_I2C_Stop  bsp_tlc59108.o
    0x08008f28   0x00000050   Code   RO         4038    i.TLC59108_I2C_wbyte  bsp_tlc59108.o
    0x08008f78   0x00000048   Code   RO         4039    i.TLC59108_OutRefresh  bsp_tlc59108.o
    0x08008fc0   0x0000002c   Code   RO         4041    i.TLC59108_SetAllLed_Brightness  bsp_tlc59108.o
    0x08008fec   0x00000010   Code   RO         4044    i.TLC59108_delay_nop  bsp_tlc59108.o
    0x08008ffc   0x000000a0   Code   RO         4045    i.TLC59108_reset    bsp_tlc59108.o
    0x0800909c   0x000000d0   Code   RO         5118    i.TimeDispatch      timer.o
    0x0800916c   0x00000020   Code   RO          240    i.USB_HP_CAN1_TX_IRQHandler  stm32f10x_it.o
    0x0800918c   0x00000050   Code   RO          241    i.USB_LP_CAN1_RX0_IRQHandler  stm32f10x_it.o
    0x080091dc   0x00000004   Code   RO          242    i.UsageFault_Handler  stm32f10x_it.o
    0x080091e0   0x0000000e   Code   RO         5215    i.__scatterload_copy  mc_w.l(handlers.o)
    0x080091ee   0x00000002   Code   RO         5216    i.__scatterload_null  mc_w.l(handlers.o)
    0x080091f0   0x0000000e   Code   RO         5217    i.__scatterload_zeroinit  mc_w.l(handlers.o)
    0x080091fe   0x00000002   PAD
    0x08009200   0x00000010   Code   RO         4223    i.bsp_ClearKey      bsp_key.o
    0x08009210   0x000000d8   Code   RO         4224    i.bsp_DetectKey     bsp_key.o
    0x080092e8   0x00000034   Code   RO         4225    i.bsp_GetKey        bsp_key.o
    0x0800931c   0x00000030   Code   RO         4342    i.bsp_InitAnalog    bsp_analog.o
    0x0800934c   0x00000078   Code   RO         4228    i.bsp_InitKeyHard   bsp_key.o
    0x080093c4   0x00000068   Code   RO         4229    i.bsp_InitKeyVar    bsp_key.o
    0x0800942c   0x0000007c   Code   RO         4395    i.bsp_InitLed       bsp_led.o
    0x080094a8   0x00000016   Code   RO         4230    i.bsp_KeyScan       bsp_key.o
    0x080094be   0x00000002   PAD
    0x080094c0   0x00000014   Code   RO         4398    i.bsp_LedOn         bsp_led.o
    0x080094d4   0x00000020   Code   RO         4231    i.bsp_PutKey        bsp_key.o
    0x080094f4   0x0000001c   Code   RO         4232    i.bsp_SetKeyMode    bsp_key.o
    0x08009510   0x00000044   Code   RO         4234    i.bsp_SetLinghtMode  bsp_key.o
    0x08009554   0x00000030   Code   RO         4046    i.bsp_pled_LED_mode  bsp_tlc59108.o
    0x08009584   0x00000014   Code   RO         4048    i.bsp_pled_brightness_adj  bsp_tlc59108.o
    0x08009598   0x00000024   Code   RO         4049    i.bsp_pled_brightness_set  bsp_tlc59108.o
    0x080095bc   0x00000050   Code   RO         4050    i.bsp_pled_flash    bsp_tlc59108.o
    0x0800960c   0x00000070   Code   RO         4051    i.bsp_pled_flash_lock_mode  bsp_tlc59108.o
    0x0800967c   0x00000074   Code   RO         4052    i.bsp_pled_flash_run_mode  bsp_tlc59108.o
    0x080096f0   0x000001bc   Code   RO         4054    i.bsp_pled_run      bsp_tlc59108.o
    0x080098ac   0x00000034   Code   RO         4621    i.check_state       protocol_m1.o
    0x080098e0   0x0000008c   Code   RO         4622    i.check_type        protocol_m1.o
    0x0800996c   0x000000a4   Code   RO           11    i.clear_all_data    database.o
    0x08009a10   0x00000018   Code   RO         4934    i.delay_ms          lib_blockdelay.o
    0x08009a28   0x0000002c   Code   RO         4936    i.delay_us          lib_blockdelay.o
    0x08009a54   0x0000008c   Code   RO         4623    i.device_set        protocol_m1.o
    0x08009ae0   0x00000050   Code   RO         5167    i.free              mc_w.l(malloc.o)
    0x08009b30   0x00000014   Code   RO         3811    i.getElapsedTime    bsp_timer.o
    0x08009b44   0x00000600   Code   RO         4235    i.key_Pool          bsp_key.o
    0x0800a144   0x00000034   Code   RO          317    i.main              main.o
    0x0800a178   0x0000006c   Code   RO         5168    i.malloc            mc_w.l(malloc.o)
    0x0800a1e4   0x00000098   Code   RO         4624    i.operation_device  protocol_m1.o
    0x0800a27c   0x0000000e   Code   RO         4625    i.run_to_boot       protocol_m1.o
    0x0800a28a   0x00000002   PAD
    0x0800a28c   0x00000074   Code   RO         4626    i.scene_del         protocol_m1.o
    0x0800a300   0x0000002c   Code   RO         3812    i.setTimer          bsp_timer.o
    0x0800a32c   0x00000020   Data   RO         4056    .constdata          bsp_tlc59108.o
    0x0800a34c   0x00000050   Data   RO         4628    .constdata          protocol_m1.o
    0x0800a39c   0x00000020   Data   RO         5213    Region$$Table       anon$$obj.o


    Execution Region RW_IRAM1 (Base: 0x20000000, Size: 0x000033c8, Max: 0x00005000, ABSOLUTE)

    Base Addr    Size         Type   Attr      Idx    E Section Name        Object

    0x20000000   0x00000040   Data   RW           12    .data               database.o
    0x20000040   0x00000014   Data   RW         3441    .data               system_stm32f10x.o
    0x20000054   0x0000000e   Data   RW         3560    .data               bsp_gpio.o
    0x20000062   0x00000002   PAD
    0x20000064   0x00000004   Data   RW         3771    .data               bsp_systick.o
    0x20000068   0x00000008   Data   RW         3813    .data               bsp_timer.o
    0x20000070   0x0000000c   Data   RW         4057    .data               bsp_tlc59108.o
    0x2000007c   0x00000009   Data   RW         4237    .data               bsp_key.o
    0x20000085   0x00000003   PAD
    0x20000088   0x00000014   Data   RW         4344    .data               bsp_analog.o
    0x2000009c   0x00000008   Data   RW         4401    .data               bsp_led.o
    0x200000a4   0x00000014   Data   RW         4451    .data               protocol_xmodem.o
    0x200000b8   0x00000010   Data   RW         4508    .data               canbus.o
    0x200000c8   0x00000010   Data   RW         4629    .data               protocol_m1.o
    0x200000d8   0x00000008   Data   RW         4796    .data               protocol_m1_device.o
    0x200000e0   0x00000018   Data   RW         4875    .data               protocol_m1_scene.o
    0x200000f8   0x0000000c   Data   RW         5121    .data               timer.o
    0x20000104   0x00000004   Data   RW         5209    .data               mc_w.l(mvars.o)
    0x20000108   0x00000004   Data   RW         5210    .data               mc_w.l(mvars.o)
    0x2000010c   0x00000014   Zero   RW          243    .bss                stm32f10x_it.o
    0x20000120   0x00000018   Zero   RW         4055    .bss                bsp_tlc59108.o
    0x20000138   0x0000000c   Zero   RW         4182    .bss                bsp_beep.o
    0x20000144   0x0000012f   Zero   RW         4236    .bss                bsp_key.o
    0x20000273   0x00000001   PAD
    0x20000274   0x0000003c   Zero   RW         4343    .bss                bsp_analog.o
    0x200002b0   0x00000028   Zero   RW         4507    .bss                canbus.o
    0x200002d8   0x00000846   Zero   RW         4627    .bss                protocol_m1.o
    0x20000b1e   0x00000002   PAD
    0x20000b20   0x00000112   Zero   RW         4795    .bss                protocol_m1_device.o
    0x20000c32   0x00000974   Zero   RW         4874    .bss                protocol_m1_scene.o
    0x200015a6   0x00000100   Zero   RW         4901    .bss                configmap.o
    0x200016a6   0x00000002   PAD
    0x200016a8   0x00000320   Zero   RW         5120    .bss                timer.o
    0x200019c8   0x00001000   Zero   RW         3484    HEAP                startup_stm32f10x_md.o
    0x200029c8   0x00000a00   Zero   RW         3483    STACK               startup_stm32f10x_md.o


==============================================================================

Image component sizes


      Code (inc. data)   RO Data    RW Data    ZI Data      Debug   Object Name

       134         12          0          0          0       2580   bsp.o
       528          0          0          0          0       2569   bsp_24cxx.o
       584         50          0         20         60       5791   bsp_analog.o
       384         22          0          0         12       3179   bsp_beep.o
       668         12          0          0          0       3998   bsp_can.o
        82          4          0          0          0       1388   bsp_eeprom.o
      1596        152          0         14          0      11928   bsp_gpio.o
       666         50          0          0          0       8714   bsp_iic.o
      2818        166          0          9        303      13694   bsp_key.o
       144         14          0          8          0       2048   bsp_led.o
       176         26          0          4          0      16796   bsp_systick.o
       326         32          0          8          0       4520   bsp_timer.o
      1496        162         32         12         24      11865   bsp_tlc59108.o
       664         76          0         16         40      11368   canbus.o
       664         94          0          0        256       3716   configmap.o
        32          0          0          0          0        676   core_cm3.o
      1124        104          0         64          0     264612   database.o
        68         10          0          0          0       1146   lib_blockdelay.o
        92          0          0          0          0       1383   lib_userglobal.o
        52          0          0          0          0        511   main.o
       152         30          0          0          0       4405   misc.o
      4810        330         80         16       2118      22417   protocol_m1.o
      2012        126          0          8        274      11686   protocol_m1_device.o
       364         22          0         24       2420       3203   protocol_m1_scene.o
         0          0          0         20          0       2646   protocol_xmodem.o
       424          0          0          0          0       8681   queue_list.o
        36          8        236          0       6656        952   startup_stm32f10x_md.o
       398         10          0          0          0      18314   stm32f10x_adc.o
        12          6          0          0          0        607   stm32f10x_bkp.o
      1676         22          0          0          0      17648   stm32f10x_can.o
        48          8          0          0          0       1765   stm32f10x_crc.o
        52         12          0          0          0       1324   stm32f10x_exti.o
       476          6          0          0          0      15095   stm32f10x_gpio.o
       136         12          0          0         20       5073   stm32f10x_it.o
        68         30          0          0          0       2994   stm32f10x_iwdg.o
        12          6          0          0          0        614   stm32f10x_pwr.o
       212         36          0          0          0     205932   stm32f10x_rcc.o
       750        106          0          0          0      27552   stm32f10x_tim.o
       328         28          0         20          0      10821   system_stm32f10x.o
       504         40          0         12        800       4835   timer.o

    ----------------------------------------------------------------------
     24804       1824        380        260      12988     739046   Object Totals
         0          0         32          0          0          0   (incl. Generated)
        36          0          0          5          5          0   (incl. Padding)

    ----------------------------------------------------------------------

      Code (inc. data)   RO Data    RW Data    ZI Data      Debug   Library Member Name

         0          0          0          0          0          0   entry.o
         0          0          0          0          0          0   entry10a.o
         0          0          0          0          0          0   entry11a.o
         8          4          0          0          0          0   entry2.o
         4          0          0          0          0          0   entry5.o
         0          0          0          0          0          0   entry7b.o
         0          0          0          0          0          0   entry8b.o
         8          4          0          0          0          0   entry9a.o
        30          0          0          0          0          0   handlers.o
        36          8          0          0          0         68   init.o
       188         20          0          0          0        160   malloc.o
        36          0          0          0          0         68   memcpya.o
        36          0          0          0          0        108   memseta.o
         0          0          0          8          0          0   mvars.o

    ----------------------------------------------------------------------
       348         36          0          8          0        404   Library Totals
         2          0          0          0          0          0   (incl. Padding)

    ----------------------------------------------------------------------

      Code (inc. data)   RO Data    RW Data    ZI Data      Debug   Library Name

       346         36          0          8          0        404   mc_w.l

    ----------------------------------------------------------------------
       348         36          0          8          0        404   Library Totals

    ----------------------------------------------------------------------

==============================================================================


      Code (inc. data)   RO Data    RW Data    ZI Data      Debug   

     25152       1860        380        268      12988     726394   Grand Totals
     25152       1860        380        268      12988     726394   ELF Image Totals
     25152       1860        380        268          0          0   ROM Totals

==============================================================================

    Total RO  Size (Code + RO Data)                25532 (  24.93kB)
    Total RW  Size (RW Data + ZI Data)             13256 (  12.95kB)
    Total ROM Size (Code + RO Data + RW Data)      25800 (  25.20kB)

==============================================================================

